Archive member included to satisfy reference by file (symbol)

f:/code/Fanciol_Ctl/SRC/StdPeriphDriver\libISP583.a(ISP583.o)
                              ./StdPeriphDriver/CH58x_flash.o (FLASH_EEPROM_CMD)
f:/code/Fanciol_Ctl/BLE/LIB\libCH58xBLE.a(message.o)
                              ./HAL/MCU.o (tmos_msg_deallocate)
f:/code/Fanciol_Ctl/BLE/LIB\libCH58xBLE.a(tmos.o)
                              ./Profile/OTAprofile.o (tmos_memcpy)
f:/code/Fanciol_Ctl/BLE/LIB\libCH58xBLE.a(tmos_hw.o)
                              ./HAL/RTC.o (TMOS_TimerInit)
f:/code/Fanciol_Ctl/BLE/LIB\libCH58xBLE.a(tmos_snv.o)
                              f:/code/Fanciol_Ctl/BLE/LIB\libCH58xBLE.a(tmos.o) (tmos_snv_init)
f:/code/Fanciol_Ctl/BLE/LIB\libCH58xBLE.a(gap.o)
                              ./APP/peripheral.o (GAP_SetParamValue)
f:/code/Fanciol_Ctl/BLE/LIB\libCH58xBLE.a(gap_central.o)
                              f:/code/Fanciol_Ctl/BLE/LIB\libCH58xBLE.a(gap.o) (gapProcessPeriodicAdvertisingSyncEstablishedEvt)
f:/code/Fanciol_Ctl/BLE/LIB\libCH58xBLE.a(gap_peripheral.o)
                              f:/code/Fanciol_Ctl/BLE/LIB\libCH58xBLE.a(gap.o) (GAP_PeripheralParamInit)
f:/code/Fanciol_Ctl/BLE/LIB\libCH58xBLE.a(gapgattserver.o)
                              ./APP/peripheral.o (GGS_SetParameter)
f:/code/Fanciol_Ctl/BLE/LIB\libCH58xBLE.a(gatt_uuid.o)
                              f:/code/Fanciol_Ctl/BLE/LIB\libCH58xBLE.a(gapgattserver.o) (centAddrResUUID)
f:/code/Fanciol_Ctl/BLE/LIB\libCH58xBLE.a(gattservapp.o)
                              ./Profile/gattprofile.o (GATTServApp_ProcessCCCWriteReq)
f:/code/Fanciol_Ctl/BLE/LIB\libCH58xBLE.a(l2cap.o)
                              f:/code/Fanciol_Ctl/BLE/LIB\libCH58xBLE.a(gattservapp.o) (L2CAP_GetMTU)
f:/code/Fanciol_Ctl/BLE/LIB\libCH58xBLE.a(l2cap_input.o)
                              f:/code/Fanciol_Ctl/BLE/LIB\libCH58xBLE.a(l2cap.o) (l2capProcessRxData)
f:/code/Fanciol_Ctl/BLE/LIB\libCH58xBLE.a(l2cap_output.o)
                              f:/code/Fanciol_Ctl/BLE/LIB\libCH58xBLE.a(l2cap_input.o) (l2capNotifyData)
f:/code/Fanciol_Ctl/BLE/LIB\libCH58xBLE.a(l2cap_sdu.o)
                              f:/code/Fanciol_Ctl/BLE/LIB\libCH58xBLE.a(l2cap_input.o) (l2capBuildDisconnectRsp)
f:/code/Fanciol_Ctl/BLE/LIB\libCH58xBLE.a(linkdb.o)
                              f:/code/Fanciol_Ctl/BLE/LIB\libCH58xBLE.a(l2cap.o) (linkDB_Init)
f:/code/Fanciol_Ctl/BLE/LIB\libCH58xBLE.a(sm.o)
                              f:/code/Fanciol_Ctl/BLE/LIB\libCH58xBLE.a(gap.o) (smFreePairingParams)
f:/code/Fanciol_Ctl/BLE/LIB\libCH58xBLE.a(sm_initiator.o)
                              f:/code/Fanciol_Ctl/BLE/LIB\libCH58xBLE.a(sm.o) (smInitiatorSendNextKeyInfo)
f:/code/Fanciol_Ctl/BLE/LIB\libCH58xBLE.a(sm_pdu.o)
                              f:/code/Fanciol_Ctl/BLE/LIB\libCH58xBLE.a(sm.o) (smpBuildPairingReq)
f:/code/Fanciol_Ctl/BLE/LIB\libCH58xBLE.a(sm_responding.o)
                              f:/code/Fanciol_Ctl/BLE/LIB\libCH58xBLE.a(sm.o) (smResponderSendNextKeyInfo)
f:/code/Fanciol_Ctl/BLE/LIB\libCH58xBLE.a(sm_toolbox.o)
                              f:/code/Fanciol_Ctl/BLE/LIB\libCH58xBLE.a(sm.o) (sm_ah)
f:/code/Fanciol_Ctl/BLE/LIB\libCH58xBLE.a(host_input.o)
                              f:/code/Fanciol_Ctl/BLE/LIB\libCH58xBLE.a(gap.o) (gBleHostPara)
f:/code/Fanciol_Ctl/BLE/LIB\libCH58xBLE.a(host_output.o)
                              f:/code/Fanciol_Ctl/BLE/LIB\libCH58xBLE.a(gap.o) (HCI_DisconnectCmd)
f:/code/Fanciol_Ctl/BLE/LIB\libCH58xBLE.a(ll_master.o)
                              f:/code/Fanciol_Ctl/BLE/LIB\libCH58xBLE.a(gap_central.o) (LL_SetDataSendPriority)
f:/code/Fanciol_Ctl/BLE/LIB\libCH58xBLE.a(ll_pdu.o)
                              f:/code/Fanciol_Ctl/BLE/LIB\libCH58xBLE.a(ll_master.o) (LL_ConnectionUpdateInd)
f:/code/Fanciol_Ctl/BLE/LIB\libCH58xBLE.a(ll_scan.o)
                              f:/code/Fanciol_Ctl/BLE/LIB\libCH58xBLE.a(ll_master.o) (LL_ScanEnable)
f:/code/Fanciol_Ctl/BLE/LIB\libCH58xBLE.a(ll_sync.o)
                              f:/code/Fanciol_Ctl/BLE/LIB\libCH58xBLE.a(ll_scan.o) (debug_periodic_tmp)
f:/code/Fanciol_Ctl/BLE/LIB\libCH58xBLE.a(ll_whitelist.o)
                              f:/code/Fanciol_Ctl/BLE/LIB\libCH58xBLE.a(ll_scan.o) (LL_WhitelistLookup)
f:/code/Fanciol_Ctl/BLE/LIB\libCH58xBLE.a(aes.o)
                              f:/code/Fanciol_Ctl/BLE/LIB\libCH58xBLE.a(sm_responding.o) (LL_Encrypt)
f:/code/Fanciol_Ctl/BLE/LIB\libCH58xBLE.a(bb.o)
                              f:/code/Fanciol_Ctl/BLE/LIB\libCH58xBLE.a(tmos.o) (BB_DevInit)
f:/code/Fanciol_Ctl/BLE/LIB\libCH58xBLE.a(ip.o)
                              f:/code/Fanciol_Ctl/BLE/LIB\libCH58xBLE.a(tmos.o) (ll_rx_wait_finish)
f:/code/Fanciol_Ctl/BLE/LIB\libCH58xBLE.a(lle.o)
                              f:/code/Fanciol_Ctl/BLE/LIB\libCH58xBLE.a(tmos.o) (LLE_DevInit)
f:/code/Fanciol_Ctl/BLE/LIB\libCH58xBLE.a(rf_fh.o)
                              f:/code/Fanciol_Ctl/BLE/LIB\libCH58xBLE.a(ip.o) (RF_Rx)
[...]
Memory Configuration

Name             Origin             Length             Attributes
FLASH            0x0000000000001000 0x0000000000036000 xr
RAM              0x0000000020000000 0x0000000000008000 xrw
*default*        0x0000000000000000 0xffffffffffffffff

Linker script and memory map

LOAD ./StdPeriphDriver/CH58x_adc.o
LOAD ./StdPeriphDriver/CH58x_clk.o
LOAD ./StdPeriphDriver/CH58x_flash.o
LOAD ./StdPeriphDriver/CH58x_gpio.o
LOAD ./StdPeriphDriver/CH58x_i2c.o
LOAD ./StdPeriphDriver/CH58x_pwm.o
LOAD ./StdPeriphDriver/CH58x_pwr.o
LOAD ./StdPeriphDriver/CH58x_spi0.o
LOAD ./StdPeriphDriver/CH58x_spi1.o
LOAD ./StdPeriphDriver/CH58x_sys.o
LOAD ./StdPeriphDriver/CH58x_timer0.o
LOAD ./StdPeriphDriver/CH58x_timer1.o
LOAD ./StdPeriphDriver/CH58x_timer2.o
LOAD ./StdPeriphDriver/CH58x_timer3.o
LOAD ./StdPeriphDriver/CH58x_uart0.o
LOAD ./StdPeriphDriver/CH58x_uart1.o
LOAD ./StdPeriphDriver/CH58x_uart2.o
LOAD ./StdPeriphDriver/CH58x_uart3.o
LOAD ./StdPeriphDriver/CH58x_usb2dev.o
LOAD ./StdPeriphDriver/CH58x_usb2hostBase.o
LOAD ./StdPeriphDriver/CH58x_usb2hostClass.o
LOAD ./StdPeriphDriver/CH58x_usbdev.o
LOAD ./StdPeriphDriver/CH58x_usbhostBase.o
LOAD ./StdPeriphDriver/CH58x_usbhostClass.o
LOAD ./Startup/startup_CH583.o
LOAD ./RVMSIS/core_riscv.o
LOAD ./Profile/OTAprofile.o
LOAD ./Profile/devinfoservice.o
LOAD ./Profile/gattprofile.o
LOAD ./HAL/MCU.o
LOAD ./HAL/RTC.o
LOAD ./HAL/SLEEP.o
LOAD ./APP/peripheral.o
LOAD ./APP/peripheral_main.o
LOAD f:/code/Fanciol_Ctl/SRC/StdPeriphDriver\libISP583.a
LOAD f:/code/Fanciol_Ctl/BLE/LIB\libCH58xBLE.a
LOAD e:/mounriver/mounriver_studio2/resources/app/resources/win32/components/wch/toolchain/risc-v embedded gcc/bin/../lib/gcc/riscv-none-embed/8.2.0/../../../../riscv-none-embed/lib/rv32imac/ilp32\libm.a
LOAD e:/mounriver/mounriver_studio2/resources/app/resources/win32/components/wch/toolchain/risc-v embedded gcc/bin/../lib/gcc/riscv-none-embed/8.2.0/rv32imac/ilp32\libgcc.a
LOAD e:/mounriver/mounriver_studio2/resources/app/resources/win32/components/wch/toolchain/risc-v embedded gcc/bin/../lib/gcc/riscv-none-embed/8.2.0/../../../../riscv-none-embed/lib/rv32imac/ilp32\libg_nano.a
LOAD e:/mounriver/mounriver_studio2/resources/app/resources/win32/components/wch/toolchain/risc-v embedded gcc/bin/../lib/gcc/riscv-none-embed/8.2.0/../../../../riscv-none-embed/lib/rv32imac/ilp32\libc_nano.a
LOAD e:/mounriver/mounriver_studio2/resources/app/resources/win32/components/wch/toolchain/risc-v embedded gcc/bin/../lib/gcc/riscv-none-embed/8.2.0/rv32imac/ilp32\libgcc.a
START GROUP
LOAD e:/mounriver/mounriver_studio2/resources/app/resources/win32/components/wch/toolchain/risc-v embedded gcc/bin/../lib/gcc/riscv-none-embed/8.2.0/rv32imac/ilp32\libgcc.a
LOAD e:/mounriver/mounriver_studio2/resources/app/resources/win32/components/wch/toolchain/risc-v embedded gcc/bin/../lib/gcc/riscv-none-embed/8.2.0/../../../../riscv-none-embed/lib/rv32imac/ilp32\libc_nano.a
LOAD e:/mounriver/mounriver_studio2/resources/app/resources/win32/components/wch/toolchain/risc-v embedded gcc/bin/../lib/gcc/riscv-none-embed/8.2.0/../../../../riscv-none-embed/lib/rv32imac/ilp32\libnosys.a
END GROUP
START GROUP
LOAD e:/mounriver/mounriver_studio2/resources/app/resources/win32/components/wch/toolchain/risc-v embedded gcc/bin/../lib/gcc/riscv-none-embed/8.2.0/rv32imac/ilp32\libgcc.a
LOAD e:/mounriver/mounriver_studio2/resources/app/resources/win32/components/wch/toolchain/risc-v embedded gcc/bin/../lib/gcc/riscv-none-embed/8.2.0/../../../../riscv-none-embed/lib/rv32imac/ilp32\libc_nano.a
LOAD e:/mounriver/mounriver_studio2/resources/app/resources/win32/components/wch/toolchain/risc-v embedded gcc/bin/../lib/gcc/riscv-none-embed/8.2.0/../../../../riscv-none-embed/lib/rv32imac/ilp32\libnosys.a
END GROUP
                0x0000000000000200                __stack_size = 0x200
                [!provide]                        PROVIDE (_stack_size = __stack_size)

.init           0x0000000000001000        0x8
                0x0000000000001000                _sinit = .
                0x0000000000001000                . = ALIGN (0x4)
 *(SORT_NONE(.init))
 .init          0x0000000000001000        0x4 ./Startup/startup_CH583.o
                0x0000000000001000                _start
 *(.ImageFlag)
 .ImageFlag     0x0000000000001004        0x4 ./APP/peripheral_main.o
                0x0000000000001004                Image_Flag
 *(.ImageFlag.*)
                0x0000000000001008                . = ALIGN (0x4)
                0x0000000000001008                _einit = .

.highcodelalign
                0x0000000000001008        0x0
                0x0000000000001008                . = ALIGN (0x4)
                0x0000000000001008                PROVIDE (_highcode_lma = .)

.highcode       0x0000000020000000     0x204c load address 0x0000000000001008
                0x0000000020000000                . = ALIGN (0x4)
                0x0000000020000000                PROVIDE (_highcode_vma_start = .)
 *(.vector)
 .vector        0x0000000020000000       0x90 ./Startup/startup_CH583.o
 *(SORT_NONE(.vector_handler))
 .vector_handler
                0x0000000020000090       0x36 ./Startup/startup_CH583.o
                0x0000000020000090                NMI_Handler
                0x0000000020000094                Ecall_M_Mode_Handler
                0x0000000020000096                Ecall_U_Mode_Handler
                0x0000000020000098                Break_Point_Handler
                0x000000002000009a                SysTick_Handler
                0x000000002000009c                SW_Handler
                0x000000002000009e                TMR0_IRQHandler
                0x00000000200000a0                GPIOA_IRQHandler
                0x00000000200000a2                GPIOB_IRQHandler
                0x00000000200000a4                SPI0_IRQHandler
                0x00000000200000a6                BB_IRQHandler
                0x00000000200000a8                LLE_IRQHandler
                0x00000000200000aa                USB_IRQHandler
                0x00000000200000ac                USB2_IRQHandler
                0x00000000200000ae                TMR1_IRQHandler
                0x00000000200000b0                TMR2_IRQHandler
                0x00000000200000b2                UART0_IRQHandler
                0x00000000200000b4                UART1_IRQHandler
                0x00000000200000b8                ADC_IRQHandler
                0x00000000200000ba                I2C_IRQHandler
                0x00000000200000bc                PWMX_IRQHandler
                0x00000000200000be                TMR3_IRQHandler
                0x00000000200000c0                UART2_IRQHandler
                0x00000000200000c2                UART3_IRQHandler
                0x00000000200000c4                WDOG_BAT_IRQHandler
 *(.highcode)
 .highcode      0x00000000200000c6      0x4ec ./StdPeriphDriver/CH58x_sys.o
                0x00000000200000c6                SetSysClock
                0x000000002000044c                SYS_ResetExecute
                0x00000000200004be                HardFault_Handler
                0x000000002000057c                mDelayuS
                0x000000002000058a                mDelaymS
 .highcode      0x00000000200005b2       0x16 ./HAL/RTC.o
                0x00000000200005b2                RTC_IRQHandler
 .highcode      0x00000000200005c8        0x8 ./APP/peripheral_main.o
                0x00000000200005c8                Main_Circulation
 .highcode      0x00000000200005d0      0x426 f:/code/Fanciol_Ctl/SRC/StdPeriphDriver\libISP583.a(ISP583.o)
                0x00000000200005d0                FLASH_ROM_BEG
                0x00000000200005e2                FLASH_ROM_END
                0x00000000200005f0                FLASH_ROM_IN
                0x00000000200005fe                FLASH_ROM_OUT
                0x000000002000060c                FLASH_ROM_ADDR
                0x0000000020000654                FLASH_ROM_WAIT
                0x000000002000068c                FLASH_EEPROM_CMD
 .highcode      0x00000000200009f6      0x40c f:/code/Fanciol_Ctl/BLE/LIB\libCH58xBLE.a(tmos.o)
                0x00000000200009f6                tmos_memcpy
                0x0000000020000a16                tmos_memcpy_word
                0x0000000020000a2e                tmos_memset
                0x0000000020000a40                tmos_strlen
                0x0000000020000a54                tmos_memdup
                0x0000000020000a86                tmos_memcmp
                0x0000000020000ab4                tmos_revmemcpy
                0x0000000020000ad0                tmos_isbufset
                0x0000000020000af2                tmos_proces_system_time
                0x0000000020000c26                TMOS_SystemProcess
 .highcode      0x0000000020000e02       0x50 f:/code/Fanciol_Ctl/BLE/LIB\libCH58xBLE.a(tmos_hw.o)
                0x0000000020000e4c                TMOS_TimerIRQHandler
 .highcode      0x0000000020000e52       0x4e f:/code/Fanciol_Ctl/BLE/LIB\libCH58xBLE.a(ll_whitelist.o)
                0x0000000020000e52                LL_WhitelistLookup
 .highcode      0x0000000020000ea0      0x1b2 f:/code/Fanciol_Ctl/BLE/LIB\libCH58xBLE.a(aes.o)
                0x0000000020000ea0                AES_DevAESEnc
 .highcode      0x0000000020001052      0x14a f:/code/Fanciol_Ctl/BLE/LIB\libCH58xBLE.a(bb.o)
                0x0000000020001052                BB_IRQLibHandler
                0x0000000020001152                BB_IRQLibFunction
 .highcode      0x000000002000119c      0x368 f:/code/Fanciol_Ctl/BLE/LIB\libCH58xBLE.a(ip.o)
                0x000000002000119c                ll_rx_wait_finish
                0x00000000200011d6                ble_ll_chkcrc
                0x0000000020001274                ll_tx_wait_finish
                0x000000002000136c                BLE_CheckHoppingMap
 .highcode      0x0000000020001504      0x254 f:/code/Fanciol_Ctl/BLE/LIB\libCH58xBLE.a(lle.o)
                0x0000000020001504                LLE_IRQLibHandler
                0x000000002000170e                LLE_IRQLibFunction
 .highcode      0x0000000020001758       0x32 f:/code/Fanciol_Ctl/BLE/LIB\libCH58xBLE.a(rfend.o)
                0x0000000020001758                RFEND_WaitTune
 .highcode      0x000000002000178a      0x19e f:/code/Fanciol_Ctl/BLE/LIB\libCH58xBLE.a(memory.o)
                0x000000002000178a                tmos_memory_allocate
                0x0000000020001850                tmos_memory_free
 .highcode      0x0000000020001928      0x2da f:/code/Fanciol_Ctl/BLE/LIB\libCH58xBLE.a(ll_connect.o)
                0x0000000020001928                ll_connect_send_data
                0x0000000020001a54                ll_connect_recv_data
                0x0000000020001b30                ll_connect_event_continue
                0x0000000020001bf6                ll_wait_connect_event
 .highcode      0x0000000020001c02      0x310 f:/code/Fanciol_Ctl/BLE/LIB\libCH58xBLE.a(ll_hop.o)
                0x0000000020001c02                LL_HopGetChannel
                0x0000000020001ca8                LL_HopGetChannel2
 .highcode      0x0000000020001f12      0x138 f:/code/Fanciol_Ctl/BLE/LIB\libCH58xBLE.a(ll_resolvinglist.o)
                0x0000000020001f12                ll_resolvinglist_checkRPA
                0x0000000020001f7e                LL_ResolvinglistPeerIdentifyAddressGetIrk
                0x0000000020001fd2                LL_ResolvinglistPeerRpaAddressGetIrk
                0x000000002000200e                LL_ResolvinglistLocalRpaAddressGetIrk
 *(.highcode.*)
                0x000000002000204c                . = ALIGN (0x4)
 *fill*         0x000000002000204a        0x2 
                0x000000002000204c                PROVIDE (_highcode_vma_end = .)

.text           0x0000000000003054    0x220d8
                0x0000000000003054                . = ALIGN (0x4)
 *(SORT_NONE(.handle_reset))
 .handle_reset  0x0000000000003054       0xe2 ./Startup/startup_CH583.o
                0x0000000000003054                handle_reset
 *(.text)
 .text          0x0000000000003136       0xa8 e:/mounriver/mounriver_studio2/resources/app/resources/win32/components/wch/toolchain/risc-v embedded gcc/bin/../lib/gcc/riscv-none-embed/8.2.0/../../../../riscv-none-embed/lib/rv32imac/ilp32\libg_nano.a(lib_a-memset.o)
                0x0000000000003136                memset
 *(.text.*)
 .text.ADC_InterTSSampInit
                0x00000000000031de       0x28 ./StdPeriphDriver/CH58x_adc.o
                0x00000000000031de                ADC_InterTSSampInit
 .text.RTC_InitTime
                0x0000000000003206      0x204 ./StdPeriphDriver/CH58x_clk.o
                0x0000000000003206                RTC_InitTime
 .text.GPIOA_ModeCfg
                0x000000000000340a       0xa6 ./StdPeriphDriver/CH58x_gpio.o
                0x000000000000340a                GPIOA_ModeCfg
 .text.GetSysClock
                0x00000000000034b0       0x42 ./StdPeriphDriver/CH58x_sys.o
                0x00000000000034b0                GetSysClock
 .text.SYS_DisableAllIrq
                0x00000000000034f2       0x20 ./StdPeriphDriver/CH58x_sys.o
                0x00000000000034f2                SYS_DisableAllIrq
 .text.SYS_GetSysTickCnt
                0x0000000000003512        0xa ./StdPeriphDriver/CH58x_sys.o
                0x0000000000003512                SYS_GetSysTickCnt
 .text._write   0x000000000000351c       0x28 ./StdPeriphDriver/CH58x_sys.o
                0x000000000000351c                _write
 .text._sbrk    0x0000000000003544       0x34 ./StdPeriphDriver/CH58x_sys.o
                0x0000000000003544                _sbrk
 .text.UART1_BaudRateCfg
                0x0000000000003578       0x30 ./StdPeriphDriver/CH58x_uart1.o
                0x0000000000003578                UART1_BaudRateCfg
 .text.UART1_DefInit
                0x00000000000035a8       0x32 ./StdPeriphDriver/CH58x_uart1.o
                0x00000000000035a8                UART1_DefInit
 .text.OTAProfile_WriteAttrCB
                0x00000000000035da       0x84 ./Profile/OTAprofile.o
 .text.OTAProfile_ReadAttrCB
                0x000000000000365e       0x74 ./Profile/OTAprofile.o
 .text.OTAProfile_AddService
                0x00000000000036d2       0x20 ./Profile/OTAprofile.o
                0x00000000000036d2                OTAProfile_AddService
 .text.OTAProfile_RegisterAppCBs
                0x00000000000036f2        0xe ./Profile/OTAprofile.o
                0x00000000000036f2                OTAProfile_RegisterAppCBs
 .text.OTAProfile_SendData
                0x0000000000003700       0x28 ./Profile/OTAprofile.o
                0x0000000000003700                OTAProfile_SendData
 .text.devInfo_ReadAttrCB
                0x0000000000003728      0x196 ./Profile/devinfoservice.o
 .text.DevInfo_AddService
                0x00000000000038be       0x18 ./Profile/devinfoservice.o
                0x00000000000038be                DevInfo_AddService
 .text.simpleProfile_WriteAttrCB
                0x00000000000038d6       0xa2 ./Profile/gattprofile.o
 .text.simpleProfile_ReadAttrCB
                0x0000000000003978       0x82 ./Profile/gattprofile.o
 .text.simpleProfile_HandleConnStatusCB
                0x00000000000039fa       0x3e ./Profile/gattprofile.o
 .text.SimpleProfile_AddService
                0x0000000000003a38       0x4c ./Profile/gattprofile.o
                0x0000000000003a38                SimpleProfile_AddService
 .text.SimpleProfile_RegisterAppCBs
                0x0000000000003a84        0xe ./Profile/gattprofile.o
                0x0000000000003a84                SimpleProfile_RegisterAppCBs
 .text.SimpleProfile_SetParameter
                0x0000000000003a92       0x8c ./Profile/gattprofile.o
                0x0000000000003a92                SimpleProfile_SetParameter
 .text.SimpleProfile_GetParameter
                0x0000000000003b1e       0x56 ./Profile/gattprofile.o
                0x0000000000003b1e                SimpleProfile_GetParameter
 .text.Lib_Read_Flash
                0x0000000000003b74       0x1c ./HAL/MCU.o
                0x0000000000003b74                Lib_Read_Flash
 .text.Lib_Write_Flash
                0x0000000000003b90       0x40 ./HAL/MCU.o
                0x0000000000003b90                Lib_Write_Flash
 .text.HAL_GetInterTempValue
                0x0000000000003bd0       0x72 ./HAL/MCU.o
                0x0000000000003bd0                HAL_GetInterTempValue
 .text.HAL_ProcessEvent
                0x0000000000003c42       0xe2 ./HAL/MCU.o
                0x0000000000003c42                HAL_ProcessEvent
 .text.CH58X_BLEInit
                0x0000000000003d24      0x124 ./HAL/MCU.o
                0x0000000000003d24                CH58X_BLEInit
 .text.HAL_Init
                0x0000000000003e48       0x30 ./HAL/MCU.o
                0x0000000000003e48                HAL_Init
 .text.HAL_TimeInit
                0x0000000000003e78       0x7e ./HAL/RTC.o
                0x0000000000003e78                HAL_TimeInit
 .text.OTA_IAPReadDataComplete
                0x0000000000003ef6        0xc ./APP/peripheral.o
                0x0000000000003ef6                OTA_IAPReadDataComplete
 .text.simpleProfileChangeCB
                0x0000000000003f02       0x3c ./APP/peripheral.o
 .text.peripheralStateNotificationCB
                0x0000000000003f3e       0xb2 ./APP/peripheral.o
 .text.Peripheral_Init
                0x0000000000003ff0      0x164 ./APP/peripheral.o
                0x0000000000003ff0                Peripheral_Init
 .text.OTA_IAP_SendData
                0x0000000000004154        0xa ./APP/peripheral.o
                0x0000000000004154                OTA_IAP_SendData
 .text.OTA_IAP_SendCMDDealSta
                0x000000000000415e       0x18 ./APP/peripheral.o
                0x000000000000415e                OTA_IAP_SendCMDDealSta
 .text.Peripheral_ProcessEvent
                0x0000000000004176      0x100 ./APP/peripheral.o
                0x0000000000004176                Peripheral_ProcessEvent
 .text.OTA_IAP_CMDErrDeal
                0x0000000000004276        0x6 ./APP/peripheral.o
                0x0000000000004276                OTA_IAP_CMDErrDeal
 .text.SwitchImageFlag
                0x000000000000427c       0x4c ./APP/peripheral.o
                0x000000000000427c                SwitchImageFlag
 .text.DisableAllIRQ
                0x00000000000042c8        0x6 ./APP/peripheral.o
                0x00000000000042c8                DisableAllIRQ
 .text.Rec_OTA_IAP_DataDeal
                0x00000000000042ce      0x1dc ./APP/peripheral.o
                0x00000000000042ce                Rec_OTA_IAP_DataDeal
 .text.OTA_IAPWriteData
                0x00000000000044aa       0x16 ./APP/peripheral.o
                0x00000000000044aa                OTA_IAPWriteData
 .text.ReadImageFlag
                0x00000000000044c0       0x36 ./APP/peripheral_main.o
                0x00000000000044c0                ReadImageFlag
 .text.startup.main
                0x00000000000044f6       0x52 ./APP/peripheral_main.o
                0x00000000000044f6                main
 .text.tmos_msg_enqueue
                0x0000000000004548       0x1e f:/code/Fanciol_Ctl/BLE/LIB\libCH58xBLE.a(message.o)
                0x0000000000004548                tmos_msg_enqueue
 .text.tmos_msg_deallocate
                0x0000000000004566       0x2c f:/code/Fanciol_Ctl/BLE/LIB\libCH58xBLE.a(message.o)
                0x0000000000004566                tmos_msg_deallocate
 .text.tmos_msg_allocate
                0x0000000000004592       0x46 f:/code/Fanciol_Ctl/BLE/LIB\libCH58xBLE.a(message.o)
                0x0000000000004592                tmos_msg_allocate
 .text.tmos_msg_receive
                0x00000000000045d8       0x68 f:/code/Fanciol_Ctl/BLE/LIB\libCH58xBLE.a(message.o)
                0x00000000000045d8                tmos_msg_receive
 .text.tmos_msg_send
                0x0000000000004640       0x5c f:/code/Fanciol_Ctl/BLE/LIB\libCH58xBLE.a(message.o)
                0x0000000000004640                tmos_msg_send
 .text.tmos_msg_init
                0x000000000000469c        0x6 f:/code/Fanciol_Ctl/BLE/LIB\libCH58xBLE.a(message.o)
                0x000000000000469c                tmos_msg_init
 .text.tmosFindTask
                0x00000000000046a2       0x20 f:/code/Fanciol_Ctl/BLE/LIB\libCH58xBLE.a(tmos.o)
 .text.TMOS_CB_PeriodicProcessEvent
                0x00000000000046c2       0x82 f:/code/Fanciol_Ctl/BLE/LIB\libCH58xBLE.a(tmos.o)
                0x00000000000046c2                TMOS_CB_PeriodicProcessEvent
 .text.TMOS_CB_ProcessEvent
                0x0000000000004744       0x7c f:/code/Fanciol_Ctl/BLE/LIB\libCH58xBLE.a(tmos.o)
                0x0000000000004744                TMOS_CB_ProcessEvent
 .text.tmos_rand
                0x00000000000047c0       0x4e f:/code/Fanciol_Ctl/BLE/LIB\libCH58xBLE.a(tmos.o)
                0x00000000000047c0                tmos_rand
 .text.tmos_start_periodic_callback_task
                0x000000000000480e       0xda f:/code/Fanciol_Ctl/BLE/LIB\libCH58xBLE.a(tmos.o)
                0x000000000000480e                tmos_start_periodic_callback_task
 .text.tmos_set_event
                0x00000000000048e8       0x2a f:/code/Fanciol_Ctl/BLE/LIB\libCH58xBLE.a(tmos.o)
                0x00000000000048e8                tmos_set_event
 .text.tmos_clear_event
                0x0000000000004912       0x2e f:/code/Fanciol_Ctl/BLE/LIB\libCH58xBLE.a(tmos.o)
                0x0000000000004912                tmos_clear_event
 .text.tmos_update_callback_timer
                0x0000000000004940       0xba f:/code/Fanciol_Ctl/BLE/LIB\libCH58xBLE.a(tmos.o)
                0x0000000000004940                tmos_update_callback_timer
 .text.tmos_update_periodic_callback_timer
                0x00000000000049fa       0x5a f:/code/Fanciol_Ctl/BLE/LIB\libCH58xBLE.a(tmos.o)
                0x00000000000049fa                tmos_update_periodic_callback_timer
 .text.tmos_start_task
                0x0000000000004a54      0x126 f:/code/Fanciol_Ctl/BLE/LIB\libCH58xBLE.a(tmos.o)
                0x0000000000004a54                tmos_start_task
 .text.tmos_start_callback_task
                0x0000000000004b7a       0x96 f:/code/Fanciol_Ctl/BLE/LIB\libCH58xBLE.a(tmos.o)
                0x0000000000004b7a                tmos_start_callback_task
 .text.tmos_start_reload_task
                0x0000000000004c10       0x54 f:/code/Fanciol_Ctl/BLE/LIB\libCH58xBLE.a(tmos.o)
                0x0000000000004c10                tmos_start_reload_task
 .text.tmos_stop_task
                0x0000000000004c64       0x48 f:/code/Fanciol_Ctl/BLE/LIB\libCH58xBLE.a(tmos.o)
                0x0000000000004c64                tmos_stop_task
 .text.tmos_stop_callback_task
                0x0000000000004cac       0x56 f:/code/Fanciol_Ctl/BLE/LIB\libCH58xBLE.a(tmos.o)
                0x0000000000004cac                tmos_stop_callback_task
 .text.tmos_get_task_timer
                0x0000000000004d02       0x5e f:/code/Fanciol_Ctl/BLE/LIB\libCH58xBLE.a(tmos.o)
                0x0000000000004d02                tmos_get_task_timer
 .text.TMOS_TimerRegister
                0x0000000000004d60       0x1a f:/code/Fanciol_Ctl/BLE/LIB\libCH58xBLE.a(tmos.o)
                0x0000000000004d60                TMOS_TimerRegister
 .text.TMOS_ProcessRegister
                0x0000000000004d7a       0x16 f:/code/Fanciol_Ctl/BLE/LIB\libCH58xBLE.a(tmos.o)
                0x0000000000004d7a                TMOS_ProcessRegister
 .text.TMOS_Init
                0x0000000000004d90      0x10e f:/code/Fanciol_Ctl/BLE/LIB\libCH58xBLE.a(tmos.o)
                0x0000000000004d90                TMOS_Init
 .text.TMOS_ProcessEventRegister
                0x0000000000004e9e       0x38 f:/code/Fanciol_Ctl/BLE/LIB\libCH58xBLE.a(tmos.o)
                0x0000000000004e9e                TMOS_ProcessEventRegister
 .text.BLE_LibInit
                0x0000000000004ed6      0x178 f:/code/Fanciol_Ctl/BLE/LIB\libCH58xBLE.a(tmos.o)
                0x0000000000004ed6                BLE_LibInit
 .text.clockGetTickValve
                0x000000000000504e       0x7e f:/code/Fanciol_Ctl/BLE/LIB\libCH58xBLE.a(tmos_hw.o)
 .text.ll_get_sca_divisor
                0x00000000000050cc       0x40 f:/code/Fanciol_Ctl/BLE/LIB\libCH58xBLE.a(tmos_hw.o)
                0x00000000000050cc                ll_get_sca_divisor
 .text.ll_get_sca_own
                0x000000000000510c       0x46 f:/code/Fanciol_Ctl/BLE/LIB\libCH58xBLE.a(tmos_hw.o)
                0x000000000000510c                ll_get_sca_own
 .text.ble_ll_common_rand8
                0x0000000000005152       0x24 f:/code/Fanciol_Ctl/BLE/LIB\libCH58xBLE.a(tmos_hw.o)
                0x0000000000005152                ble_ll_common_rand8
 .text.ble_ll_common_rand16
                0x0000000000005176       0x24 f:/code/Fanciol_Ctl/BLE/LIB\libCH58xBLE.a(tmos_hw.o)
                0x0000000000005176                ble_ll_common_rand16
 .text.ble_ll_common_rand32
                0x000000000000519a       0x20 f:/code/Fanciol_Ctl/BLE/LIB\libCH58xBLE.a(tmos_hw.o)
                0x000000000000519a                ble_ll_common_rand32
 .text.TMOS_TempSample
                0x00000000000051ba       0x62 f:/code/Fanciol_Ctl/BLE/LIB\libCH58xBLE.a(tmos_hw.o)
                0x00000000000051ba                TMOS_TempSample
 .text.TMOS_TimerInit
                0x000000000000521c      0x14c f:/code/Fanciol_Ctl/BLE/LIB\libCH58xBLE.a(tmos_hw.o)
                0x000000000000521c                TMOS_TimerInit
 .text.tmos_snv_init
                0x0000000000005368       0xc0 f:/code/Fanciol_Ctl/BLE/LIB\libCH58xBLE.a(tmos_snv.o)
                0x0000000000005368                tmos_snv_init
 .text.tmos_snv_read
                0x0000000000005428      0x292 f:/code/Fanciol_Ctl/BLE/LIB\libCH58xBLE.a(tmos_snv.o)
                0x0000000000005428                tmos_snv_read
 .text.tmos_snv_notify
                0x00000000000056ba       0x5a f:/code/Fanciol_Ctl/BLE/LIB\libCH58xBLE.a(tmos_snv.o)
                0x00000000000056ba                tmos_snv_notify
 .text.tmos_snv_write
                0x0000000000005714      0x2ce f:/code/Fanciol_Ctl/BLE/LIB\libCH58xBLE.a(tmos_snv.o)
                0x0000000000005714                tmos_snv_write
 .text.tmos_snv_compact
                0x00000000000059e2        0x4 f:/code/Fanciol_Ctl/BLE/LIB\libCH58xBLE.a(tmos_snv.o)
                0x00000000000059e2                tmos_snv_compact
 .text.disconnectNext
                0x00000000000059e6       0x22 f:/code/Fanciol_Ctl/BLE/LIB\libCH58xBLE.a(gap.o)
 .text.GAP_ParamInit
                0x0000000000005a08       0xec f:/code/Fanciol_Ctl/BLE/LIB\libCH58xBLE.a(gap.o)
                0x0000000000005a08                GAP_ParamInit
 .text.sendTerminateEvent
                0x0000000000005af4       0x58 f:/code/Fanciol_Ctl/BLE/LIB\libCH58xBLE.a(gap.o)
                0x0000000000005af4                sendTerminateEvent
 .text.gapRegisterCentral
                0x0000000000005b4c        0x6 f:/code/Fanciol_Ctl/BLE/LIB\libCH58xBLE.a(gap.o)
                0x0000000000005b4c                gapRegisterCentral
 .text.gapRegisterCentralConn
                0x0000000000005b52        0x6 f:/code/Fanciol_Ctl/BLE/LIB\libCH58xBLE.a(gap.o)
                0x0000000000005b52                gapRegisterCentralConn
 .text.gapRegisterPeripheral
                0x0000000000005b58        0x6 f:/code/Fanciol_Ctl/BLE/LIB\libCH58xBLE.a(gap.o)
                0x0000000000005b58                gapRegisterPeripheral
 .text.gapRegisterPeripheralConn
                0x0000000000005b5e        0x6 f:/code/Fanciol_Ctl/BLE/LIB\libCH58xBLE.a(gap.o)
                0x0000000000005b5e                gapRegisterPeripheralConn
 .text.smGenerateRandBuf
                0x0000000000005b64       0x56 f:/code/Fanciol_Ctl/BLE/LIB\libCH58xBLE.a(gap.o)
                0x0000000000005b64                smGenerateRandBuf
 .text.gapL2capConnParamUpdateReq
                0x0000000000005bba       0x36 f:/code/Fanciol_Ctl/BLE/LIB\libCH58xBLE.a(gap.o)
                0x0000000000005bba                gapL2capConnParamUpdateReq
 .text.gapValidADType
                0x0000000000005bf0       0x16 f:/code/Fanciol_Ctl/BLE/LIB\libCH58xBLE.a(gap.o)
                0x0000000000005bf0                gapValidADType
 .text.gapFindADType
                0x0000000000005c06       0x92 f:/code/Fanciol_Ctl/BLE/LIB\libCH58xBLE.a(gap.o)
                0x0000000000005c06                gapFindADType
 .text.GAP_SecParamsInit
                0x0000000000005c98       0xaa f:/code/Fanciol_Ctl/BLE/LIB\libCH58xBLE.a(gap.o)
                0x0000000000005c98                GAP_SecParamsInit
 .text.GAP_ParamsInit
                0x0000000000005d42       0x50 f:/code/Fanciol_Ctl/BLE/LIB\libCH58xBLE.a(gap.o)
                0x0000000000005d42                GAP_ParamsInit
 .text.gapAddAddrAdj
                0x0000000000005d92       0x48 f:/code/Fanciol_Ctl/BLE/LIB\libCH58xBLE.a(gap.o)
                0x0000000000005d92                gapAddAddrAdj
 .text.gapDetermineAddrType
                0x0000000000005dda       0x28 f:/code/Fanciol_Ctl/BLE/LIB\libCH58xBLE.a(gap.o)
                0x0000000000005dda                gapDetermineAddrType
 .text.gapFreeAuthLink
                0x0000000000005e02       0x4a f:/code/Fanciol_Ctl/BLE/LIB\libCH58xBLE.a(gap.o)
                0x0000000000005e02                gapFreeAuthLink
 .text.gapGetDevAddress
                0x0000000000005e4c       0x24 f:/code/Fanciol_Ctl/BLE/LIB\libCH58xBLE.a(gap.o)
                0x0000000000005e4c                gapGetDevAddress
 .text.gapGetDevAddressMode
                0x0000000000005e70        0xa f:/code/Fanciol_Ctl/BLE/LIB\libCH58xBLE.a(gap.o)
                0x0000000000005e70                gapGetDevAddressMode
 .text.gapGetIRK
                0x0000000000005e7a        0xc f:/code/Fanciol_Ctl/BLE/LIB\libCH58xBLE.a(gap.o)
                0x0000000000005e7a                gapGetIRK
 .text.gapGetSRK
                0x0000000000005e86        0xc f:/code/Fanciol_Ctl/BLE/LIB\libCH58xBLE.a(gap.o)
                0x0000000000005e86                gapGetSRK
 .text.gapGetSignCounter
                0x0000000000005e92        0xe f:/code/Fanciol_Ctl/BLE/LIB\libCH58xBLE.a(gap.o)
                0x0000000000005e92                gapGetSignCounter
 .text.gapIncSignCounter
                0x0000000000005ea0       0x28 f:/code/Fanciol_Ctl/BLE/LIB\libCH58xBLE.a(gap.o)
                0x0000000000005ea0                gapIncSignCounter
 .text.gapProcessConnEvt
                0x0000000000005ec8       0x48 f:/code/Fanciol_Ctl/BLE/LIB\libCH58xBLE.a(gap.o)
                0x0000000000005ec8                gapProcessConnEvt
 .text.gapProcessDisconnectCompleteEvt
                0x0000000000005f10       0xa6 f:/code/Fanciol_Ctl/BLE/LIB\libCH58xBLE.a(gap.o)
                0x0000000000005f10                gapProcessDisconnectCompleteEvt
 .text.sendAuthEvent
                0x0000000000005fb6      0x11e f:/code/Fanciol_Ctl/BLE/LIB\libCH58xBLE.a(gap.o)
                0x0000000000005fb6                sendAuthEvent
 .text.gapSendBondCompleteEvent
                0x00000000000060d4       0x74 f:/code/Fanciol_Ctl/BLE/LIB\libCH58xBLE.a(gap.o)
                0x00000000000060d4                gapSendBondCompleteEvent
 .text.gapSendPairingReqEvent
                0x0000000000006148       0x96 f:/code/Fanciol_Ctl/BLE/LIB\libCH58xBLE.a(gap.o)
                0x0000000000006148                gapSendPairingReqEvent
 .text.gapSendSlaveSecurityReqEvent
                0x00000000000061de       0x68 f:/code/Fanciol_Ctl/BLE/LIB\libCH58xBLE.a(gap.o)
                0x00000000000061de                gapSendSlaveSecurityReqEvent
 .text.gapSendDeviceInitDoneEvent
                0x0000000000006246       0x88 f:/code/Fanciol_Ctl/BLE/LIB\libCH58xBLE.a(gap.o)
                0x0000000000006246                gapSendDeviceInitDoneEvent
 .text.gapSendLinkUpdateEvent
                0x00000000000062ce       0xb2 f:/code/Fanciol_Ctl/BLE/LIB\libCH58xBLE.a(gap.o)
                0x00000000000062ce                gapSendLinkUpdateEvent
 .text.gapSendPhyUpdateEvent
                0x0000000000006380       0x58 f:/code/Fanciol_Ctl/BLE/LIB\libCH58xBLE.a(gap.o)
                0x0000000000006380                gapSendPhyUpdateEvent
 .text.gapSendEstLinkEvent
                0x00000000000063d8       0xbc f:/code/Fanciol_Ctl/BLE/LIB\libCH58xBLE.a(gap.o)
                0x00000000000063d8                gapSendEstLinkEvent
 .text.gapProcessNewAddr
                0x0000000000006494       0x3e f:/code/Fanciol_Ctl/BLE/LIB\libCH58xBLE.a(gap.o)
                0x0000000000006494                gapProcessNewAddr
 .text.gapProcessRandomAddrComplete
                0x00000000000064d2       0xb6 f:/code/Fanciol_Ctl/BLE/LIB\libCH58xBLE.a(gap.o)
                0x00000000000064d2                gapProcessRandomAddrComplete
 .text.GAP_Authenticate
                0x0000000000006588       0xde f:/code/Fanciol_Ctl/BLE/LIB\libCH58xBLE.a(gap.o)
                0x0000000000006588                GAP_Authenticate
 .text.GAP_Bond
                0x0000000000006666       0xaa f:/code/Fanciol_Ctl/BLE/LIB\libCH58xBLE.a(gap.o)
                0x0000000000006666                GAP_Bond
 .text.GAP_GetParamValue
                0x0000000000006710       0x20 f:/code/Fanciol_Ctl/BLE/LIB\libCH58xBLE.a(gap.o)
                0x0000000000006710                GAP_GetParamValue
 .text.GAP_PasscodeUpdate
                0x0000000000006730       0x54 f:/code/Fanciol_Ctl/BLE/LIB\libCH58xBLE.a(gap.o)
                0x0000000000006730                GAP_PasscodeUpdate
 .text.GAP_RegisterForMsgs
                0x0000000000006784        0xa f:/code/Fanciol_Ctl/BLE/LIB\libCH58xBLE.a(gap.o)
                0x0000000000006784                GAP_RegisterForMsgs
 .text.GAP_ResolvePrivateAddr
                0x000000000000678e        0x4 f:/code/Fanciol_Ctl/BLE/LIB\libCH58xBLE.a(gap.o)
                0x000000000000678e                GAP_ResolvePrivateAddr
 .text.gapPairingCompleteCB
                0x0000000000006792      0x18c f:/code/Fanciol_Ctl/BLE/LIB\libCH58xBLE.a(gap.o)
                0x0000000000006792                gapPairingCompleteCB
 .text.gapPasskeyNeededCB
                0x000000000000691e       0x8e f:/code/Fanciol_Ctl/BLE/LIB\libCH58xBLE.a(gap.o)
                0x000000000000691e                gapPasskeyNeededCB
 .text.gapOobNeededCB
                0x00000000000069ac       0xa6 f:/code/Fanciol_Ctl/BLE/LIB\libCH58xBLE.a(gap.o)
                0x00000000000069ac                gapOobNeededCB
 .text.gapFreeEstLink
                0x0000000000006a52       0x20 f:/code/Fanciol_Ctl/BLE/LIB\libCH58xBLE.a(gap.o)
                0x0000000000006a52                gapFreeEstLink
 .text.gapUpdateConnSignCounter
                0x0000000000006a72       0x7a f:/code/Fanciol_Ctl/BLE/LIB\libCH58xBLE.a(gap.o)
                0x0000000000006a72                gapUpdateConnSignCounter
 .text.GAP_SendSlaveSecurityRequest
                0x0000000000006aec       0x4a f:/code/Fanciol_Ctl/BLE/LIB\libCH58xBLE.a(gap.o)
                0x0000000000006aec                GAP_SendSlaveSecurityRequest
 .text.GAP_Signable
                0x0000000000006b36       0x6a f:/code/Fanciol_Ctl/BLE/LIB\libCH58xBLE.a(gap.o)
                0x0000000000006b36                GAP_Signable
 .text.GAP_TerminateAuth
                0x0000000000006ba0       0x2a f:/code/Fanciol_Ctl/BLE/LIB\libCH58xBLE.a(gap.o)
                0x0000000000006ba0                GAP_TerminateAuth
 .text.GAP_NumActiveConnections
                0x0000000000006bca        0x4 f:/code/Fanciol_Ctl/BLE/LIB\libCH58xBLE.a(gap.o)
                0x0000000000006bca                GAP_NumActiveConnections
 .text.GAP_TerminateLinkReq
                0x0000000000006bce       0x8e f:/code/Fanciol_Ctl/BLE/LIB\libCH58xBLE.a(gap.o)
                0x0000000000006bce                GAP_TerminateLinkReq
 .text.GAP_SetParamValue
                0x0000000000006c5c       0x6c f:/code/Fanciol_Ctl/BLE/LIB\libCH58xBLE.a(gap.o)
                0x0000000000006c5c                GAP_SetParamValue
 .text.GAP_Init
                0x0000000000006cc8       0x48 f:/code/Fanciol_Ctl/BLE/LIB\libCH58xBLE.a(gap.o)
                0x0000000000006cc8                GAP_Init
 .text.GAP_ProcessEvent
                0x0000000000006d10      0x66a f:/code/Fanciol_Ctl/BLE/LIB\libCH58xBLE.a(gap.o)
                0x0000000000006d10                GAP_ProcessEvent
 .text.gapSendScanEnable
                0x000000000000737a       0x3a f:/code/Fanciol_Ctl/BLE/LIB\libCH58xBLE.a(gap_central.o)
 .text.gapCentProcessConnEvt
                0x00000000000073b4      0x168 f:/code/Fanciol_Ctl/BLE/LIB\libCH58xBLE.a(gap_central.o)
                0x00000000000073b4                gapCentProcessConnEvt
 .text.gapProcessScanningPeriodicAdvEvt
                0x000000000000751c       0xa0 f:/code/Fanciol_Ctl/BLE/LIB\libCH58xBLE.a(gap_central.o)
                0x000000000000751c                gapProcessScanningPeriodicAdvEvt
 .text.gapCancelLinkReq
                0x00000000000075bc       0x38 f:/code/Fanciol_Ctl/BLE/LIB\libCH58xBLE.a(gap_central.o)
                0x00000000000075bc                gapCancelLinkReq
 .text.gapProcessAdvertDevInfo
                0x00000000000075f4      0x242 f:/code/Fanciol_Ctl/BLE/LIB\libCH58xBLE.a(gap_central.o)
                0x00000000000075f4                gapProcessAdvertDevInfo
 .text.gapProcessExtAdvertDevInfo
                0x0000000000007836      0x260 f:/code/Fanciol_Ctl/BLE/LIB\libCH58xBLE.a(gap_central.o)
                0x0000000000007836                gapProcessExtAdvertDevInfo
 .text.gapProcessPeriodicAdvertisingSyncEstablishedEvt
                0x0000000000007a96       0xae f:/code/Fanciol_Ctl/BLE/LIB\libCH58xBLE.a(gap_central.o)
                0x0000000000007a96                gapProcessPeriodicAdvertisingSyncEstablishedEvt
 .text.gapProcessPeriodicAdvertisingSyncLostEvt
                0x0000000000007b44       0x56 f:/code/Fanciol_Ctl/BLE/LIB\libCH58xBLE.a(gap_central.o)
                0x0000000000007b44                gapProcessPeriodicAdvertisingSyncLostEvt
 .text.gapFreeScanRecs
                0x0000000000007b9a       0xa6 f:/code/Fanciol_Ctl/BLE/LIB\libCH58xBLE.a(gap_central.o)
                0x0000000000007b9a                gapFreeScanRecs
 .text.gapSendDevDiscEvent
                0x0000000000007c40      0x124 f:/code/Fanciol_Ctl/BLE/LIB\libCH58xBLE.a(gap_central.o)
                0x0000000000007c40                gapSendDevDiscEvent
 .text.gapSetScanParamStatus
                0x0000000000007d64       0x56 f:/code/Fanciol_Ctl/BLE/LIB\libCH58xBLE.a(gap_central.o)
 .text.gapCentProcessHCICmdEvt
                0x0000000000007dba       0x3c f:/code/Fanciol_Ctl/BLE/LIB\libCH58xBLE.a(gap_central.o)
                0x0000000000007dba                gapCentProcessHCICmdEvt
 .text.gapProcessScanningEvt
                0x0000000000007df6      0x10e f:/code/Fanciol_Ctl/BLE/LIB\libCH58xBLE.a(gap_central.o)
                0x0000000000007df6                gapProcessScanningEvt
 .text.gapProcessScanningDirectEvt
                0x0000000000007f04       0xfe f:/code/Fanciol_Ctl/BLE/LIB\libCH58xBLE.a(gap_central.o)
                0x0000000000007f04                gapProcessScanningDirectEvt
 .text.gapProcessScanningExtAdvEvt
                0x0000000000008002      0x2c4 f:/code/Fanciol_Ctl/BLE/LIB\libCH58xBLE.a(gap_central.o)
                0x0000000000008002                gapProcessScanningExtAdvEvt
 .text.GAP_CentConnRegister
                0x00000000000082c6       0x16 f:/code/Fanciol_Ctl/BLE/LIB\libCH58xBLE.a(gap_central.o)
                0x00000000000082c6                GAP_CentConnRegister
 .text.GAP_CentralParamInit
                0x00000000000082dc       0x6a f:/code/Fanciol_Ctl/BLE/LIB\libCH58xBLE.a(gap_central.o)
                0x00000000000082dc                GAP_CentralParamInit
 .text.GAP_CentDevMgrInit
                0x0000000000008346       0x9c f:/code/Fanciol_Ctl/BLE/LIB\libCH58xBLE.a(gap_central.o)
                0x0000000000008346                GAP_CentDevMgrInit
 .text.gapFreeAdvertState
                0x00000000000083e2       0x20 f:/code/Fanciol_Ctl/BLE/LIB\libCH58xBLE.a(gap_peripheral.o)
 .text.gapSetPeriodicAdvParams
                0x0000000000008402       0x30 f:/code/Fanciol_Ctl/BLE/LIB\libCH58xBLE.a(gap_peripheral.o)
 .text.gapSetConnectionlessCTEParams
                0x0000000000008432       0x54 f:/code/Fanciol_Ctl/BLE/LIB\libCH58xBLE.a(gap_peripheral.o)
 .text.gapSetAdvParams
                0x0000000000008486      0x126 f:/code/Fanciol_Ctl/BLE/LIB\libCH58xBLE.a(gap_peripheral.o)
 .text.gapPeriProcessConnEvt
                0x00000000000085ac       0xd0 f:/code/Fanciol_Ctl/BLE/LIB\libCH58xBLE.a(gap_peripheral.o)
 .text.gapWriteAdvDataStatus
                0x000000000000867c       0x8a f:/code/Fanciol_Ctl/BLE/LIB\libCH58xBLE.a(gap_peripheral.o)
 .text.GAP_MakeDiscoverable
                0x0000000000008706      0x174 f:/code/Fanciol_Ctl/BLE/LIB\libCH58xBLE.a(gap_peripheral.o)
                0x0000000000008706                GAP_MakeDiscoverable
 .text.GAP_EndDiscoverable
                0x000000000000887a       0x66 f:/code/Fanciol_Ctl/BLE/LIB\libCH58xBLE.a(gap_peripheral.o)
                0x000000000000887a                GAP_EndDiscoverable
 .text.gapProcessAdvertisingEvt
                0x00000000000088e0      0x116 f:/code/Fanciol_Ctl/BLE/LIB\libCH58xBLE.a(gap_peripheral.o)
 .text.GAP_MakePeriodic
                0x00000000000089f6       0x26 f:/code/Fanciol_Ctl/BLE/LIB\libCH58xBLE.a(gap_peripheral.o)
                0x00000000000089f6                GAP_MakePeriodic
 .text.GAP_EndPeriodic
                0x0000000000008a1c        0xc f:/code/Fanciol_Ctl/BLE/LIB\libCH58xBLE.a(gap_peripheral.o)
                0x0000000000008a1c                GAP_EndPeriodic
 .text.GAP_MakeConnecttionlessCTE
                0x0000000000008a28       0x1a f:/code/Fanciol_Ctl/BLE/LIB\libCH58xBLE.a(gap_peripheral.o)
                0x0000000000008a28                GAP_MakeConnecttionlessCTE
 .text.GAP_EndConnecttionlessCTE
                0x0000000000008a42        0xc f:/code/Fanciol_Ctl/BLE/LIB\libCH58xBLE.a(gap_peripheral.o)
                0x0000000000008a42                GAP_EndConnecttionlessCTE
 .text.GAP_SetAdvertisingAdvData
                0x0000000000008a4e      0x102 f:/code/Fanciol_Ctl/BLE/LIB\libCH58xBLE.a(gap_peripheral.o)
                0x0000000000008a4e                GAP_SetAdvertisingAdvData
 .text.GAP_SetAdvertisingRspData
                0x0000000000008b50      0x102 f:/code/Fanciol_Ctl/BLE/LIB\libCH58xBLE.a(gap_peripheral.o)
                0x0000000000008b50                GAP_SetAdvertisingRspData
 .text.GAP_SetPeriodicAdvertisingData
                0x0000000000008c52       0xc6 f:/code/Fanciol_Ctl/BLE/LIB\libCH58xBLE.a(gap_peripheral.o)
                0x0000000000008c52                GAP_SetPeriodicAdvertisingData
 .text.GAP_GetAdvertisingAdvData
                0x0000000000008d18       0x26 f:/code/Fanciol_Ctl/BLE/LIB\libCH58xBLE.a(gap_peripheral.o)
                0x0000000000008d18                GAP_GetAdvertisingAdvData
 .text.GAP_GetAdvertisingRspData
                0x0000000000008d3e       0x34 f:/code/Fanciol_Ctl/BLE/LIB\libCH58xBLE.a(gap_peripheral.o)
                0x0000000000008d3e                GAP_GetAdvertisingRspData
 .text.GAP_GetPeriodicAdvertisingData
                0x0000000000008d72       0x34 f:/code/Fanciol_Ctl/BLE/LIB\libCH58xBLE.a(gap_peripheral.o)
                0x0000000000008d72                GAP_GetPeriodicAdvertisingData
 .text.GAP_PeriConnRegister
                0x0000000000008da6       0x2e f:/code/Fanciol_Ctl/BLE/LIB\libCH58xBLE.a(gap_peripheral.o)
                0x0000000000008da6                GAP_PeriConnRegister
 .text.GAP_PeripheralParamInit
                0x0000000000008dd4       0x6c f:/code/Fanciol_Ctl/BLE/LIB\libCH58xBLE.a(gap_peripheral.o)
                0x0000000000008dd4                GAP_PeripheralParamInit
 .text.gapSendMakeDiscEvent
                0x0000000000008e40       0x50 f:/code/Fanciol_Ctl/BLE/LIB\libCH58xBLE.a(gap_peripheral.o)
                0x0000000000008e40                gapSendMakeDiscEvent
 .text.gapWriteAdvEnableStatus
                0x0000000000008e90      0x10e f:/code/Fanciol_Ctl/BLE/LIB\libCH58xBLE.a(gap_peripheral.o)
 .text.gapSendMakePeriodicEvent
                0x0000000000008f9e       0x3a f:/code/Fanciol_Ctl/BLE/LIB\libCH58xBLE.a(gap_peripheral.o)
                0x0000000000008f9e                gapSendMakePeriodicEvent
 .text.gapSendMakeConnectionlessCTEEvent
                0x0000000000008fd8       0x3a f:/code/Fanciol_Ctl/BLE/LIB\libCH58xBLE.a(gap_peripheral.o)
                0x0000000000008fd8                gapSendMakeConnectionlessCTEEvent
 .text.gapPeriProcessHCICmdCompleteEvt
                0x0000000000009012      0x22e f:/code/Fanciol_Ctl/BLE/LIB\libCH58xBLE.a(gap_peripheral.o)
 .text.GAP_PeriDevMgrInit
                0x0000000000009240       0x2e f:/code/Fanciol_Ctl/BLE/LIB\libCH58xBLE.a(gap_peripheral.o)
                0x0000000000009240                GAP_PeriDevMgrInit
 .text.ggs_SetAttrWPermit
                0x000000000000926e       0x68 f:/code/Fanciol_Ctl/BLE/LIB\libCH58xBLE.a(gapgattserver.o)
 .text.ggs_ReadAttrCB
                0x00000000000092d6      0x156 f:/code/Fanciol_Ctl/BLE/LIB\libCH58xBLE.a(gapgattserver.o)
 .text.ggs_WriteAttrCB
                0x000000000000942c      0x162 f:/code/Fanciol_Ctl/BLE/LIB\libCH58xBLE.a(gapgattserver.o)
 .text.GGS_ParamInit
                0x000000000000958e      0x15c f:/code/Fanciol_Ctl/BLE/LIB\libCH58xBLE.a(gapgattserver.o)
                0x000000000000958e                GGS_ParamInit
 .text.GGS_SetParameter
                0x00000000000096ea      0x116 f:/code/Fanciol_Ctl/BLE/LIB\libCH58xBLE.a(gapgattserver.o)
                0x00000000000096ea                GGS_SetParameter
 .text.GGS_AddService
                0x0000000000009800       0x2c f:/code/Fanciol_Ctl/BLE/LIB\libCH58xBLE.a(gapgattserver.o)
                0x0000000000009800                GGS_AddService
 .text.GAP_DeviceInit
                0x000000000000982c       0xd8 f:/code/Fanciol_Ctl/BLE/LIB\libCH58xBLE.a(gapgattserver.o)
                0x000000000000982c                GAP_DeviceInit
 .text.gattProcessExchangeMTUReq
                0x0000000000009904        0x4 f:/code/Fanciol_Ctl/BLE/LIB\libCH58xBLE.a(gattservapp.o)
 .text.gattServApp_FindCharCfgItem
                0x0000000000009908       0x24 f:/code/Fanciol_Ctl/BLE/LIB\libCH58xBLE.a(gattservapp.o)
 .text.gattServerHandleTimerCB
                0x000000000000992c       0x3c f:/code/Fanciol_Ctl/BLE/LIB\libCH58xBLE.a(gattservapp.o)
 .text.GATTServApp_InitCharCfg.part.12
                0x0000000000009968       0x20 f:/code/Fanciol_Ctl/BLE/LIB\libCH58xBLE.a(gattservapp.o)
 .text.gattProcessExecuteWriteReq
                0x0000000000009988        0x4 f:/code/Fanciol_Ctl/BLE/LIB\libCH58xBLE.a(gattservapp.o)
 .text.GATTServApp_ParamInit
                0x000000000000998c       0xd6 f:/code/Fanciol_Ctl/BLE/LIB\libCH58xBLE.a(gattservapp.o)
                0x000000000000998c                GATTServApp_ParamInit
 .text.GATTServApp_ReadCharCfg
                0x0000000000009a62       0x18 f:/code/Fanciol_Ctl/BLE/LIB\libCH58xBLE.a(gattservapp.o)
                0x0000000000009a62                GATTServApp_ReadCharCfg
 .text.GATTServApp_WriteCharCfg
                0x0000000000009a7a       0x3c f:/code/Fanciol_Ctl/BLE/LIB\libCH58xBLE.a(gattservapp.o)
                0x0000000000009a7a                GATTServApp_WriteCharCfg
 .text.GATTServApp_ProcessCCCWriteReq
                0x0000000000009ab6       0x5c f:/code/Fanciol_Ctl/BLE/LIB\libCH58xBLE.a(gattservapp.o)
                0x0000000000009ab6                GATTServApp_ProcessCCCWriteReq
 .text.gattServApp_WriteAttrCB
                0x0000000000009b12       0x32 f:/code/Fanciol_Ctl/BLE/LIB\libCH58xBLE.a(gattservapp.o)
                0x0000000000009b12                gattServApp_WriteAttrCB
 .text.GATTServApp_SendCCCUpdatedEvent
                0x0000000000009b44       0x5e f:/code/Fanciol_Ctl/BLE/LIB\libCH58xBLE.a(gattservapp.o)
                0x0000000000009b44                GATTServApp_SendCCCUpdatedEvent
 .text.GATTServApp_SendServiceChangedInd
                0x0000000000009ba2       0x36 f:/code/Fanciol_Ctl/BLE/LIB\libCH58xBLE.a(gattservapp.o)
                0x0000000000009ba2                GATTServApp_SendServiceChangedInd
 .text.gattServApp_ClearPrepareWriteQ
                0x0000000000009bd8       0x50 f:/code/Fanciol_Ctl/BLE/LIB\libCH58xBLE.a(gattservapp.o)
                0x0000000000009bd8                gattServApp_ClearPrepareWriteQ
 .text.gattServApp_FindPrepareWriteQ
                0x0000000000009c28       0x30 f:/code/Fanciol_Ctl/BLE/LIB\libCH58xBLE.a(gattservapp.o)
                0x0000000000009c28                gattServApp_FindPrepareWriteQ
 .text.gattServApp_FindServiceCBs
                0x0000000000009c58       0x18 f:/code/Fanciol_Ctl/BLE/LIB\libCH58xBLE.a(gattservapp.o)
                0x0000000000009c58                gattServApp_FindServiceCBs
 .text.gattServApp_FindAuthorizeAttrCB
                0x0000000000009c70       0x14 f:/code/Fanciol_Ctl/BLE/LIB\libCH58xBLE.a(gattservapp.o)
                0x0000000000009c70                gattServApp_FindAuthorizeAttrCB
 .text.gattServApp_IsWriteLong
                0x0000000000009c84       0xea f:/code/Fanciol_Ctl/BLE/LIB\libCH58xBLE.a(gattservapp.o)
                0x0000000000009c84                gattServApp_IsWriteLong
 .text.gattFindService
                0x0000000000009d6e       0x1c f:/code/Fanciol_Ctl/BLE/LIB\libCH58xBLE.a(gattservapp.o)
                0x0000000000009d6e                gattFindService
 .text.GATT_ServiceNumAttrs
                0x0000000000009d8a       0x16 f:/code/Fanciol_Ctl/BLE/LIB\libCH58xBLE.a(gattservapp.o)
                0x0000000000009d8a                GATT_ServiceNumAttrs
 .text.GATT_ServiceEncKeySize
                0x0000000000009da0       0x16 f:/code/Fanciol_Ctl/BLE/LIB\libCH58xBLE.a(gattservapp.o)
                0x0000000000009da0                GATT_ServiceEncKeySize
 .text.GATT_VerifyWritePermissions.part.7
                0x0000000000009db6       0x2c f:/code/Fanciol_Ctl/BLE/LIB\libCH58xBLE.a(gattservapp.o)
 .text.gattResetServerInfo
                0x0000000000009de2       0x1c f:/code/Fanciol_Ctl/BLE/LIB\libCH58xBLE.a(gattservapp.o)
                0x0000000000009de2                gattResetServerInfo
 .text.gattFindServerInfo
                0x0000000000009dfe       0x2c f:/code/Fanciol_Ctl/BLE/LIB\libCH58xBLE.a(gattservapp.o)
                0x0000000000009dfe                gattFindServerInfo
 .text.gattServerHandleConnStatusCB
                0x0000000000009e2a       0x92 f:/code/Fanciol_Ctl/BLE/LIB\libCH58xBLE.a(gattservapp.o)
                0x0000000000009e2a                gattServerHandleConnStatusCB
 .text.gattServerProcessMsgCB
                0x0000000000009ebc      0x1c0 f:/code/Fanciol_Ctl/BLE/LIB\libCH58xBLE.a(gattservapp.o)
                0x0000000000009ebc                gattServerProcessMsgCB
 .text.gattServerNotifyTxCB
                0x000000000000a07c       0x28 f:/code/Fanciol_Ctl/BLE/LIB\libCH58xBLE.a(gattservapp.o)
 .text.GATT_FindHandle
                0x000000000000a0a4       0x4a f:/code/Fanciol_Ctl/BLE/LIB\libCH58xBLE.a(gattservapp.o)
                0x000000000000a0a4                GATT_FindHandle
 .text.GATTServApp_WriteAttr
                0x000000000000a0ee       0xa8 f:/code/Fanciol_Ctl/BLE/LIB\libCH58xBLE.a(gattservapp.o)
                0x000000000000a0ee                GATTServApp_WriteAttr
 .text.gattServApp_ProcessExecuteWriteReq
                0x000000000000a196      0x100 f:/code/Fanciol_Ctl/BLE/LIB\libCH58xBLE.a(gattservapp.o)
                0x000000000000a196                gattServApp_ProcessExecuteWriteReq
 .text.GATTServApp_UpdateCharCfg
                0x000000000000a296       0x1e f:/code/Fanciol_Ctl/BLE/LIB\libCH58xBLE.a(gattservapp.o)
                0x000000000000a296                GATTServApp_UpdateCharCfg
 .text.gattServApp_ProcessPrepareWriteReq
                0x000000000000a2b4      0x10e f:/code/Fanciol_Ctl/BLE/LIB\libCH58xBLE.a(gattservapp.o)
                0x000000000000a2b4                gattServApp_ProcessPrepareWriteReq
 .text.gattServApp_ProcessWriteReq
                0x000000000000a3c2       0xb0 f:/code/Fanciol_Ctl/BLE/LIB\libCH58xBLE.a(gattservapp.o)
                0x000000000000a3c2                gattServApp_ProcessWriteReq
 .text.GATT_Indication
                0x000000000000a472       0xa4 f:/code/Fanciol_Ctl/BLE/LIB\libCH58xBLE.a(gattservapp.o)
                0x000000000000a472                GATT_Indication
 .text.GATT_FindHandleUUID
                0x000000000000a516       0x94 f:/code/Fanciol_Ctl/BLE/LIB\libCH58xBLE.a(gattservapp.o)
                0x000000000000a516                GATT_FindHandleUUID
 .text.gattProcessReadByGrpTypeReq
                0x000000000000a5aa       0x60 f:/code/Fanciol_Ctl/BLE/LIB\libCH58xBLE.a(gattservapp.o)
 .text.gattProcessReadByTypeReq
                0x000000000000a60a       0x34 f:/code/Fanciol_Ctl/BLE/LIB\libCH58xBLE.a(gattservapp.o)
 .text.gattProcessFindByTypeValueReq
                0x000000000000a63e       0x34 f:/code/Fanciol_Ctl/BLE/LIB\libCH58xBLE.a(gattservapp.o)
 .text.gattProcessFindInfoReq
                0x000000000000a672      0x1aa f:/code/Fanciol_Ctl/BLE/LIB\libCH58xBLE.a(gattservapp.o)
 .text.GATT_VerifyWritePermissions
                0x000000000000a81c       0x6a f:/code/Fanciol_Ctl/BLE/LIB\libCH58xBLE.a(gattservapp.o)
                0x000000000000a81c                GATT_VerifyWritePermissions
 .text.gattProcessWriteReq
                0x000000000000a886       0x36 f:/code/Fanciol_Ctl/BLE/LIB\libCH58xBLE.a(gattservapp.o)
 .text.GATT_VerifyPrepareWritePermissions
                0x000000000000a8bc       0x56 f:/code/Fanciol_Ctl/BLE/LIB\libCH58xBLE.a(gattservapp.o)
                0x000000000000a8bc                GATT_VerifyPrepareWritePermissions
 .text.gattProcessPrepareWriteReq
                0x000000000000a912       0x36 f:/code/Fanciol_Ctl/BLE/LIB\libCH58xBLE.a(gattservapp.o)
 .text.GATT_FindNextAttr
                0x000000000000a948       0xc2 f:/code/Fanciol_Ctl/BLE/LIB\libCH58xBLE.a(gattservapp.o)
                0x000000000000a948                GATT_FindNextAttr
 .text.GATTServApp_ReadAttr
                0x000000000000aa0a      0x2ea f:/code/Fanciol_Ctl/BLE/LIB\libCH58xBLE.a(gattservapp.o)
                0x000000000000aa0a                GATTServApp_ReadAttr
 .text.gattServApp_ProcessReadMultiReq
                0x000000000000acf4      0x16e f:/code/Fanciol_Ctl/BLE/LIB\libCH58xBLE.a(gattservapp.o)
                0x000000000000acf4                gattServApp_ProcessReadMultiReq
 .text.gattServApp_ProcessFindByTypeValueReq
                0x000000000000ae62      0x1a0 f:/code/Fanciol_Ctl/BLE/LIB\libCH58xBLE.a(gattservapp.o)
                0x000000000000ae62                gattServApp_ProcessFindByTypeValueReq
 .text.GATT_VerifyReadPermissions
                0x000000000000b002       0x68 f:/code/Fanciol_Ctl/BLE/LIB\libCH58xBLE.a(gattservapp.o)
                0x000000000000b002                GATT_VerifyReadPermissions
 .text.gattProcessReadMultiReq
                0x000000000000b06a       0xae f:/code/Fanciol_Ctl/BLE/LIB\libCH58xBLE.a(gattservapp.o)
 .text.gattProcessReadReq
                0x000000000000b118       0x30 f:/code/Fanciol_Ctl/BLE/LIB\libCH58xBLE.a(gattservapp.o)
 .text.gattServApp_ProcessReadByGrpTypeReq
                0x000000000000b148      0x200 f:/code/Fanciol_Ctl/BLE/LIB\libCH58xBLE.a(gattservapp.o)
                0x000000000000b148                gattServApp_ProcessReadByGrpTypeReq
 .text.gattServApp_ProcessReadByTypeReq
                0x000000000000b348      0x1ae f:/code/Fanciol_Ctl/BLE/LIB\libCH58xBLE.a(gattservapp.o)
                0x000000000000b348                gattServApp_ProcessReadByTypeReq
 .text.GATT_RegisterService
                0x000000000000b4f6      0x100 f:/code/Fanciol_Ctl/BLE/LIB\libCH58xBLE.a(gattservapp.o)
                0x000000000000b4f6                GATT_RegisterService
 .text.GATTServApp_RegisterService
                0x000000000000b5f6       0x7c f:/code/Fanciol_Ctl/BLE/LIB\libCH58xBLE.a(gattservapp.o)
                0x000000000000b5f6                GATTServApp_RegisterService
 .text.GATTServApp_AddService
                0x000000000000b672       0x2c f:/code/Fanciol_Ctl/BLE/LIB\libCH58xBLE.a(gattservapp.o)
                0x000000000000b672                GATTServApp_AddService
 .text.GATTServApp_RegisterForMsg
                0x000000000000b69e        0x6 f:/code/Fanciol_Ctl/BLE/LIB\libCH58xBLE.a(gattservapp.o)
                0x000000000000b69e                GATTServApp_RegisterForMsg
 .text.GATTServApp_InitCharCfg
                0x000000000000b6a4       0x28 f:/code/Fanciol_Ctl/BLE/LIB\libCH58xBLE.a(gattservapp.o)
                0x000000000000b6a4                GATTServApp_InitCharCfg
 .text.gattServApp_HandleConnStatusCB
                0x000000000000b6cc       0x74 f:/code/Fanciol_Ctl/BLE/LIB\libCH58xBLE.a(gattservapp.o)
                0x000000000000b6cc                gattServApp_HandleConnStatusCB
 .text.GATT_InitServer
                0x000000000000b740       0xfa f:/code/Fanciol_Ctl/BLE/LIB\libCH58xBLE.a(gattservapp.o)
                0x000000000000b740                GATT_InitServer
 .text.GATTServApp_Init
                0x000000000000b83a       0x34 f:/code/Fanciol_Ctl/BLE/LIB\libCH58xBLE.a(gattservapp.o)
                0x000000000000b83a                GATTServApp_Init
 .text.GATTServApp_ProcessEvent
                0x000000000000b86e      0x36a f:/code/Fanciol_Ctl/BLE/LIB\libCH58xBLE.a(gattservapp.o)
                0x000000000000b86e                GATTServApp_ProcessEvent
 .text.l2capAllocConnChannel
                0x000000000000bbd8       0xdc f:/code/Fanciol_Ctl/BLE/LIB\libCH58xBLE.a(l2cap.o)
                0x000000000000bbd8                l2capAllocConnChannel
 .text.l2capFindLocalCID
                0x000000000000bcb4       0x2c f:/code/Fanciol_Ctl/BLE/LIB\libCH58xBLE.a(l2cap.o)
                0x000000000000bcb4                l2capFindLocalCID
 .text.l2capFindLocalId
                0x000000000000bce0       0x30 f:/code/Fanciol_Ctl/BLE/LIB\libCH58xBLE.a(l2cap.o)
                0x000000000000bce0                l2capFindLocalId
 .text.l2capFindPsm
                0x000000000000bd10       0x2c f:/code/Fanciol_Ctl/BLE/LIB\libCH58xBLE.a(l2cap.o)
                0x000000000000bd10                l2capFindPsm
 .text.l2capFindRemoteCID
                0x000000000000bd3c       0x3c f:/code/Fanciol_Ctl/BLE/LIB\libCH58xBLE.a(l2cap.o)
                0x000000000000bd3c                l2capFindRemoteCID
 .text.l2capFreeChannel
                0x000000000000bd78       0x4e f:/code/Fanciol_Ctl/BLE/LIB\libCH58xBLE.a(l2cap.o)
                0x000000000000bd78                l2capFreeChannel
 .text.l2capDisconnectChannel
                0x000000000000bdc6       0x28 f:/code/Fanciol_Ctl/BLE/LIB\libCH58xBLE.a(l2cap.o)
                0x000000000000bdc6                l2capDisconnectChannel
 .text.l2capHandleTimerCB
                0x000000000000bdee       0x2c f:/code/Fanciol_Ctl/BLE/LIB\libCH58xBLE.a(l2cap.o)
                0x000000000000bdee                l2capHandleTimerCB
 .text.l2capFreePendingPkt
                0x000000000000be1a       0x58 f:/code/Fanciol_Ctl/BLE/LIB\libCH58xBLE.a(l2cap.o)
                0x000000000000be1a                l2capFreePendingPkt
 .text.l2capGetCoChannelInfo
                0x000000000000be72       0x82 f:/code/Fanciol_Ctl/BLE/LIB\libCH58xBLE.a(l2cap.o)
                0x000000000000be72                l2capGetCoChannelInfo
 .text.l2capNumActiveChannnels
                0x000000000000bef4       0x44 f:/code/Fanciol_Ctl/BLE/LIB\libCH58xBLE.a(l2cap.o)
                0x000000000000bef4                l2capNumActiveChannnels
 .text.l2capStartTimer
                0x000000000000bf38       0x1a f:/code/Fanciol_Ctl/BLE/LIB\libCH58xBLE.a(l2cap.o)
                0x000000000000bf38                l2capStartTimer
 .text.l2capStopTimer
                0x000000000000bf52       0x1e f:/code/Fanciol_Ctl/BLE/LIB\libCH58xBLE.a(l2cap.o)
                0x000000000000bf52                l2capStopTimer
 .text.l2capDisconnectAllChannels
                0x000000000000bf70       0xdc f:/code/Fanciol_Ctl/BLE/LIB\libCH58xBLE.a(l2cap.o)
                0x000000000000bf70                l2capDisconnectAllChannels
 .text.l2capHandleConnStatusCB
                0x000000000000c04c       0x3c f:/code/Fanciol_Ctl/BLE/LIB\libCH58xBLE.a(l2cap.o)
                0x000000000000c04c                l2capHandleConnStatusCB
 .text.l2capHandleRxError
                0x000000000000c088        0x6 f:/code/Fanciol_Ctl/BLE/LIB\libCH58xBLE.a(l2cap.o)
                0x000000000000c088                l2capHandleRxError
 .text.L2CAP_GetMTU
                0x000000000000c08e        0x6 f:/code/Fanciol_Ctl/BLE/LIB\libCH58xBLE.a(l2cap.o)
                0x000000000000c08e                L2CAP_GetMTU
 .text.L2CAP_HostNumCompletedPkts
                0x000000000000c094       0x28 f:/code/Fanciol_Ctl/BLE/LIB\libCH58xBLE.a(l2cap.o)
                0x000000000000c094                L2CAP_HostNumCompletedPkts
 .text.L2CAP_ParseConnectReq
                0x000000000000c0bc       0x5e f:/code/Fanciol_Ctl/BLE/LIB\libCH58xBLE.a(l2cap.o)
                0x000000000000c0bc                L2CAP_ParseConnectReq
 .text.L2CAP_ParseFlowCtrlCredit
                0x000000000000c11a       0x2e f:/code/Fanciol_Ctl/BLE/LIB\libCH58xBLE.a(l2cap.o)
                0x000000000000c11a                L2CAP_ParseFlowCtrlCredit
 .text.L2CAP_RegisterApp
                0x000000000000c148       0x30 f:/code/Fanciol_Ctl/BLE/LIB\libCH58xBLE.a(l2cap.o)
                0x000000000000c148                L2CAP_RegisterApp
 .text.L2CAP_SetBufSize
                0x000000000000c178       0x1e f:/code/Fanciol_Ctl/BLE/LIB\libCH58xBLE.a(l2cap.o)
                0x000000000000c178                L2CAP_SetBufSize
 .text.L2CAP_bm_alloc
                0x000000000000c196       0x2a f:/code/Fanciol_Ctl/BLE/LIB\libCH58xBLE.a(l2cap.o)
                0x000000000000c196                L2CAP_bm_alloc
 .text.L2CAP_Init
                0x000000000000c1c0      0x142 f:/code/Fanciol_Ctl/BLE/LIB\libCH58xBLE.a(l2cap.o)
                0x000000000000c1c0                L2CAP_Init
 .text.L2CAP_ProcessEvent
                0x000000000000c302       0xc8 f:/code/Fanciol_Ctl/BLE/LIB\libCH58xBLE.a(l2cap.o)
                0x000000000000c302                L2CAP_ProcessEvent
 .text.l2capParseCmdReject
                0x000000000000c3ca       0x5e f:/code/Fanciol_Ctl/BLE/LIB\libCH58xBLE.a(l2cap_input.o)
                0x000000000000c3ca                l2capParseCmdReject
 .text.l2capParseDisconnectReq
                0x000000000000c428       0x2e f:/code/Fanciol_Ctl/BLE/LIB\libCH58xBLE.a(l2cap_input.o)
                0x000000000000c428                l2capParseDisconnectReq
 .text.l2capParseDisconnectRsp
                0x000000000000c456       0x2e f:/code/Fanciol_Ctl/BLE/LIB\libCH58xBLE.a(l2cap_input.o)
                0x000000000000c456                l2capParseDisconnectRsp
 .text.L2CAP_ParseParamUpdateReq
                0x000000000000c484       0x4e f:/code/Fanciol_Ctl/BLE/LIB\libCH58xBLE.a(l2cap_input.o)
                0x000000000000c484                L2CAP_ParseParamUpdateReq
 .text.l2capParseParamUpdateRsp
                0x000000000000c4d2       0x1e f:/code/Fanciol_Ctl/BLE/LIB\libCH58xBLE.a(l2cap_input.o)
                0x000000000000c4d2                l2capParseParamUpdateRsp
 .text.l2capProcessConnectReq
                0x000000000000c4f0       0xfc f:/code/Fanciol_Ctl/BLE/LIB\libCH58xBLE.a(l2cap_input.o)
                0x000000000000c4f0                l2capProcessConnectReq
 .text.l2capParseConnectRsp
                0x000000000000c5ec       0x5e f:/code/Fanciol_Ctl/BLE/LIB\libCH58xBLE.a(l2cap_input.o)
                0x000000000000c5ec                l2capParseConnectRsp
 .text.l2capParseSignalHdr
                0x000000000000c64a       0x22 f:/code/Fanciol_Ctl/BLE/LIB\libCH58xBLE.a(l2cap_input.o)
                0x000000000000c64a                l2capParseSignalHdr
 .text.l2capParsePacket
                0x000000000000c66c       0x8c f:/code/Fanciol_Ctl/BLE/LIB\libCH58xBLE.a(l2cap_input.o)
                0x000000000000c66c                l2capParsePacket
 .text.l2capProcessReq
                0x000000000000c6f8      0x15a f:/code/Fanciol_Ctl/BLE/LIB\libCH58xBLE.a(l2cap_input.o)
                0x000000000000c6f8                l2capProcessReq
 .text.l2capProcessRsp
                0x000000000000c852      0x150 f:/code/Fanciol_Ctl/BLE/LIB\libCH58xBLE.a(l2cap_input.o)
                0x000000000000c852                l2capProcessRsp
 .text.l2capProcessRxData
                0x000000000000c9a2       0xf8 f:/code/Fanciol_Ctl/BLE/LIB\libCH58xBLE.a(l2cap_input.o)
                0x000000000000c9a2                l2capProcessRxData
 .text.l2capNotifyData
                0x000000000000ca9a       0x5e f:/code/Fanciol_Ctl/BLE/LIB\libCH58xBLE.a(l2cap_output.o)
                0x000000000000ca9a                l2capNotifyData
 .text.l2capNotifySignal
                0x000000000000caf8       0x7a f:/code/Fanciol_Ctl/BLE/LIB\libCH58xBLE.a(l2cap_output.o)
                0x000000000000caf8                l2capNotifySignal
 .text.l2capNotifyCreditEvt
                0x000000000000cb72       0xa0 f:/code/Fanciol_Ctl/BLE/LIB\libCH58xBLE.a(l2cap_output.o)
                0x000000000000cb72                l2capNotifyCreditEvt
 .text.l2capNotifyChannelEstEvt
                0x000000000000cc12       0x5c f:/code/Fanciol_Ctl/BLE/LIB\libCH58xBLE.a(l2cap_output.o)
                0x000000000000cc12                l2capNotifyChannelEstEvt
 .text.l2capNotifyChannelTermEvt
                0x000000000000cc6e       0x3e f:/code/Fanciol_Ctl/BLE/LIB\libCH58xBLE.a(l2cap_output.o)
                0x000000000000cc6e                l2capNotifyChannelTermEvt
 .text.l2capNotifyEvent
                0x000000000000ccac       0x66 f:/code/Fanciol_Ctl/BLE/LIB\libCH58xBLE.a(l2cap_output.o)
                0x000000000000ccac                l2capNotifyEvent
 .text.l2capStoreFCPkt
                0x000000000000cd12       0x32 f:/code/Fanciol_Ctl/BLE/LIB\libCH58xBLE.a(l2cap_output.o)
                0x000000000000cd12                l2capStoreFCPkt
 .text.l2capFreeTxSDU
                0x000000000000cd44       0x9e f:/code/Fanciol_Ctl/BLE/LIB\libCH58xBLE.a(l2cap_output.o)
                0x000000000000cd44                l2capFreeTxSDU
 .text.l2capReassembleSegment
                0x000000000000cde2      0x174 f:/code/Fanciol_Ctl/BLE/LIB\libCH58xBLE.a(l2cap_output.o)
                0x000000000000cde2                l2capReassembleSegment
 .text.l2capEncapSendData
                0x000000000000cf56       0xec f:/code/Fanciol_Ctl/BLE/LIB\libCH58xBLE.a(l2cap_output.o)
                0x000000000000cf56                l2capEncapSendData
 .text.l2capSendFCPkt.part.3
                0x000000000000d042       0x70 f:/code/Fanciol_Ctl/BLE/LIB\libCH58xBLE.a(l2cap_output.o)
 .text.l2capSendSegment
                0x000000000000d0b2      0x108 f:/code/Fanciol_Ctl/BLE/LIB\libCH58xBLE.a(l2cap_output.o)
                0x000000000000d0b2                l2capSendSegment
 .text.l2capSendNextSegment
                0x000000000000d1ba       0xb4 f:/code/Fanciol_Ctl/BLE/LIB\libCH58xBLE.a(l2cap_output.o)
                0x000000000000d1ba                l2capSendNextSegment
 .text.l2capSendPkt
                0x000000000000d26e       0x3a f:/code/Fanciol_Ctl/BLE/LIB\libCH58xBLE.a(l2cap_output.o)
                0x000000000000d26e                l2capSendPkt
 .text.L2CAP_SendData
                0x000000000000d2a8       0x82 f:/code/Fanciol_Ctl/BLE/LIB\libCH58xBLE.a(l2cap_output.o)
                0x000000000000d2a8                L2CAP_SendData
 .text.l2capSendCmd
                0x000000000000d32a       0x8a f:/code/Fanciol_Ctl/BLE/LIB\libCH58xBLE.a(l2cap_output.o)
                0x000000000000d32a                l2capSendCmd
 .text.l2capSendReq
                0x000000000000d3b4       0xbc f:/code/Fanciol_Ctl/BLE/LIB\libCH58xBLE.a(l2cap_output.o)
                0x000000000000d3b4                l2capSendReq
 .text.l2capBuildDisconnectReq
                0x000000000000d470       0x28 f:/code/Fanciol_Ctl/BLE/LIB\libCH58xBLE.a(l2cap_sdu.o)
 .text.l2capBuildParamUpdateReq
                0x000000000000d498       0x4c f:/code/Fanciol_Ctl/BLE/LIB\libCH58xBLE.a(l2cap_sdu.o)
 .text.l2capBuildParamUpdateRsp
                0x000000000000d4e4       0x16 f:/code/Fanciol_Ctl/BLE/LIB\libCH58xBLE.a(l2cap_sdu.o)
 .text.l2capBuildConnectRsp
                0x000000000000d4fa       0x5e f:/code/Fanciol_Ctl/BLE/LIB\libCH58xBLE.a(l2cap_sdu.o)
 .text.l2capBuildCmdReject
                0x000000000000d558       0x62 f:/code/Fanciol_Ctl/BLE/LIB\libCH58xBLE.a(l2cap_sdu.o)
                0x000000000000d558                l2capBuildCmdReject
 .text.l2capBuildDisconnectRsp
                0x000000000000d5ba       0x28 f:/code/Fanciol_Ctl/BLE/LIB\libCH58xBLE.a(l2cap_sdu.o)
                0x000000000000d5ba                l2capBuildDisconnectRsp
 .text.l2capSendConnectRsp
                0x000000000000d5e2       0xa6 f:/code/Fanciol_Ctl/BLE/LIB\libCH58xBLE.a(l2cap_sdu.o)
                0x000000000000d5e2                l2capSendConnectRsp
 .text.L2CAP_CmdReject
                0x000000000000d688       0x12 f:/code/Fanciol_Ctl/BLE/LIB\libCH58xBLE.a(l2cap_sdu.o)
                0x000000000000d688                L2CAP_CmdReject
 .text.L2CAP_DisconnectReq
                0x000000000000d69a       0x2a f:/code/Fanciol_Ctl/BLE/LIB\libCH58xBLE.a(l2cap_sdu.o)
                0x000000000000d69a                L2CAP_DisconnectReq
 .text.L2CAP_ConnParamUpdateReq
                0x000000000000d6c4       0x16 f:/code/Fanciol_Ctl/BLE/LIB\libCH58xBLE.a(l2cap_sdu.o)
                0x000000000000d6c4                L2CAP_ConnParamUpdateReq
 .text.L2CAP_ConnParamUpdateRsp
                0x000000000000d6da       0x12 f:/code/Fanciol_Ctl/BLE/LIB\libCH58xBLE.a(l2cap_sdu.o)
                0x000000000000d6da                L2CAP_ConnParamUpdateRsp
 .text.reportStatusChange
                0x000000000000d6ec       0x3e f:/code/Fanciol_Ctl/BLE/LIB\libCH58xBLE.a(linkdb.o)
 .text.linkDB_Init
                0x000000000000d72a       0xa0 f:/code/Fanciol_Ctl/BLE/LIB\libCH58xBLE.a(linkdb.o)
                0x000000000000d72a                linkDB_Init
 .text.linkDB_Find
                0x000000000000d7ca       0x30 f:/code/Fanciol_Ctl/BLE/LIB\libCH58xBLE.a(linkdb.o)
                0x000000000000d7ca                linkDB_Find
 .text.linkDB_Authen
                0x000000000000d7fa       0x5c f:/code/Fanciol_Ctl/BLE/LIB\libCH58xBLE.a(linkdb.o)
                0x000000000000d7fa                linkDB_Authen
 .text.linkDB_FindByAddr
                0x000000000000d856       0x7e f:/code/Fanciol_Ctl/BLE/LIB\libCH58xBLE.a(linkdb.o)
                0x000000000000d856                linkDB_FindByAddr
 .text.linkDB_FindFirst
                0x000000000000d8d4       0x3c f:/code/Fanciol_Ctl/BLE/LIB\libCH58xBLE.a(linkdb.o)
                0x000000000000d8d4                linkDB_FindFirst
 .text.linkDB_MTU
                0x000000000000d910       0x18 f:/code/Fanciol_Ctl/BLE/LIB\libCH58xBLE.a(linkdb.o)
                0x000000000000d910                linkDB_MTU
 .text.linkDB_NumActive
                0x000000000000d928       0x32 f:/code/Fanciol_Ctl/BLE/LIB\libCH58xBLE.a(linkdb.o)
                0x000000000000d928                linkDB_NumActive
 .text.linkDB_NumConns
                0x000000000000d95a        0xa f:/code/Fanciol_Ctl/BLE/LIB\libCH58xBLE.a(linkdb.o)
                0x000000000000d95a                linkDB_NumConns
 .text.linkDB_Register
                0x000000000000d964       0x28 f:/code/Fanciol_Ctl/BLE/LIB\libCH58xBLE.a(linkdb.o)
                0x000000000000d964                linkDB_Register
 .text.linkDB_Remove
                0x000000000000d98c       0x4c f:/code/Fanciol_Ctl/BLE/LIB\libCH58xBLE.a(linkdb.o)
                0x000000000000d98c                linkDB_Remove
 .text.linkDB_Role
                0x000000000000d9d8       0x18 f:/code/Fanciol_Ctl/BLE/LIB\libCH58xBLE.a(linkdb.o)
                0x000000000000d9d8                linkDB_Role
 .text.linkDB_State
                0x000000000000d9f0       0x30 f:/code/Fanciol_Ctl/BLE/LIB\libCH58xBLE.a(linkdb.o)
                0x000000000000d9f0                linkDB_State
 .text.linkDB_UpdateMTU
                0x000000000000da20       0x28 f:/code/Fanciol_Ctl/BLE/LIB\libCH58xBLE.a(linkdb.o)
                0x000000000000da20                linkDB_UpdateMTU
 .text.linkDB_PerformFunc
                0x000000000000da48       0x56 f:/code/Fanciol_Ctl/BLE/LIB\libCH58xBLE.a(linkdb.o)
                0x000000000000da48                linkDB_PerformFunc
 .text.linkDB_PeripheralLinkNum
                0x000000000000da9e       0x42 f:/code/Fanciol_Ctl/BLE/LIB\libCH58xBLE.a(linkdb.o)
                0x000000000000da9e                linkDB_PeripheralLinkNum
 .text.linkDB_GetSMEvtID
                0x000000000000dae0       0x5c f:/code/Fanciol_Ctl/BLE/LIB\libCH58xBLE.a(linkdb.o)
                0x000000000000dae0                linkDB_GetSMEvtID
 .text.linkDB_Add
                0x000000000000db3c       0xb2 f:/code/Fanciol_Ctl/BLE/LIB\libCH58xBLE.a(linkdb.o)
                0x000000000000db3c                linkDB_Add
 .text.linkDB_GetHandleFromSMEvtID
                0x000000000000dbee       0x36 f:/code/Fanciol_Ctl/BLE/LIB\libCH58xBLE.a(linkdb.o)
                0x000000000000dbee                linkDB_GetHandleFromSMEvtID
 .text.linkDB_GetPairingParam
                0x000000000000dc24       0x72 f:/code/Fanciol_Ctl/BLE/LIB\libCH58xBLE.a(linkdb.o)
                0x000000000000dc24                linkDB_GetPairingParam
 .text.linkDB_NeedSendKey
                0x000000000000dc96       0x48 f:/code/Fanciol_Ctl/BLE/LIB\libCH58xBLE.a(linkdb.o)
                0x000000000000dc96                linkDB_NeedSendKey
 .text.smStartRspTimer
                0x000000000000dcde       0x3a f:/code/Fanciol_Ctl/BLE/LIB\libCH58xBLE.a(sm.o)
 .text.smStartEncryption
                0x000000000000dd18       0xa0 f:/code/Fanciol_Ctl/BLE/LIB\libCH58xBLE.a(sm.o)
 .text.smFreePairingParams
                0x000000000000ddb8       0x7e f:/code/Fanciol_Ctl/BLE/LIB\libCH58xBLE.a(sm.o)
                0x000000000000ddb8                smFreePairingParams
 .text.smEndPairing
                0x000000000000de36       0x60 f:/code/Fanciol_Ctl/BLE/LIB\libCH58xBLE.a(sm.o)
                0x000000000000de36                smEndPairing
 .text.smLinkCheck
                0x000000000000de96       0x34 f:/code/Fanciol_Ctl/BLE/LIB\libCH58xBLE.a(sm.o)
                0x000000000000de96                smLinkCheck
 .text.smNextPairingState
                0x000000000000deca       0x58 f:/code/Fanciol_Ctl/BLE/LIB\libCH58xBLE.a(sm.o)
                0x000000000000deca                smNextPairingState
 .text.smProcessEncryptChange
                0x000000000000df22       0xf0 f:/code/Fanciol_Ctl/BLE/LIB\libCH58xBLE.a(sm.o)
                0x000000000000df22                smProcessEncryptChange
 .text.smSendSMMsg
                0x000000000000e012       0x5c f:/code/Fanciol_Ctl/BLE/LIB\libCH58xBLE.a(sm.o)
                0x000000000000e012                smSendSMMsg
 .text.smSendFailAndEnd
                0x000000000000e06e       0x38 f:/code/Fanciol_Ctl/BLE/LIB\libCH58xBLE.a(sm.o)
                0x000000000000e06e                smSendFailAndEnd
 .text.smProcessPairingReq
                0x000000000000e0a6       0x3c f:/code/Fanciol_Ctl/BLE/LIB\libCH58xBLE.a(sm.o)
                0x000000000000e0a6                smProcessPairingReq
 .text.smSetPairingReqRsp
                0x000000000000e0e2       0x3c f:/code/Fanciol_Ctl/BLE/LIB\libCH58xBLE.a(sm.o)
                0x000000000000e0e2                smSetPairingReqRsp
 .text.SM_StartEncryption
                0x000000000000e11e       0x16 f:/code/Fanciol_Ctl/BLE/LIB\libCH58xBLE.a(sm.o)
                0x000000000000e11e                SM_StartEncryption
 .text.sm_dhkey
                0x000000000000e134       0x3a f:/code/Fanciol_Ctl/BLE/LIB\libCH58xBLE.a(sm.o)
                0x000000000000e134                sm_dhkey
 .text.sm_c1    0x000000000000e16e       0xb4 f:/code/Fanciol_Ctl/BLE/LIB\libCH58xBLE.a(sm.o)
                0x000000000000e16e                sm_c1
 .text.smDetermineKeySize
                0x000000000000e222       0x20 f:/code/Fanciol_Ctl/BLE/LIB\libCH58xBLE.a(sm.o)
                0x000000000000e222                smDetermineKeySize
 .text.smpParsePairingReq
                0x000000000000e242      0x118 f:/code/Fanciol_Ctl/BLE/LIB\libCH58xBLE.a(sm.o)
                0x000000000000e242                smpParsePairingReq
 .text.smpParseEncInfo
                0x000000000000e35a       0x2a f:/code/Fanciol_Ctl/BLE/LIB\libCH58xBLE.a(sm.o)
                0x000000000000e35a                smpParseEncInfo
 .text.smpParseIdentityAddrInfo
                0x000000000000e384       0x34 f:/code/Fanciol_Ctl/BLE/LIB\libCH58xBLE.a(sm.o)
                0x000000000000e384                smpParseIdentityAddrInfo
 .text.smpParseIdentityInfo
                0x000000000000e3b8       0x2a f:/code/Fanciol_Ctl/BLE/LIB\libCH58xBLE.a(sm.o)
                0x000000000000e3b8                smpParseIdentityInfo
 .text.smpParseMasterID
                0x000000000000e3e2       0x3c f:/code/Fanciol_Ctl/BLE/LIB\libCH58xBLE.a(sm.o)
                0x000000000000e3e2                smpParseMasterID
 .text.smpParsePairingConfirm
                0x000000000000e41e       0x2a f:/code/Fanciol_Ctl/BLE/LIB\libCH58xBLE.a(sm.o)
                0x000000000000e41e                smpParsePairingConfirm
 .text.smpParsePairingFailed
                0x000000000000e448       0x1c f:/code/Fanciol_Ctl/BLE/LIB\libCH58xBLE.a(sm.o)
                0x000000000000e448                smpParsePairingFailed
 .text.smpParsePairingRandom
                0x000000000000e464       0x2a f:/code/Fanciol_Ctl/BLE/LIB\libCH58xBLE.a(sm.o)
                0x000000000000e464                smpParsePairingRandom
 .text.smpParseSigningInfo
                0x000000000000e48e       0x2a f:/code/Fanciol_Ctl/BLE/LIB\libCH58xBLE.a(sm.o)
                0x000000000000e48e                smpParseSigningInfo
 .text.smpParsePairingPublicKey
                0x000000000000e4b8       0x2c f:/code/Fanciol_Ctl/BLE/LIB\libCH58xBLE.a(sm.o)
                0x000000000000e4b8                smpParsePairingPublicKey
 .text.smpParsePairingDHKeyCheck
                0x000000000000e4e4       0x2a f:/code/Fanciol_Ctl/BLE/LIB\libCH58xBLE.a(sm.o)
                0x000000000000e4e4                smpParsePairingDHKeyCheck
 .text.smProcessDataMsg
                0x000000000000e50e       0xfc f:/code/Fanciol_Ctl/BLE/LIB\libCH58xBLE.a(sm.o)
                0x000000000000e50e                smProcessDataMsg
 .text.smProcessTMOSMsg
                0x000000000000e60a      0x164 f:/code/Fanciol_Ctl/BLE/LIB\libCH58xBLE.a(sm.o)
                0x000000000000e60a                smProcessTMOSMsg
 .text.SM_CalcRandomAddr
                0x000000000000e76e       0x54 f:/code/Fanciol_Ctl/BLE/LIB\libCH58xBLE.a(sm.o)
                0x000000000000e76e                SM_CalcRandomAddr
 .text.SM_GenerateAuthenSig
                0x000000000000e7c2       0xe6 f:/code/Fanciol_Ctl/BLE/LIB\libCH58xBLE.a(sm.o)
                0x000000000000e7c2                SM_GenerateAuthenSig
 .text.SM_PasskeyUpdate
                0x000000000000e8a8       0xe8 f:/code/Fanciol_Ctl/BLE/LIB\libCH58xBLE.a(sm.o)
                0x000000000000e8a8                SM_PasskeyUpdate
 .text.SM_ResolveRandomAddrs
                0x000000000000e990       0x5e f:/code/Fanciol_Ctl/BLE/LIB\libCH58xBLE.a(sm.o)
                0x000000000000e990                SM_ResolveRandomAddrs
 .text.SM_StartPairing
                0x000000000000e9ee       0xc2 f:/code/Fanciol_Ctl/BLE/LIB\libCH58xBLE.a(sm.o)
                0x000000000000e9ee                SM_StartPairing
 .text.SM_VerifyAuthenSig
                0x000000000000eab0      0x150 f:/code/Fanciol_Ctl/BLE/LIB\libCH58xBLE.a(sm.o)
                0x000000000000eab0                SM_VerifyAuthenSig
 .text.SM_ProcessEvent
                0x000000000000ec00       0xb4 f:/code/Fanciol_Ctl/BLE/LIB\libCH58xBLE.a(sm.o)
                0x000000000000ec00                SM_ProcessEvent
 .text.SM_ParamInit
                0x000000000000ecb4       0x5a f:/code/Fanciol_Ctl/BLE/LIB\libCH58xBLE.a(sm.o)
                0x000000000000ecb4                SM_ParamInit
 .text.SM_InitiatorInit
                0x000000000000ed0e       0x1e f:/code/Fanciol_Ctl/BLE/LIB\libCH58xBLE.a(sm.o)
                0x000000000000ed0e                SM_InitiatorInit
 .text.SM_ResponderInit
                0x000000000000ed2c       0x1e f:/code/Fanciol_Ctl/BLE/LIB\libCH58xBLE.a(sm.o)
                0x000000000000ed2c                SM_ResponderInit
 .text.SM_Init  0x000000000000ed4a       0x2a f:/code/Fanciol_Ctl/BLE/LIB\libCH58xBLE.a(sm.o)
                0x000000000000ed4a                SM_Init
 .text.smpInitiatorProcessPairingRsp
                0x000000000000ed74      0x278 f:/code/Fanciol_Ctl/BLE/LIB\libCH58xBLE.a(sm_initiator.o)
                0x000000000000ed74                smpInitiatorProcessPairingRsp
 .text.smInitiatorSendNextKeyInfo
                0x000000000000efec      0x26a f:/code/Fanciol_Ctl/BLE/LIB\libCH58xBLE.a(sm_initiator.o)
                0x000000000000efec                smInitiatorSendNextKeyInfo
 .text.setupInitiatorKeys
                0x000000000000f256       0x88 f:/code/Fanciol_Ctl/BLE/LIB\libCH58xBLE.a(sm_initiator.o)
 .text.smpInitiatorProcessIncoming
                0x000000000000f2de      0x410 f:/code/Fanciol_Ctl/BLE/LIB\libCH58xBLE.a(sm_initiator.o)
                0x000000000000f2de                smpInitiatorProcessIncoming
 .text.smpBuildPairingReqRsp
                0x000000000000f6ee       0xc6 f:/code/Fanciol_Ctl/BLE/LIB\libCH58xBLE.a(sm_pdu.o)
 .text.smpBuildPairingReq
                0x000000000000f7b4        0xa f:/code/Fanciol_Ctl/BLE/LIB\libCH58xBLE.a(sm_pdu.o)
                0x000000000000f7b4                smpBuildPairingReq
 .text.smpBuildPairingRsp
                0x000000000000f7be        0xa f:/code/Fanciol_Ctl/BLE/LIB\libCH58xBLE.a(sm_pdu.o)
                0x000000000000f7be                smpBuildPairingRsp
 .text.smpBuildPairingConfirm
                0x000000000000f7c8       0x30 f:/code/Fanciol_Ctl/BLE/LIB\libCH58xBLE.a(sm_pdu.o)
                0x000000000000f7c8                smpBuildPairingConfirm
 .text.smpBuildPairingRandom
                0x000000000000f7f8       0x30 f:/code/Fanciol_Ctl/BLE/LIB\libCH58xBLE.a(sm_pdu.o)
                0x000000000000f7f8                smpBuildPairingRandom
 .text.smpBuildEncInfo
                0x000000000000f828       0x30 f:/code/Fanciol_Ctl/BLE/LIB\libCH58xBLE.a(sm_pdu.o)
                0x000000000000f828                smpBuildEncInfo
 .text.smpBuildMasterID
                0x000000000000f858       0x44 f:/code/Fanciol_Ctl/BLE/LIB\libCH58xBLE.a(sm_pdu.o)
                0x000000000000f858                smpBuildMasterID
 .text.smpBuildIdentityInfo
                0x000000000000f89c       0x30 f:/code/Fanciol_Ctl/BLE/LIB\libCH58xBLE.a(sm_pdu.o)
                0x000000000000f89c                smpBuildIdentityInfo
 .text.smpBuildIdentityAddrInfo
                0x000000000000f8cc       0x3a f:/code/Fanciol_Ctl/BLE/LIB\libCH58xBLE.a(sm_pdu.o)
                0x000000000000f8cc                smpBuildIdentityAddrInfo
 .text.smpBuildSigningInfo
                0x000000000000f906       0x30 f:/code/Fanciol_Ctl/BLE/LIB\libCH58xBLE.a(sm_pdu.o)
                0x000000000000f906                smpBuildSigningInfo
 .text.smpBuildPublicKey
                0x000000000000f936       0x32 f:/code/Fanciol_Ctl/BLE/LIB\libCH58xBLE.a(sm_pdu.o)
                0x000000000000f936                smpBuildPublicKey
 .text.smpBuildDHKey
                0x000000000000f968       0x30 f:/code/Fanciol_Ctl/BLE/LIB\libCH58xBLE.a(sm_pdu.o)
                0x000000000000f968                smpBuildDHKey
 .text.smpBuildPairingFailed
                0x000000000000f998       0x1a f:/code/Fanciol_Ctl/BLE/LIB\libCH58xBLE.a(sm_pdu.o)
                0x000000000000f998                smpBuildPairingFailed
 .text.smpBuildSecurityReq
                0x000000000000f9b2       0x1a f:/code/Fanciol_Ctl/BLE/LIB\libCH58xBLE.a(sm_pdu.o)
                0x000000000000f9b2                smpBuildSecurityReq
 .text.smGeneratePairingReq
                0x000000000000f9cc       0x30 f:/code/Fanciol_Ctl/BLE/LIB\libCH58xBLE.a(sm_pdu.o)
                0x000000000000f9cc                smGeneratePairingReq
 .text.smGeneratePairingRsp
                0x000000000000f9fc       0x30 f:/code/Fanciol_Ctl/BLE/LIB\libCH58xBLE.a(sm_pdu.o)
                0x000000000000f9fc                smGeneratePairingRsp
 .text.smGenerateConfirm
                0x000000000000fa2c       0x34 f:/code/Fanciol_Ctl/BLE/LIB\libCH58xBLE.a(sm_pdu.o)
                0x000000000000fa2c                smGenerateConfirm
 .text.smGenerateRandMsg
                0x000000000000fa60       0x34 f:/code/Fanciol_Ctl/BLE/LIB\libCH58xBLE.a(sm_pdu.o)
                0x000000000000fa60                smGenerateRandMsg
 .text.smGeneratePairingPublicKey
                0x000000000000fa94       0x60 f:/code/Fanciol_Ctl/BLE/LIB\libCH58xBLE.a(sm_pdu.o)
                0x000000000000fa94                smGeneratePairingPublicKey
 .text.smGeneratePairingDHKeyCheck
                0x000000000000faf4      0x24c f:/code/Fanciol_Ctl/BLE/LIB\libCH58xBLE.a(sm_pdu.o)
                0x000000000000faf4                smGeneratePairingDHKeyCheck
 .text.smPairingSendEncInfo
                0x000000000000fd40       0x10 f:/code/Fanciol_Ctl/BLE/LIB\libCH58xBLE.a(sm_pdu.o)
                0x000000000000fd40                smPairingSendEncInfo
 .text.smPairingSendIdentityAddrInfo
                0x000000000000fd50       0x38 f:/code/Fanciol_Ctl/BLE/LIB\libCH58xBLE.a(sm_pdu.o)
                0x000000000000fd50                smPairingSendIdentityAddrInfo
 .text.smPairingSendIdentityInfo
                0x000000000000fd88       0x10 f:/code/Fanciol_Ctl/BLE/LIB\libCH58xBLE.a(sm_pdu.o)
                0x000000000000fd88                smPairingSendIdentityInfo
 .text.smPairingSendMasterID
                0x000000000000fd98       0x38 f:/code/Fanciol_Ctl/BLE/LIB\libCH58xBLE.a(sm_pdu.o)
                0x000000000000fd98                smPairingSendMasterID
 .text.smPairingSendSingingInfo
                0x000000000000fdd0       0x10 f:/code/Fanciol_Ctl/BLE/LIB\libCH58xBLE.a(sm_pdu.o)
                0x000000000000fdd0                smPairingSendSingingInfo
 .text.smResponderSendNextKeyInfo
                0x000000000000fde0      0x2de f:/code/Fanciol_Ctl/BLE/LIB\libCH58xBLE.a(sm_responding.o)
                0x000000000000fde0                smResponderSendNextKeyInfo
 .text.smResponderProcessLTKReq
                0x00000000000100be      0x1a6 f:/code/Fanciol_Ctl/BLE/LIB\libCH58xBLE.a(sm_responding.o)
                0x00000000000100be                smResponderProcessLTKReq
 .text.smpResponderProcessIncoming
                0x0000000000010264      0x6f6 f:/code/Fanciol_Ctl/BLE/LIB\libCH58xBLE.a(sm_responding.o)
                0x0000000000010264                smpResponderProcessIncoming
 .text.xor_128  0x000000000001095a       0x28 f:/code/Fanciol_Ctl/BLE/LIB\libCH58xBLE.a(sm_toolbox.o)
                0x000000000001095a                xor_128
 .text.leftshift_onebit
                0x0000000000010982       0x2e f:/code/Fanciol_Ctl/BLE/LIB\libCH58xBLE.a(sm_toolbox.o)
                0x0000000000010982                leftshift_onebit
 .text.padding  0x00000000000109b0       0x38 f:/code/Fanciol_Ctl/BLE/LIB\libCH58xBLE.a(sm_toolbox.o)
                0x00000000000109b0                padding
 .text.generate_subkey
                0x00000000000109e8       0xd4 f:/code/Fanciol_Ctl/BLE/LIB\libCH58xBLE.a(sm_toolbox.o)
                0x00000000000109e8                generate_subkey
 .text.sm_xor   0x0000000000010abc       0x24 f:/code/Fanciol_Ctl/BLE/LIB\libCH58xBLE.a(sm_toolbox.o)
                0x0000000000010abc                sm_xor
 .text.sm_ah    0x0000000000010ae0       0x90 f:/code/Fanciol_Ctl/BLE/LIB\libCH58xBLE.a(sm_toolbox.o)
                0x0000000000010ae0                sm_ah
 .text.sm_c1new
                0x0000000000010b70      0x144 f:/code/Fanciol_Ctl/BLE/LIB\libCH58xBLE.a(sm_toolbox.o)
                0x0000000000010b70                sm_c1new
 .text.sm_s1    0x0000000000010cb4       0x96 f:/code/Fanciol_Ctl/BLE/LIB\libCH58xBLE.a(sm_toolbox.o)
                0x0000000000010cb4                sm_s1
 .text.sm_CMAC  0x0000000000010d4a      0x172 f:/code/Fanciol_Ctl/BLE/LIB\libCH58xBLE.a(sm_toolbox.o)
                0x0000000000010d4a                sm_CMAC
 .text.HOST_LE_ConnectionCompleteEvent
                0x0000000000010ebc       0xca f:/code/Fanciol_Ctl/BLE/LIB\libCH58xBLE.a(host_input.o)
                0x0000000000010ebc                HOST_LE_ConnectionCompleteEvent
 .text.HOST_LE_ConnectionUpdateCompleteEvent
                0x0000000000010f86       0x60 f:/code/Fanciol_Ctl/BLE/LIB\libCH58xBLE.a(host_input.o)
                0x0000000000010f86                HOST_LE_ConnectionUpdateCompleteEvent
 .text.HOST_LE_ReadRemoteUsedFeaturesCompleteEvent
                0x0000000000010fe6       0x66 f:/code/Fanciol_Ctl/BLE/LIB\libCH58xBLE.a(host_input.o)
                0x0000000000010fe6                HOST_LE_ReadRemoteUsedFeaturesCompleteEvent
 .text.HOST_LE_LongTermKeyRequestEvent
                0x000000000001104c       0x64 f:/code/Fanciol_Ctl/BLE/LIB\libCH58xBLE.a(host_input.o)
                0x000000000001104c                HOST_LE_LongTermKeyRequestEvent
 .text.HOST_LE_RemoteConnectionParameterRequestEvent
                0x00000000000110b0       0x60 f:/code/Fanciol_Ctl/BLE/LIB\libCH58xBLE.a(host_input.o)
                0x00000000000110b0                HOST_LE_RemoteConnectionParameterRequestEvent
 .text.HOST_RemoteConnectionParameterRequestEvent
                0x0000000000011110       0x42 f:/code/Fanciol_Ctl/BLE/LIB\libCH58xBLE.a(host_input.o)
                0x0000000000011110                HOST_RemoteConnectionParameterRequestEvent
 .text.HOST_LE_DataLengthChangeEvent
                0x0000000000011152       0x60 f:/code/Fanciol_Ctl/BLE/LIB\libCH58xBLE.a(host_input.o)
                0x0000000000011152                HOST_LE_DataLengthChangeEvent
 .text.HOST_LE_EnhancedConnectionCompleteEvent
                0x00000000000111b2      0x128 f:/code/Fanciol_Ctl/BLE/LIB\libCH58xBLE.a(host_input.o)
                0x00000000000111b2                HOST_LE_EnhancedConnectionCompleteEvent
 .text.HOST_LE_PHYUpdateCompleteReportEvent
                0x00000000000112da       0x58 f:/code/Fanciol_Ctl/BLE/LIB\libCH58xBLE.a(host_input.o)
                0x00000000000112da                HOST_LE_PHYUpdateCompleteReportEvent
 .text.HOST_LE_PeriodicAdvertisingSyncEstablishedEvent
                0x0000000000011332       0x9c f:/code/Fanciol_Ctl/BLE/LIB\libCH58xBLE.a(host_input.o)
                0x0000000000011332                HOST_LE_PeriodicAdvertisingSyncEstablishedEvent
 .text.HOST_LE_PeriodicAdvertisingSyncLostEvent
                0x00000000000113ce       0x40 f:/code/Fanciol_Ctl/BLE/LIB\libCH58xBLE.a(host_input.o)
                0x00000000000113ce                HOST_LE_PeriodicAdvertisingSyncLostEvent
 .text.HOST_LE_ScanTimeoutEvent
                0x000000000001140e       0x3a f:/code/Fanciol_Ctl/BLE/LIB\libCH58xBLE.a(host_input.o)
                0x000000000001140e                HOST_LE_ScanTimeoutEvent
 .text.HOST_LE_AdvertisingSetTerminatedEvent
                0x0000000000011448       0x58 f:/code/Fanciol_Ctl/BLE/LIB\libCH58xBLE.a(host_input.o)
                0x0000000000011448                HOST_LE_AdvertisingSetTerminatedEvent
 .text.HOST_LE_ScanRequestReceivedEvent
                0x00000000000114a0       0x6c f:/code/Fanciol_Ctl/BLE/LIB\libCH58xBLE.a(host_input.o)
                0x00000000000114a0                HOST_LE_ScanRequestReceivedEvent
 .text.HOST_LE_ChannelSelectionAlgorithmEvent
                0x000000000001150c       0x48 f:/code/Fanciol_Ctl/BLE/LIB\libCH58xBLE.a(host_input.o)
                0x000000000001150c                HOST_LE_ChannelSelectionAlgorithmEvent
 .text.HOST_DisconnectionCompleteEvent
                0x0000000000011554       0x48 f:/code/Fanciol_Ctl/BLE/LIB\libCH58xBLE.a(host_input.o)
                0x0000000000011554                HOST_DisconnectionCompleteEvent
 .text.HOST_EncryptionChangeEvent
                0x000000000001159c       0x50 f:/code/Fanciol_Ctl/BLE/LIB\libCH58xBLE.a(host_input.o)
                0x000000000001159c                HOST_EncryptionChangeEvent
 .text.HOST_ReadRemoteVersionInfoEvent
                0x00000000000115ec       0x5a f:/code/Fanciol_Ctl/BLE/LIB\libCH58xBLE.a(host_input.o)
                0x00000000000115ec                HOST_ReadRemoteVersionInfoEvent
 .text.HOST_CommandCompleteEvent
                0x0000000000011646       0x62 f:/code/Fanciol_Ctl/BLE/LIB\libCH58xBLE.a(host_input.o)
                0x0000000000011646                HOST_CommandCompleteEvent
 .text.HOST_CommandStatusEvent
                0x00000000000116a8       0x48 f:/code/Fanciol_Ctl/BLE/LIB\libCH58xBLE.a(host_input.o)
                0x00000000000116a8                HOST_CommandStatusEvent
 .text.HOST_DataBufferOverflowEvent
                0x00000000000116f0       0x3e f:/code/Fanciol_Ctl/BLE/LIB\libCH58xBLE.a(host_input.o)
                0x00000000000116f0                HOST_DataBufferOverflowEvent
 .text.HOST_EncryptionKeyRefreshCompleteEvent
                0x000000000001172e       0x4a f:/code/Fanciol_Ctl/BLE/LIB\libCH58xBLE.a(host_input.o)
                0x000000000001172e                HOST_EncryptionKeyRefreshCompleteEvent
 .text.HOST_NumberOfCompletedPacketsEvent
                0x0000000000011778       0x40 f:/code/Fanciol_Ctl/BLE/LIB\libCH58xBLE.a(host_input.o)
                0x0000000000011778                HOST_NumberOfCompletedPacketsEvent
 .text.HOST_RecvDataPackets
                0x00000000000117b8      0x256 f:/code/Fanciol_Ctl/BLE/LIB\libCH58xBLE.a(host_input.o)
                0x00000000000117b8                HOST_RecvDataPackets
 .text.HCI_DisconnectCmd
                0x0000000000011a0e        0x4 f:/code/Fanciol_Ctl/BLE/LIB\libCH58xBLE.a(host_output.o)
                0x0000000000011a0e                HCI_DisconnectCmd
 .text.HCI_MB_DisconnectCmd