Archive member included to satisfy reference by file (symbol)

f:/下载工具包/CH583EVT/EVT/EXAM/SRC/StdPeriphDriver\libISP583.a(ISP583.o)
                              ./StdPeriphDriver/CH58x_flash.o (FLASH_EEPROM_CMD)
f:/下载工具包/CH583EVT/EVT/EXAM/BLE/LIB\libCH58xBLE.a(message.o)
                              ./HAL/MCU.o (tmos_msg_deallocate)
f:/下载工具包/CH583EVT/EVT/EXAM/BLE/LIB\libCH58xBLE.a(tmos.o)
                              ./Profile/devinfoservice.o (tmos_memcpy)
f:/下载工具包/CH583EVT/EVT/EXAM/BLE/LIB\libCH58xBLE.a(tmos_hw.o)
                              ./HAL/RTC.o (TMOS_TimerInit)
f:/下载工具包/CH583EVT/EVT/EXAM/BLE/LIB\libCH58xBLE.a(tmos_snv.o)
                              f:/下载工具包/CH583EVT/EVT/EXAM/BLE/LIB\libCH58xBLE.a(tmos.o) (tmos_snv_init)
f:/下载工具包/CH583EVT/EVT/EXAM/BLE/LIB\libCH58xBLE.a(gap.o)
                              ./APP/peripheral.o (GAP_SetParamValue)
f:/下载工具包/CH583EVT/EVT/EXAM/BLE/LIB\libCH58xBLE.a(gap_central.o)
                              f:/下载工具包/CH583EVT/EVT/EXAM/BLE/LIB\libCH58xBLE.a(gap.o) (gapProcessPeriodicAdvertisingSyncEstablishedEvt)
f:/下载工具包/CH583EVT/EVT/EXAM/BLE/LIB\libCH58xBLE.a(gap_peripheral.o)
                              f:/下载工具包/CH583EVT/EVT/EXAM/BLE/LIB\libCH58xBLE.a(gap.o) (GAP_PeripheralParamInit)
f:/下载工具包/CH583EVT/EVT/EXAM/BLE/LIB\libCH58xBLE.a(gapgattserver.o)
                              ./APP/peripheral.o (GGS_SetParameter)
f:/下载工具包/CH583EVT/EVT/EXAM/BLE/LIB\libCH58xBLE.a(gatt.o)
                              ./APP/peripheral.o (GATT_bm_alloc)
f:/下载工具包/CH583EVT/EVT/EXAM/BLE/LIB\libCH58xBLE.a(gatt_uuid.o)
                              f:/下载工具包/CH583EVT/EVT/EXAM/BLE/LIB\libCH58xBLE.a(gatt.o) (serviceChangedUUID)
f:/下载工具包/CH583EVT/EVT/EXAM/BLE/LIB\libCH58xBLE.a(gattclientapp.o)
                              f:/下载工具包/CH583EVT/EVT/EXAM/BLE/LIB\libCH58xBLE.a(gatt.o) (gattGetClientStatus)
f:/下载工具包/CH583EVT/EVT/EXAM/BLE/LIB\libCH58xBLE.a(gattservapp.o)
                              ./Profile/gattprofile.o (GATTServApp_ReadCharCfg)
f:/下载工具包/CH583EVT/EVT/EXAM/BLE/LIB\libCH58xBLE.a(l2cap.o)
                              f:/下载工具包/CH583EVT/EVT/EXAM/BLE/LIB\libCH58xBLE.a(gatt.o) (L2CAP_GetMTU)
f:/下载工具包/CH583EVT/EVT/EXAM/BLE/LIB\libCH58xBLE.a(l2cap_input.o)
                              f:/下载工具包/CH583EVT/EVT/EXAM/BLE/LIB\libCH58xBLE.a(l2cap.o) (l2capProcessRxData)
f:/下载工具包/CH583EVT/EVT/EXAM/BLE/LIB\libCH58xBLE.a(l2cap_output.o)
                              f:/下载工具包/CH583EVT/EVT/EXAM/BLE/LIB\libCH58xBLE.a(l2cap_input.o) (l2capNotifyData)
f:/下载工具包/CH583EVT/EVT/EXAM/BLE/LIB\libCH58xBLE.a(l2cap_sdu.o)
                              f:/下载工具包/CH583EVT/EVT/EXAM/BLE/LIB\libCH58xBLE.a(l2cap_input.o) (l2capBuildDisconnectRsp)
f:/下载工具包/CH583EVT/EVT/EXAM/BLE/LIB\libCH58xBLE.a(linkdb.o)
                              f:/下载工具包/CH583EVT/EVT/EXAM/BLE/LIB\libCH58xBLE.a(l2cap.o) (linkDB_Init)
f:/下载工具包/CH583EVT/EVT/EXAM/BLE/LIB\libCH58xBLE.a(sm.o)
                              f:/下载工具包/CH583EVT/EVT/EXAM/BLE/LIB\libCH58xBLE.a(gap.o) (smFreePairingParams)
f:/下载工具包/CH583EVT/EVT/EXAM/BLE/LIB\libCH58xBLE.a(sm_initiator.o)
                              f:/下载工具包/CH583EVT/EVT/EXAM/BLE/LIB\libCH58xBLE.a(sm.o) (smInitiatorSendNextKeyInfo)
f:/下载工具包/CH583EVT/EVT/EXAM/BLE/LIB\libCH58xBLE.a(sm_pdu.o)
                              f:/下载工具包/CH583EVT/EVT/EXAM/BLE/LIB\libCH58xBLE.a(sm.o) (smpBuildPairingReq)
f:/下载工具包/CH583EVT/EVT/EXAM/BLE/LIB\libCH58xBLE.a(sm_responding.o)
                              f:/下载工具包/CH583EVT/EVT/EXAM/BLE/LIB\libCH58xBLE.a(sm.o) (smResponderSendNextKeyInfo)
f:/下载工具包/CH583EVT/EVT/EXAM/BLE/LIB\libCH58xBLE.a(sm_toolbox.o)
                              f:/下载工具包/CH583EVT/EVT/EXAM/BLE/LIB\libCH58xBLE.a(sm.o) (sm_ah)
f:/下载工具包/CH583EVT/EVT/EXAM/BLE/LIB\libCH58xBLE.a(host_input.o)
                              f:/下载工具包/CH583EVT/EVT/EXAM/BLE/LIB\libCH58xBLE.a(gap.o) (gBleHostPara)
f:/下载工具包/CH583EVT/EVT/EXAM/BLE/LIB\libCH58xBLE.a(host_output.o)
                              f:/下载工具包/CH583EVT/EVT/EXAM/BLE/LIB\libCH58xBLE.a(gap.o) (HCI_DisconnectCmd)
f:/下载工具包/CH583EVT/EVT/EXAM/BLE/LIB\libCH58xBLE.a(ll_master.o)
                              f:/下载工具包/CH583EVT/EVT/EXAM/BLE/LIB\libCH58xBLE.a(gap_central.o) (LL_SetDataSendPriority)
f:/下载工具包/CH583EVT/EVT/EXAM/BLE/LIB\libCH58xBLE.a(ll_pdu.o)
                              f:/下载工具包/CH583EVT/EVT/EXAM/BLE/LIB\libCH58xBLE.a(ll_master.o) (LL_ConnectionUpdateInd)
f:/下载工具包/CH583EVT/EVT/EXAM/BLE/LIB\libCH58xBLE.a(ll_scan.o)
                              f:/下载工具包/CH583EVT/EVT/EXAM/BLE/LIB\libCH58xBLE.a(ll_master.o) (LL_ScanEnable)
f:/下载工具包/CH583EVT/EVT/EXAM/BLE/LIB\libCH58xBLE.a(ll_sync.o)
                              f:/下载工具包/CH583EVT/EVT/EXAM/BLE/LIB\libCH58xBLE.a(ll_scan.o) (debug_periodic_tmp)
f:/下载工具包/CH583EVT/EVT/EXAM/BLE/LIB\libCH58xBLE.a(ll_whitelist.o)
                              f:/下载工具包/CH583EVT/EVT/EXAM/BLE/LIB\libCH58xBLE.a(ll_scan.o) (LL_WhitelistLookup)
f:/下载工具包/CH583EVT/EVT/EXAM/BLE/LIB\libCH58xBLE.a(aes.o)
[...]
Memory Configuration

Name             Origin             Length             Attributes
FLASH            0x0000000000000000 0x0000000000070000 xr
RAM              0x0000000020000000 0x0000000000008000 xrw
*default*        0x0000000000000000 0xffffffffffffffff

Linker script and memory map

LOAD ./StdPeriphDriver/CH58x_adc.o
LOAD ./StdPeriphDriver/CH58x_clk.o
LOAD ./StdPeriphDriver/CH58x_flash.o
LOAD ./StdPeriphDriver/CH58x_gpio.o
LOAD ./StdPeriphDriver/CH58x_i2c.o
LOAD ./StdPeriphDriver/CH58x_pwm.o
LOAD ./StdPeriphDriver/CH58x_pwr.o
LOAD ./StdPeriphDriver/CH58x_spi0.o
LOAD ./StdPeriphDriver/CH58x_spi1.o
LOAD ./StdPeriphDriver/CH58x_sys.o
LOAD ./StdPeriphDriver/CH58x_timer0.o
LOAD ./StdPeriphDriver/CH58x_timer1.o
LOAD ./StdPeriphDriver/CH58x_timer2.o
LOAD ./StdPeriphDriver/CH58x_timer3.o
LOAD ./StdPeriphDriver/CH58x_uart0.o
LOAD ./StdPeriphDriver/CH58x_uart1.o
LOAD ./StdPeriphDriver/CH58x_uart2.o
LOAD ./StdPeriphDriver/CH58x_uart3.o
LOAD ./StdPeriphDriver/CH58x_usb2dev.o
LOAD ./StdPeriphDriver/CH58x_usb2hostBase.o
LOAD ./StdPeriphDriver/CH58x_usb2hostClass.o
LOAD ./StdPeriphDriver/CH58x_usbdev.o
LOAD ./StdPeriphDriver/CH58x_usbhostBase.o
LOAD ./StdPeriphDriver/CH58x_usbhostClass.o
LOAD ./Startup/startup_CH583.o
LOAD ./RVMSIS/core_riscv.o
LOAD ./Profile/devinfoservice.o
LOAD ./Profile/gattprofile.o
LOAD ./HAL/MCU.o
LOAD ./HAL/RTC.o
LOAD ./HAL/SLEEP.o
LOAD ./APP/peripheral.o
LOAD ./APP/peripheral_main.o
LOAD f:/下载工具包/CH583EVT/EVT/EXAM/SRC/StdPeriphDriver\libISP583.a
LOAD f:/下载工具包/CH583EVT/EVT/EXAM/BLE/LIB\libCH58xBLE.a
LOAD e:/mounriver/mounriver_studio2/resources/app/resources/win32/components/wch/toolchain/risc-v embedded gcc/bin/../lib/gcc/riscv-none-embed/8.2.0/../../../../riscv-none-embed/lib/rv32imac/ilp32\libm.a
LOAD e:/mounriver/mounriver_studio2/resources/app/resources/win32/components/wch/toolchain/risc-v embedded gcc/bin/../lib/gcc/riscv-none-embed/8.2.0/rv32imac/ilp32\libgcc.a
LOAD e:/mounriver/mounriver_studio2/resources/app/resources/win32/components/wch/toolchain/risc-v embedded gcc/bin/../lib/gcc/riscv-none-embed/8.2.0/../../../../riscv-none-embed/lib/rv32imac/ilp32\libg_nano.a
LOAD e:/mounriver/mounriver_studio2/resources/app/resources/win32/components/wch/toolchain/risc-v embedded gcc/bin/../lib/gcc/riscv-none-embed/8.2.0/../../../../riscv-none-embed/lib/rv32imac/ilp32\libc_nano.a
LOAD e:/mounriver/mounriver_studio2/resources/app/resources/win32/components/wch/toolchain/risc-v embedded gcc/bin/../lib/gcc/riscv-none-embed/8.2.0/rv32imac/ilp32\libgcc.a
START GROUP
LOAD e:/mounriver/mounriver_studio2/resources/app/resources/win32/components/wch/toolchain/risc-v embedded gcc/bin/../lib/gcc/riscv-none-embed/8.2.0/rv32imac/ilp32\libgcc.a
LOAD e:/mounriver/mounriver_studio2/resources/app/resources/win32/components/wch/toolchain/risc-v embedded gcc/bin/../lib/gcc/riscv-none-embed/8.2.0/../../../../riscv-none-embed/lib/rv32imac/ilp32\libc_nano.a
LOAD e:/mounriver/mounriver_studio2/resources/app/resources/win32/components/wch/toolchain/risc-v embedded gcc/bin/../lib/gcc/riscv-none-embed/8.2.0/../../../../riscv-none-embed/lib/rv32imac/ilp32\libnosys.a
END GROUP
START GROUP
LOAD e:/mounriver/mounriver_studio2/resources/app/resources/win32/components/wch/toolchain/risc-v embedded gcc/bin/../lib/gcc/riscv-none-embed/8.2.0/rv32imac/ilp32\libgcc.a
LOAD e:/mounriver/mounriver_studio2/resources/app/resources/win32/components/wch/toolchain/risc-v embedded gcc/bin/../lib/gcc/riscv-none-embed/8.2.0/../../../../riscv-none-embed/lib/rv32imac/ilp32\libc_nano.a
LOAD e:/mounriver/mounriver_studio2/resources/app/resources/win32/components/wch/toolchain/risc-v embedded gcc/bin/../lib/gcc/riscv-none-embed/8.2.0/../../../../riscv-none-embed/lib/rv32imac/ilp32\libnosys.a
END GROUP
                0x0000000000000200                __stack_size = 0x200
                [!provide]                        PROVIDE (_stack_size = __stack_size)

.init           0x0000000000000000        0x4
                0x0000000000000000                _sinit = .
                0x0000000000000000                . = ALIGN (0x4)
 *(SORT_NONE(.init))
 .init          0x0000000000000000        0x4 ./Startup/startup_CH583.o
                0x0000000000000000                _start
                0x0000000000000004                . = ALIGN (0x4)
                0x0000000000000004                _einit = .

.highcodelalign
                0x0000000000000004        0x0
                0x0000000000000004                . = ALIGN (0x4)
                0x0000000000000004                PROVIDE (_highcode_lma = .)

.highcode       0x0000000020000000     0x2030 load address 0x0000000000000004
                0x0000000020000000                . = ALIGN (0x4)
                0x0000000020000000                PROVIDE (_highcode_vma_start = .)
 *(.vector)
 .vector        0x0000000020000000       0x90 ./Startup/startup_CH583.o
 *(SORT_NONE(.vector_handler))
 .vector_handler
                0x0000000020000090        0x2 ./Startup/startup_CH583.o
                0x0000000020000090                GPIOB_IRQHandler
                0x0000000020000090                GPIOA_IRQHandler
                0x0000000020000090                SysTick_Handler
                0x0000000020000090                NMI_Handler
                0x0000000020000090                UART1_IRQHandler
                0x0000000020000090                UART0_IRQHandler
                0x0000000020000090                BB_IRQHandler
                0x0000000020000090                Break_Point_Handler
                0x0000000020000090                TMR0_IRQHandler
                0x0000000020000090                Ecall_M_Mode_Handler
                0x0000000020000090                UART2_IRQHandler
                0x0000000020000090                PWMX_IRQHandler
                0x0000000020000090                ADC_IRQHandler
                0x0000000020000090                TMR2_IRQHandler
                0x0000000020000090                USB_IRQHandler
                0x0000000020000090                I2C_IRQHandler
                0x0000000020000090                USB2_IRQHandler
                0x0000000020000090                LLE_IRQHandler
                0x0000000020000090                WDOG_BAT_IRQHandler
                0x0000000020000090                Ecall_U_Mode_Handler
                0x0000000020000090                TMR3_IRQHandler
                0x0000000020000090                SW_Handler
                0x0000000020000090                SPI0_IRQHandler
                0x0000000020000090                UART3_IRQHandler
                0x0000000020000090                TMR1_IRQHandler
 *(.highcode)
 .highcode      0x0000000020000092       0x18 ./StdPeriphDriver/CH58x_clk.o
                0x0000000020000092                RTC_GetCycle32k
 .highcode      0x00000000200000aa      0x4ec ./StdPeriphDriver/CH58x_sys.o
                0x00000000200000aa                SetSysClock
                0x0000000020000430                SYS_ResetExecute
                0x00000000200004a2                HardFault_Handler
                0x0000000020000560                mDelayuS
                0x000000002000056e                mDelaymS
 .highcode      0x0000000020000596       0x16 ./HAL/RTC.o
                0x0000000020000596                RTC_IRQHandler
 .highcode      0x00000000200005ac        0x8 ./APP/peripheral_main.o
                0x00000000200005ac                Main_Circulation
 .highcode      0x00000000200005b4      0x426 f:/下载工具包/CH583EVT/EVT/EXAM/SRC/StdPeriphDriver\libISP583.a(ISP583.o)
                0x00000000200005b4                FLASH_ROM_BEG
                0x00000000200005c6                FLASH_ROM_END
                0x00000000200005d4                FLASH_ROM_IN
                0x00000000200005e2                FLASH_ROM_OUT
                0x00000000200005f0                FLASH_ROM_ADDR
                0x0000000020000638                FLASH_ROM_WAIT
                0x0000000020000670                FLASH_EEPROM_CMD
 .highcode      0x00000000200009da      0x40c f:/下载工具包/CH583EVT/EVT/EXAM/BLE/LIB\libCH58xBLE.a(tmos.o)
                0x00000000200009da                tmos_memcpy
                0x00000000200009fa                tmos_memcpy_word
                0x0000000020000a12                tmos_memset
                0x0000000020000a24                tmos_strlen
                0x0000000020000a38                tmos_memdup
                0x0000000020000a6a                tmos_memcmp
                0x0000000020000a98                tmos_revmemcpy
                0x0000000020000ab4                tmos_isbufset
                0x0000000020000ad6                tmos_proces_system_time
                0x0000000020000c0a                TMOS_SystemProcess
 .highcode      0x0000000020000de6       0x50 f:/下载工具包/CH583EVT/EVT/EXAM/BLE/LIB\libCH58xBLE.a(tmos_hw.o)
                0x0000000020000e30                TMOS_TimerIRQHandler
 .highcode      0x0000000020000e36       0x4e f:/下载工具包/CH583EVT/EVT/EXAM/BLE/LIB\libCH58xBLE.a(ll_whitelist.o)
                0x0000000020000e36                LL_WhitelistLookup
 .highcode      0x0000000020000e84      0x1b2 f:/下载工具包/CH583EVT/EVT/EXAM/BLE/LIB\libCH58xBLE.a(aes.o)
                0x0000000020000e84                AES_DevAESEnc
 .highcode      0x0000000020001036      0x14a f:/下载工具包/CH583EVT/EVT/EXAM/BLE/LIB\libCH58xBLE.a(bb.o)
                0x0000000020001036                BB_IRQLibHandler
                0x0000000020001136                BB_IRQLibFunction
 .highcode      0x0000000020001180      0x368 f:/下载工具包/CH583EVT/EVT/EXAM/BLE/LIB\libCH58xBLE.a(ip.o)
                0x0000000020001180                ll_rx_wait_finish
                0x00000000200011ba                ble_ll_chkcrc
                0x0000000020001258                ll_tx_wait_finish
                0x0000000020001350                BLE_CheckHoppingMap
 .highcode      0x00000000200014e8      0x254 f:/下载工具包/CH583EVT/EVT/EXAM/BLE/LIB\libCH58xBLE.a(lle.o)
                0x00000000200014e8                LLE_IRQLibHandler
                0x00000000200016f2                LLE_IRQLibFunction
 .highcode      0x000000002000173c       0x32 f:/下载工具包/CH583EVT/EVT/EXAM/BLE/LIB\libCH58xBLE.a(rfend.o)
                0x000000002000173c                RFEND_WaitTune
 .highcode      0x000000002000176e      0x19e f:/下载工具包/CH583EVT/EVT/EXAM/BLE/LIB\libCH58xBLE.a(memory.o)
                0x000000002000176e                tmos_memory_allocate
                0x0000000020001834                tmos_memory_free
 .highcode      0x000000002000190c      0x2da f:/下载工具包/CH583EVT/EVT/EXAM/BLE/LIB\libCH58xBLE.a(ll_connect.o)
                0x000000002000190c                ll_connect_send_data
                0x0000000020001a38                ll_connect_recv_data
                0x0000000020001b14                ll_connect_event_continue
                0x0000000020001bda                ll_wait_connect_event
 .highcode      0x0000000020001be6      0x310 f:/下载工具包/CH583EVT/EVT/EXAM/BLE/LIB\libCH58xBLE.a(ll_hop.o)
                0x0000000020001be6                LL_HopGetChannel
                0x0000000020001c8c                LL_HopGetChannel2
 .highcode      0x0000000020001ef6      0x138 f:/下载工具包/CH583EVT/EVT/EXAM/BLE/LIB\libCH58xBLE.a(ll_resolvinglist.o)
                0x0000000020001ef6                ll_resolvinglist_checkRPA
                0x0000000020001f62                LL_ResolvinglistPeerIdentifyAddressGetIrk
                0x0000000020001fb6                LL_ResolvinglistPeerRpaAddressGetIrk
                0x0000000020001ff2                LL_ResolvinglistLocalRpaAddressGetIrk
 *(.highcode.*)
                0x0000000020002030                . = ALIGN (0x4)
 *fill*         0x000000002000202e        0x2 
                0x0000000020002030                PROVIDE (_highcode_vma_end = .)

.text           0x0000000000002034    0x229a4
                0x0000000000002034                . = ALIGN (0x4)
 *(SORT_NONE(.handle_reset))
 .handle_reset  0x0000000000002034       0xda ./Startup/startup_CH583.o
                0x0000000000002034                handle_reset
 *(.text)
 .text          0x000000000000210e       0xa8 e:/mounriver/mounriver_studio2/resources/app/resources/win32/components/wch/toolchain/risc-v embedded gcc/bin/../lib/gcc/riscv-none-embed/8.2.0/../../../../riscv-none-embed/lib/rv32imac/ilp32\libg_nano.a(lib_a-memset.o)
                0x000000000000210e                memset
 *(.text.*)
 .text.ADC_InterTSSampInit
                0x00000000000021b6       0x28 ./StdPeriphDriver/CH58x_adc.o
                0x00000000000021b6                ADC_InterTSSampInit
 .text.LSECFG_Current
                0x00000000000021de       0x68 ./StdPeriphDriver/CH58x_clk.o
                0x00000000000021de                LSECFG_Current
 .text.RTC_InitTime
                0x0000000000002246      0x204 ./StdPeriphDriver/CH58x_clk.o
                0x0000000000002246                RTC_InitTime
 .text.Calibration_LSI
                0x000000000000244a      0x8da ./StdPeriphDriver/CH58x_clk.o
                0x000000000000244a                Calibration_LSI
 .text.GPIOA_ModeCfg
                0x0000000000002d24       0xa6 ./StdPeriphDriver/CH58x_gpio.o
                0x0000000000002d24                GPIOA_ModeCfg
 .text.GetSysClock
                0x0000000000002dca       0x42 ./StdPeriphDriver/CH58x_sys.o
                0x0000000000002dca                GetSysClock
 .text.SYS_DisableAllIrq
                0x0000000000002e0c       0x20 ./StdPeriphDriver/CH58x_sys.o
                0x0000000000002e0c                SYS_DisableAllIrq
 .text.SYS_RecoverIrq
                0x0000000000002e2c       0x14 ./StdPeriphDriver/CH58x_sys.o
                0x0000000000002e2c                SYS_RecoverIrq
 .text.SYS_GetSysTickCnt
                0x0000000000002e40        0xa ./StdPeriphDriver/CH58x_sys.o
                0x0000000000002e40                SYS_GetSysTickCnt
 .text._write   0x0000000000002e4a       0x28 ./StdPeriphDriver/CH58x_sys.o
                0x0000000000002e4a                _write
 .text._sbrk    0x0000000000002e72       0x34 ./StdPeriphDriver/CH58x_sys.o
                0x0000000000002e72                _sbrk
 .text.UART1_BaudRateCfg
                0x0000000000002ea6       0x30 ./StdPeriphDriver/CH58x_uart1.o
                0x0000000000002ea6                UART1_BaudRateCfg
 .text.UART1_DefInit
                0x0000000000002ed6       0x32 ./StdPeriphDriver/CH58x_uart1.o
                0x0000000000002ed6                UART1_DefInit
 .text.devInfo_ReadAttrCB
                0x0000000000002f08      0x196 ./Profile/devinfoservice.o
 .text.DevInfo_AddService
                0x000000000000309e       0x18 ./Profile/devinfoservice.o
                0x000000000000309e                DevInfo_AddService
 .text.simpleProfile_ReadAttrCB
                0x00000000000030b6       0x82 ./Profile/gattprofile.o
 .text.simpleProfile_WriteAttrCB
                0x0000000000003138       0xce ./Profile/gattprofile.o
 .text.simpleProfile_HandleConnStatusCB
                0x0000000000003206       0x3e ./Profile/gattprofile.o
 .text.SimpleProfile_AddService
                0x0000000000003244       0x4c ./Profile/gattprofile.o
                0x0000000000003244                SimpleProfile_AddService
 .text.SimpleProfile_RegisterAppCBs
                0x0000000000003290        0xe ./Profile/gattprofile.o
                0x0000000000003290                SimpleProfile_RegisterAppCBs
 .text.SimpleProfile_SetParameter
                0x000000000000329e       0x82 ./Profile/gattprofile.o
                0x000000000000329e                SimpleProfile_SetParameter
 .text.simpleProfile_Notify
                0x0000000000003320       0x46 ./Profile/gattprofile.o
                0x0000000000003320                simpleProfile_Notify
 .text.Lib_Calibration_LSI
                0x0000000000003366        0x6 ./HAL/MCU.o
                0x0000000000003366                Lib_Calibration_LSI
 .text.Lib_Read_Flash
                0x000000000000336c       0x1c ./HAL/MCU.o
                0x000000000000336c                Lib_Read_Flash
 .text.Lib_Write_Flash
                0x0000000000003388       0x40 ./HAL/MCU.o
                0x0000000000003388                Lib_Write_Flash
 .text.HAL_GetInterTempValue
                0x00000000000033c8       0x72 ./HAL/MCU.o
                0x00000000000033c8                HAL_GetInterTempValue
 .text.HAL_ProcessEvent
                0x000000000000343a       0x7e ./HAL/MCU.o
                0x000000000000343a                HAL_ProcessEvent
 .text.CH58X_BLEInit
                0x00000000000034b8      0x132 ./HAL/MCU.o
                0x00000000000034b8                CH58X_BLEInit
 .text.HAL_Init
                0x00000000000035ea       0x30 ./HAL/MCU.o
                0x00000000000035ea                HAL_Init
 .text.HAL_TimeInit
                0x000000000000361a       0xe0 ./HAL/RTC.o
                0x000000000000361a                HAL_TimeInit
 .text.peripheralRssiCB
                0x00000000000036fa       0x12 ./APP/peripheral.o
 .text.simpleProfileChangeCB
                0x000000000000370c       0x3e ./APP/peripheral.o
 .text.peripheralParamUpdateCB
                0x000000000000374a       0x30 ./APP/peripheral.o
 .text.Peripheral_LinkTerminated
                0x000000000000377a       0x58 ./APP/peripheral.o
 .text.peripheralStateNotificationCB
                0x00000000000037d2      0x170 ./APP/peripheral.o
 .text.Peripheral_ProcessEvent
                0x0000000000003942      0x1bc ./APP/peripheral.o
                0x0000000000003942                Peripheral_ProcessEvent
 .text.Peripheral_Init
                0x0000000000003afe      0x18c ./APP/peripheral.o
                0x0000000000003afe                Peripheral_Init
 .text.startup.main
                0x0000000000003c8a       0x50 ./APP/peripheral_main.o
                0x0000000000003c8a                main
 .text.tmos_msg_enqueue
                0x0000000000003cda       0x1e f:/下载工具包/CH583EVT/EVT/EXAM/BLE/LIB\libCH58xBLE.a(message.o)
                0x0000000000003cda                tmos_msg_enqueue
 .text.tmos_msg_deallocate
                0x0000000000003cf8       0x2c f:/下载工具包/CH583EVT/EVT/EXAM/BLE/LIB\libCH58xBLE.a(message.o)
                0x0000000000003cf8                tmos_msg_deallocate
 .text.tmos_msg_allocate
                0x0000000000003d24       0x46 f:/下载工具包/CH583EVT/EVT/EXAM/BLE/LIB\libCH58xBLE.a(message.o)
                0x0000000000003d24                tmos_msg_allocate
 .text.tmos_msg_receive
                0x0000000000003d6a       0x68 f:/下载工具包/CH583EVT/EVT/EXAM/BLE/LIB\libCH58xBLE.a(message.o)
                0x0000000000003d6a                tmos_msg_receive
 .text.tmos_msg_send
                0x0000000000003dd2       0x5c f:/下载工具包/CH583EVT/EVT/EXAM/BLE/LIB\libCH58xBLE.a(message.o)
                0x0000000000003dd2                tmos_msg_send
 .text.tmos_msg_init
                0x0000000000003e2e        0x6 f:/下载工具包/CH583EVT/EVT/EXAM/BLE/LIB\libCH58xBLE.a(message.o)
                0x0000000000003e2e                tmos_msg_init
 .text.tmosFindTask
                0x0000000000003e34       0x20 f:/下载工具包/CH583EVT/EVT/EXAM/BLE/LIB\libCH58xBLE.a(tmos.o)
 .text.TMOS_CB_PeriodicProcessEvent
                0x0000000000003e54       0x82 f:/下载工具包/CH583EVT/EVT/EXAM/BLE/LIB\libCH58xBLE.a(tmos.o)
                0x0000000000003e54                TMOS_CB_PeriodicProcessEvent
 .text.TMOS_CB_ProcessEvent
                0x0000000000003ed6       0x7c f:/下载工具包/CH583EVT/EVT/EXAM/BLE/LIB\libCH58xBLE.a(tmos.o)
                0x0000000000003ed6                TMOS_CB_ProcessEvent
 .text.tmos_rand
                0x0000000000003f52       0x4e f:/下载工具包/CH583EVT/EVT/EXAM/BLE/LIB\libCH58xBLE.a(tmos.o)
                0x0000000000003f52                tmos_rand
 .text.tmos_start_periodic_callback_task
                0x0000000000003fa0       0xda f:/下载工具包/CH583EVT/EVT/EXAM/BLE/LIB\libCH58xBLE.a(tmos.o)
                0x0000000000003fa0                tmos_start_periodic_callback_task
 .text.tmos_set_event
                0x000000000000407a       0x2a f:/下载工具包/CH583EVT/EVT/EXAM/BLE/LIB\libCH58xBLE.a(tmos.o)
                0x000000000000407a                tmos_set_event
 .text.tmos_clear_event
                0x00000000000040a4       0x2e f:/下载工具包/CH583EVT/EVT/EXAM/BLE/LIB\libCH58xBLE.a(tmos.o)
                0x00000000000040a4                tmos_clear_event
 .text.tmos_update_callback_timer
                0x00000000000040d2       0xba f:/下载工具包/CH583EVT/EVT/EXAM/BLE/LIB\libCH58xBLE.a(tmos.o)
                0x00000000000040d2                tmos_update_callback_timer
 .text.tmos_update_periodic_callback_timer
                0x000000000000418c       0x5a f:/下载工具包/CH583EVT/EVT/EXAM/BLE/LIB\libCH58xBLE.a(tmos.o)
                0x000000000000418c                tmos_update_periodic_callback_timer
 .text.tmos_start_task
                0x00000000000041e6      0x126 f:/下载工具包/CH583EVT/EVT/EXAM/BLE/LIB\libCH58xBLE.a(tmos.o)
                0x00000000000041e6                tmos_start_task
 .text.tmos_start_callback_task
                0x000000000000430c       0x96 f:/下载工具包/CH583EVT/EVT/EXAM/BLE/LIB\libCH58xBLE.a(tmos.o)
                0x000000000000430c                tmos_start_callback_task
 .text.tmos_start_reload_task
                0x00000000000043a2       0x54 f:/下载工具包/CH583EVT/EVT/EXAM/BLE/LIB\libCH58xBLE.a(tmos.o)
                0x00000000000043a2                tmos_start_reload_task
 .text.tmos_stop_task
                0x00000000000043f6       0x48 f:/下载工具包/CH583EVT/EVT/EXAM/BLE/LIB\libCH58xBLE.a(tmos.o)
                0x00000000000043f6                tmos_stop_task
 .text.tmos_stop_callback_task
                0x000000000000443e       0x56 f:/下载工具包/CH583EVT/EVT/EXAM/BLE/LIB\libCH58xBLE.a(tmos.o)
                0x000000000000443e                tmos_stop_callback_task
 .text.tmos_get_task_timer
                0x0000000000004494       0x5e f:/下载工具包/CH583EVT/EVT/EXAM/BLE/LIB\libCH58xBLE.a(tmos.o)
                0x0000000000004494                tmos_get_task_timer
 .text.TMOS_TimerRegister
                0x00000000000044f2       0x1a f:/下载工具包/CH583EVT/EVT/EXAM/BLE/LIB\libCH58xBLE.a(tmos.o)
                0x00000000000044f2                TMOS_TimerRegister
 .text.TMOS_ProcessRegister
                0x000000000000450c       0x16 f:/下载工具包/CH583EVT/EVT/EXAM/BLE/LIB\libCH58xBLE.a(tmos.o)
                0x000000000000450c                TMOS_ProcessRegister
 .text.TMOS_Init
                0x0000000000004522      0x10e f:/下载工具包/CH583EVT/EVT/EXAM/BLE/LIB\libCH58xBLE.a(tmos.o)
                0x0000000000004522                TMOS_Init
 .text.TMOS_ProcessEventRegister
                0x0000000000004630       0x38 f:/下载工具包/CH583EVT/EVT/EXAM/BLE/LIB\libCH58xBLE.a(tmos.o)
                0x0000000000004630                TMOS_ProcessEventRegister
 .text.BLE_LibInit
                0x0000000000004668      0x178 f:/下载工具包/CH583EVT/EVT/EXAM/BLE/LIB\libCH58xBLE.a(tmos.o)
                0x0000000000004668                BLE_LibInit
 .text.clockGetTickValve
                0x00000000000047e0       0x7e f:/下载工具包/CH583EVT/EVT/EXAM/BLE/LIB\libCH58xBLE.a(tmos_hw.o)
 .text.ll_get_sca_divisor
                0x000000000000485e       0x40 f:/下载工具包/CH583EVT/EVT/EXAM/BLE/LIB\libCH58xBLE.a(tmos_hw.o)
                0x000000000000485e                ll_get_sca_divisor
 .text.ll_get_sca_own
                0x000000000000489e       0x46 f:/下载工具包/CH583EVT/EVT/EXAM/BLE/LIB\libCH58xBLE.a(tmos_hw.o)
                0x000000000000489e                ll_get_sca_own
 .text.ble_ll_common_rand8
                0x00000000000048e4       0x24 f:/下载工具包/CH583EVT/EVT/EXAM/BLE/LIB\libCH58xBLE.a(tmos_hw.o)
                0x00000000000048e4                ble_ll_common_rand8
 .text.ble_ll_common_rand16
                0x0000000000004908       0x24 f:/下载工具包/CH583EVT/EVT/EXAM/BLE/LIB\libCH58xBLE.a(tmos_hw.o)
                0x0000000000004908                ble_ll_common_rand16
 .text.ble_ll_common_rand32
                0x000000000000492c       0x20 f:/下载工具包/CH583EVT/EVT/EXAM/BLE/LIB\libCH58xBLE.a(tmos_hw.o)
                0x000000000000492c                ble_ll_common_rand32
 .text.TMOS_TempSample
                0x000000000000494c       0x62 f:/下载工具包/CH583EVT/EVT/EXAM/BLE/LIB\libCH58xBLE.a(tmos_hw.o)
                0x000000000000494c                TMOS_TempSample
 .text.TMOS_TimerInit
                0x00000000000049ae      0x14c f:/下载工具包/CH583EVT/EVT/EXAM/BLE/LIB\libCH58xBLE.a(tmos_hw.o)
                0x00000000000049ae                TMOS_TimerInit
 .text.tmos_snv_init
                0x0000000000004afa       0xc0 f:/下载工具包/CH583EVT/EVT/EXAM/BLE/LIB\libCH58xBLE.a(tmos_snv.o)
                0x0000000000004afa                tmos_snv_init
 .text.tmos_snv_read
                0x0000000000004bba      0x292 f:/下载工具包/CH583EVT/EVT/EXAM/BLE/LIB\libCH58xBLE.a(tmos_snv.o)
                0x0000000000004bba                tmos_snv_read
 .text.tmos_snv_notify
                0x0000000000004e4c       0x5a f:/下载工具包/CH583EVT/EVT/EXAM/BLE/LIB\libCH58xBLE.a(tmos_snv.o)
                0x0000000000004e4c                tmos_snv_notify
 .text.tmos_snv_write
                0x0000000000004ea6      0x2ce f:/下载工具包/CH583EVT/EVT/EXAM/BLE/LIB\libCH58xBLE.a(tmos_snv.o)
                0x0000000000004ea6                tmos_snv_write
 .text.tmos_snv_compact
                0x0000000000005174        0x4 f:/下载工具包/CH583EVT/EVT/EXAM/BLE/LIB\libCH58xBLE.a(tmos_snv.o)
                0x0000000000005174                tmos_snv_compact
 .text.disconnectNext
                0x0000000000005178       0x22 f:/下载工具包/CH583EVT/EVT/EXAM/BLE/LIB\libCH58xBLE.a(gap.o)
 .text.GAP_ParamInit
                0x000000000000519a       0xec f:/下载工具包/CH583EVT/EVT/EXAM/BLE/LIB\libCH58xBLE.a(gap.o)
                0x000000000000519a                GAP_ParamInit
 .text.sendTerminateEvent
                0x0000000000005286       0x58 f:/下载工具包/CH583EVT/EVT/EXAM/BLE/LIB\libCH58xBLE.a(gap.o)
                0x0000000000005286                sendTerminateEvent
 .text.gapRegisterCentral
                0x00000000000052de        0x6 f:/下载工具包/CH583EVT/EVT/EXAM/BLE/LIB\libCH58xBLE.a(gap.o)
                0x00000000000052de                gapRegisterCentral
 .text.gapRegisterCentralConn
                0x00000000000052e4        0x6 f:/下载工具包/CH583EVT/EVT/EXAM/BLE/LIB\libCH58xBLE.a(gap.o)
                0x00000000000052e4                gapRegisterCentralConn
 .text.gapRegisterPeripheral
                0x00000000000052ea        0x6 f:/下载工具包/CH583EVT/EVT/EXAM/BLE/LIB\libCH58xBLE.a(gap.o)
                0x00000000000052ea                gapRegisterPeripheral
 .text.gapRegisterPeripheralConn
                0x00000000000052f0        0x6 f:/下载工具包/CH583EVT/EVT/EXAM/BLE/LIB\libCH58xBLE.a(gap.o)
                0x00000000000052f0                gapRegisterPeripheralConn
 .text.smGenerateRandBuf
                0x00000000000052f6       0x56 f:/下载工具包/CH583EVT/EVT/EXAM/BLE/LIB\libCH58xBLE.a(gap.o)
                0x00000000000052f6                smGenerateRandBuf
 .text.gapL2capConnParamUpdateReq
                0x000000000000534c       0x36 f:/下载工具包/CH583EVT/EVT/EXAM/BLE/LIB\libCH58xBLE.a(gap.o)
                0x000000000000534c                gapL2capConnParamUpdateReq
 .text.gapValidADType
                0x0000000000005382       0x16 f:/下载工具包/CH583EVT/EVT/EXAM/BLE/LIB\libCH58xBLE.a(gap.o)
                0x0000000000005382                gapValidADType
 .text.gapFindADType
                0x0000000000005398       0x92 f:/下载工具包/CH583EVT/EVT/EXAM/BLE/LIB\libCH58xBLE.a(gap.o)
                0x0000000000005398                gapFindADType
 .text.GAP_SecParamsInit
                0x000000000000542a       0xaa f:/下载工具包/CH583EVT/EVT/EXAM/BLE/LIB\libCH58xBLE.a(gap.o)
                0x000000000000542a                GAP_SecParamsInit
 .text.GAP_ParamsInit
                0x00000000000054d4       0x50 f:/下载工具包/CH583EVT/EVT/EXAM/BLE/LIB\libCH58xBLE.a(gap.o)
                0x00000000000054d4                GAP_ParamsInit
 .text.gapAddAddrAdj
                0x0000000000005524       0x48 f:/下载工具包/CH583EVT/EVT/EXAM/BLE/LIB\libCH58xBLE.a(gap.o)
                0x0000000000005524                gapAddAddrAdj
 .text.gapDetermineAddrType
                0x000000000000556c       0x28 f:/下载工具包/CH583EVT/EVT/EXAM/BLE/LIB\libCH58xBLE.a(gap.o)
                0x000000000000556c                gapDetermineAddrType
 .text.gapFreeAuthLink
                0x0000000000005594       0x4a f:/下载工具包/CH583EVT/EVT/EXAM/BLE/LIB\libCH58xBLE.a(gap.o)
                0x0000000000005594                gapFreeAuthLink
 .text.gapGetDevAddress
                0x00000000000055de       0x24 f:/下载工具包/CH583EVT/EVT/EXAM/BLE/LIB\libCH58xBLE.a(gap.o)
                0x00000000000055de                gapGetDevAddress
 .text.gapGetDevAddressMode
                0x0000000000005602        0xa f:/下载工具包/CH583EVT/EVT/EXAM/BLE/LIB\libCH58xBLE.a(gap.o)
                0x0000000000005602                gapGetDevAddressMode
 .text.gapGetIRK
                0x000000000000560c        0xc f:/下载工具包/CH583EVT/EVT/EXAM/BLE/LIB\libCH58xBLE.a(gap.o)
                0x000000000000560c                gapGetIRK
 .text.gapGetSRK
                0x0000000000005618        0xc f:/下载工具包/CH583EVT/EVT/EXAM/BLE/LIB\libCH58xBLE.a(gap.o)
                0x0000000000005618                gapGetSRK
 .text.gapGetSignCounter
                0x0000000000005624        0xe f:/下载工具包/CH583EVT/EVT/EXAM/BLE/LIB\libCH58xBLE.a(gap.o)
                0x0000000000005624                gapGetSignCounter
 .text.gapIncSignCounter
                0x0000000000005632       0x28 f:/下载工具包/CH583EVT/EVT/EXAM/BLE/LIB\libCH58xBLE.a(gap.o)
                0x0000000000005632                gapIncSignCounter
 .text.gapProcessConnEvt
                0x000000000000565a       0x48 f:/下载工具包/CH583EVT/EVT/EXAM/BLE/LIB\libCH58xBLE.a(gap.o)
                0x000000000000565a                gapProcessConnEvt
 .text.gapProcessDisconnectCompleteEvt
                0x00000000000056a2       0xa6 f:/下载工具包/CH583EVT/EVT/EXAM/BLE/LIB\libCH58xBLE.a(gap.o)
                0x00000000000056a2                gapProcessDisconnectCompleteEvt
 .text.sendAuthEvent
                0x0000000000005748      0x11e f:/下载工具包/CH583EVT/EVT/EXAM/BLE/LIB\libCH58xBLE.a(gap.o)
                0x0000000000005748                sendAuthEvent
 .text.gapSendBondCompleteEvent
                0x0000000000005866       0x74 f:/下载工具包/CH583EVT/EVT/EXAM/BLE/LIB\libCH58xBLE.a(gap.o)
                0x0000000000005866                gapSendBondCompleteEvent
 .text.gapSendPairingReqEvent
                0x00000000000058da       0x96 f:/下载工具包/CH583EVT/EVT/EXAM/BLE/LIB\libCH58xBLE.a(gap.o)
                0x00000000000058da                gapSendPairingReqEvent
 .text.gapSendSlaveSecurityReqEvent
                0x0000000000005970       0x68 f:/下载工具包/CH583EVT/EVT/EXAM/BLE/LIB\libCH58xBLE.a(gap.o)
                0x0000000000005970                gapSendSlaveSecurityReqEvent
 .text.gapSendDeviceInitDoneEvent
                0x00000000000059d8       0x88 f:/下载工具包/CH583EVT/EVT/EXAM/BLE/LIB\libCH58xBLE.a(gap.o)
                0x00000000000059d8                gapSendDeviceInitDoneEvent
 .text.gapSendLinkUpdateEvent
                0x0000000000005a60       0xb2 f:/下载工具包/CH583EVT/EVT/EXAM/BLE/LIB\libCH58xBLE.a(gap.o)
                0x0000000000005a60                gapSendLinkUpdateEvent
 .text.gapSendPhyUpdateEvent
                0x0000000000005b12       0x58 f:/下载工具包/CH583EVT/EVT/EXAM/BLE/LIB\libCH58xBLE.a(gap.o)
                0x0000000000005b12                gapSendPhyUpdateEvent
 .text.gapSendEstLinkEvent
                0x0000000000005b6a       0xbc f:/下载工具包/CH583EVT/EVT/EXAM/BLE/LIB\libCH58xBLE.a(gap.o)
                0x0000000000005b6a                gapSendEstLinkEvent
 .text.gapProcessNewAddr
                0x0000000000005c26       0x3e f:/下载工具包/CH583EVT/EVT/EXAM/BLE/LIB\libCH58xBLE.a(gap.o)
                0x0000000000005c26                gapProcessNewAddr
 .text.gapProcessRandomAddrComplete
                0x0000000000005c64       0xb6 f:/下载工具包/CH583EVT/EVT/EXAM/BLE/LIB\libCH58xBLE.a(gap.o)
                0x0000000000005c64                gapProcessRandomAddrComplete
 .text.GAP_Authenticate
                0x0000000000005d1a       0xde f:/下载工具包/CH583EVT/EVT/EXAM/BLE/LIB\libCH58xBLE.a(gap.o)
                0x0000000000005d1a                GAP_Authenticate
 .text.GAP_Bond
                0x0000000000005df8       0xaa f:/下载工具包/CH583EVT/EVT/EXAM/BLE/LIB\libCH58xBLE.a(gap.o)
                0x0000000000005df8                GAP_Bond
 .text.GAP_GetParamValue
                0x0000000000005ea2       0x20 f:/下载工具包/CH583EVT/EVT/EXAM/BLE/LIB\libCH58xBLE.a(gap.o)
                0x0000000000005ea2                GAP_GetParamValue
 .text.GAP_PasscodeUpdate
                0x0000000000005ec2       0x54 f:/下载工具包/CH583EVT/EVT/EXAM/BLE/LIB\libCH58xBLE.a(gap.o)
                0x0000000000005ec2                GAP_PasscodeUpdate
 .text.GAP_RegisterForMsgs
                0x0000000000005f16        0xa f:/下载工具包/CH583EVT/EVT/EXAM/BLE/LIB\libCH58xBLE.a(gap.o)
                0x0000000000005f16                GAP_RegisterForMsgs
 .text.GAP_ResolvePrivateAddr
                0x0000000000005f20        0x4 f:/下载工具包/CH583EVT/EVT/EXAM/BLE/LIB\libCH58xBLE.a(gap.o)
                0x0000000000005f20                GAP_ResolvePrivateAddr
 .text.gapPairingCompleteCB
                0x0000000000005f24      0x18c f:/下载工具包/CH583EVT/EVT/EXAM/BLE/LIB\libCH58xBLE.a(gap.o)
                0x0000000000005f24                gapPairingCompleteCB
 .text.gapPasskeyNeededCB
                0x00000000000060b0       0x8e f:/下载工具包/CH583EVT/EVT/EXAM/BLE/LIB\libCH58xBLE.a(gap.o)
                0x00000000000060b0                gapPasskeyNeededCB
 .text.gapOobNeededCB
                0x000000000000613e       0xa6 f:/下载工具包/CH583EVT/EVT/EXAM/BLE/LIB\libCH58xBLE.a(gap.o)
                0x000000000000613e                gapOobNeededCB
 .text.gapFreeEstLink
                0x00000000000061e4       0x20 f:/下载工具包/CH583EVT/EVT/EXAM/BLE/LIB\libCH58xBLE.a(gap.o)
                0x00000000000061e4                gapFreeEstLink
 .text.gapUpdateConnSignCounter
                0x0000000000006204       0x7a f:/下载工具包/CH583EVT/EVT/EXAM/BLE/LIB\libCH58xBLE.a(gap.o)
                0x0000000000006204                gapUpdateConnSignCounter
 .text.GAP_SendSlaveSecurityRequest
                0x000000000000627e       0x4a f:/下载工具包/CH583EVT/EVT/EXAM/BLE/LIB\libCH58xBLE.a(gap.o)
                0x000000000000627e                GAP_SendSlaveSecurityRequest
 .text.GAP_Signable
                0x00000000000062c8       0x6a f:/下载工具包/CH583EVT/EVT/EXAM/BLE/LIB\libCH58xBLE.a(gap.o)
                0x00000000000062c8                GAP_Signable
 .text.GAP_TerminateAuth
                0x0000000000006332       0x2a f:/下载工具包/CH583EVT/EVT/EXAM/BLE/LIB\libCH58xBLE.a(gap.o)
                0x0000000000006332                GAP_TerminateAuth
 .text.GAP_NumActiveConnections
                0x000000000000635c        0x4 f:/下载工具包/CH583EVT/EVT/EXAM/BLE/LIB\libCH58xBLE.a(gap.o)
                0x000000000000635c                GAP_NumActiveConnections
 .text.GAP_TerminateLinkReq
                0x0000000000006360       0x8e f:/下载工具包/CH583EVT/EVT/EXAM/BLE/LIB\libCH58xBLE.a(gap.o)
                0x0000000000006360                GAP_TerminateLinkReq
 .text.GAP_SetParamValue
                0x00000000000063ee       0x6c f:/下载工具包/CH583EVT/EVT/EXAM/BLE/LIB\libCH58xBLE.a(gap.o)
                0x00000000000063ee                GAP_SetParamValue
 .text.GAP_Init
                0x000000000000645a       0x48 f:/下载工具包/CH583EVT/EVT/EXAM/BLE/LIB\libCH58xBLE.a(gap.o)
                0x000000000000645a                GAP_Init
 .text.GAP_ProcessEvent
                0x00000000000064a2      0x66a f:/下载工具包/CH583EVT/EVT/EXAM/BLE/LIB\libCH58xBLE.a(gap.o)
                0x00000000000064a2                GAP_ProcessEvent
 .text.gapSendScanEnable
                0x0000000000006b0c       0x3a f:/下载工具包/CH583EVT/EVT/EXAM/BLE/LIB\libCH58xBLE.a(gap_central.o)
 .text.gapCentProcessConnEvt
                0x0000000000006b46      0x168 f:/下载工具包/CH583EVT/EVT/EXAM/BLE/LIB\libCH58xBLE.a(gap_central.o)
                0x0000000000006b46                gapCentProcessConnEvt
 .text.gapProcessScanningPeriodicAdvEvt
                0x0000000000006cae       0xa0 f:/下载工具包/CH583EVT/EVT/EXAM/BLE/LIB\libCH58xBLE.a(gap_central.o)
                0x0000000000006cae                gapProcessScanningPeriodicAdvEvt
 .text.gapCancelLinkReq
                0x0000000000006d4e       0x38 f:/下载工具包/CH583EVT/EVT/EXAM/BLE/LIB\libCH58xBLE.a(gap_central.o)
                0x0000000000006d4e                gapCancelLinkReq
 .text.gapProcessAdvertDevInfo
                0x0000000000006d86      0x242 f:/下载工具包/CH583EVT/EVT/EXAM/BLE/LIB\libCH58xBLE.a(gap_central.o)
                0x0000000000006d86                gapProcessAdvertDevInfo
 .text.gapProcessExtAdvertDevInfo
                0x0000000000006fc8      0x260 f:/下载工具包/CH583EVT/EVT/EXAM/BLE/LIB\libCH58xBLE.a(gap_central.o)
                0x0000000000006fc8                gapProcessExtAdvertDevInfo
 .text.gapProcessPeriodicAdvertisingSyncEstablishedEvt
                0x0000000000007228       0xae f:/下载工具包/CH583EVT/EVT/EXAM/BLE/LIB\libCH58xBLE.a(gap_central.o)
                0x0000000000007228                gapProcessPeriodicAdvertisingSyncEstablishedEvt
 .text.gapProcessPeriodicAdvertisingSyncLostEvt
                0x00000000000072d6       0x56 f:/下载工具包/CH583EVT/EVT/EXAM/BLE/LIB\libCH58xBLE.a(gap_central.o)
                0x00000000000072d6                gapProcessPeriodicAdvertisingSyncLostEvt
 .text.gapFreeScanRecs
                0x000000000000732c       0xa6 f:/下载工具包/CH583EVT/EVT/EXAM/BLE/LIB\libCH58xBLE.a(gap_central.o)
                0x000000000000732c                gapFreeScanRecs
 .text.gapSendDevDiscEvent
                0x00000000000073d2      0x124 f:/下载工具包/CH583EVT/EVT/EXAM/BLE/LIB\libCH58xBLE.a(gap_central.o)
                0x00000000000073d2                gapSendDevDiscEvent
 .text.gapSetScanParamStatus
                0x00000000000074f6       0x56 f:/下载工具包/CH583EVT/EVT/EXAM/BLE/LIB\libCH58xBLE.a(gap_central.o)
 .text.gapCentProcessHCICmdEvt
                0x000000000000754c       0x3c f:/下载工具包/CH583EVT/EVT/EXAM/BLE/LIB\libCH58xBLE.a(gap_central.o)
                0x000000000000754c                gapCentProcessHCICmdEvt
 .text.gapProcessScanningEvt
                0x0000000000007588      0x10e f:/下载工具包/CH583EVT/EVT/EXAM/BLE/LIB\libCH58xBLE.a(gap_central.o)
                0x0000000000007588                gapProcessScanningEvt
 .text.gapProcessScanningDirectEvt
                0x0000000000007696       0xfe f:/下载工具包/CH583EVT/EVT/EXAM/BLE/LIB\libCH58xBLE.a(gap_central.o)
                0x0000000000007696                gapProcessScanningDirectEvt
 .text.gapProcessScanningExtAdvEvt
                0x0000000000007794      0x2c4 f:/下载工具包/CH583EVT/EVT/EXAM/BLE/LIB\libCH58xBLE.a(gap_central.o)
                0x0000000000007794                gapProcessScanningExtAdvEvt
 .text.GAP_CentConnRegister
                0x0000000000007a58       0x16 f:/下载工具包/CH583EVT/EVT/EXAM/BLE/LIB\libCH58xBLE.a(gap_central.o)
                0x0000000000007a58                GAP_CentConnRegister
 .text.GAP_CentralParamInit
                0x0000000000007a6e       0x6a f:/下载工具包/CH583EVT/EVT/EXAM/BLE/LIB\libCH58xBLE.a(gap_central.o)
                0x0000000000007a6e                GAP_CentralParamInit
 .text.GAP_CentDevMgrInit
                0x0000000000007ad8       0x9c f:/下载工具包/CH583EVT/EVT/EXAM/BLE/LIB\libCH58xBLE.a(gap_central.o)
                0x0000000000007ad8                GAP_CentDevMgrInit
 .text.gapFreeAdvertState
                0x0000000000007b74       0x20 f:/下载工具包/CH583EVT/EVT/EXAM/BLE/LIB\libCH58xBLE.a(gap_peripheral.o)
 .text.gapSetPeriodicAdvParams
                0x0000000000007b94       0x30 f:/下载工具包/CH583EVT/EVT/EXAM/BLE/LIB\libCH58xBLE.a(gap_peripheral.o)
 .text.gapSetConnectionlessCTEParams
                0x0000000000007bc4       0x54 f:/下载工具包/CH583EVT/EVT/EXAM/BLE/LIB\libCH58xBLE.a(gap_peripheral.o)
 .text.gapSetAdvParams
                0x0000000000007c18      0x126 f:/下载工具包/CH583EVT/EVT/EXAM/BLE/LIB\libCH58xBLE.a(gap_peripheral.o)
 .text.gapPeriProcessConnEvt
                0x0000000000007d3e       0xd0 f:/下载工具包/CH583EVT/EVT/EXAM/BLE/LIB\libCH58xBLE.a(gap_peripheral.o)
 .text.gapWriteAdvDataStatus
                0x0000000000007e0e       0x8a f:/下载工具包/CH583EVT/EVT/EXAM/BLE/LIB\libCH58xBLE.a(gap_peripheral.o)
 .text.GAP_MakeDiscoverable
                0x0000000000007e98      0x174 f:/下载工具包/CH583EVT/EVT/EXAM/BLE/LIB\libCH58xBLE.a(gap_peripheral.o)
                0x0000000000007e98                GAP_MakeDiscoverable
 .text.GAP_EndDiscoverable
                0x000000000000800c       0x66 f:/下载工具包/CH583EVT/EVT/EXAM/BLE/LIB\libCH58xBLE.a(gap_peripheral.o)
                0x000000000000800c                GAP_EndDiscoverable
 .text.gapProcessAdvertisingEvt
                0x0000000000008072      0x116 f:/下载工具包/CH583EVT/EVT/EXAM/BLE/LIB\libCH58xBLE.a(gap_peripheral.o)
 .text.GAP_MakePeriodic
                0x0000000000008188       0x26 f:/下载工具包/CH583EVT/EVT/EXAM/BLE/LIB\libCH58xBLE.a(gap_peripheral.o)
                0x0000000000008188                GAP_MakePeriodic
 .text.GAP_EndPeriodic
                0x00000000000081ae        0xc f:/下载工具包/CH583EVT/EVT/EXAM/BLE/LIB\libCH58xBLE.a(gap_peripheral.o)
                0x00000000000081ae                GAP_EndPeriodic
 .text.GAP_MakeConnecttionlessCTE
                0x00000000000081ba       0x1a f:/下载工具包/CH583EVT/EVT/EXAM/BLE/LIB\libCH58xBLE.a(gap_peripheral.o)
                0x00000000000081ba                GAP_MakeConnecttionlessCTE
 .text.GAP_EndConnecttionlessCTE
                0x00000000000081d4        0xc f:/下载工具包/CH583EVT/EVT/EXAM/BLE/LIB\libCH58xBLE.a(gap_peripheral.o)
                0x00000000000081d4                GAP_EndConnecttionlessCTE
 .text.GAP_SetAdvertisingAdvData
                0x00000000000081e0      0x102 f:/下载工具包/CH583EVT/EVT/EXAM/BLE/LIB\libCH58xBLE.a(gap_peripheral.o)
                0x00000000000081e0                GAP_SetAdvertisingAdvData
 .text.GAP_SetAdvertisingRspData
                0x00000000000082e2      0x102 f:/下载工具包/CH583EVT/EVT/EXAM/BLE/LIB\libCH58xBLE.a(gap_peripheral.o)
                0x00000000000082e2                GAP_SetAdvertisingRspData
 .text.GAP_SetPeriodicAdvertisingData
                0x00000000000083e4       0xc6 f:/下载工具包/CH583EVT/EVT/EXAM/BLE/LIB\libCH58xBLE.a(gap_peripheral.o)
                0x00000000000083e4                GAP_SetPeriodicAdvertisingData
 .text.GAP_GetAdvertisingAdvData
                0x00000000000084aa       0x26 f:/下载工具包/CH583EVT/EVT/EXAM/BLE/LIB\libCH58xBLE.a(gap_peripheral.o)
                0x00000000000084aa                GAP_GetAdvertisingAdvData
 .text.GAP_GetAdvertisingRspData
                0x00000000000084d0       0x34 f:/下载工具包/CH583EVT/EVT/EXAM/BLE/LIB\libCH58xBLE.a(gap_peripheral.o)
                0x00000000000084d0                GAP_GetAdvertisingRspData
 .text.GAP_GetPeriodicAdvertisingData
                0x0000000000008504       0x34 f:/下载工具包/CH583EVT/EVT/EXAM/BLE/LIB\libCH58xBLE.a(gap_peripheral.o)
                0x0000000000008504                GAP_GetPeriodicAdvertisingData
 .text.GAP_PeriConnRegister
                0x0000000000008538       0x2e f:/下载工具包/CH583EVT/EVT/EXAM/BLE/LIB\libCH58xBLE.a(gap_peripheral.o)
                0x0000000000008538                GAP_PeriConnRegister
 .text.GAP_PeripheralParamInit
                0x0000000000008566       0x6c f:/下载工具包/CH583EVT/EVT/EXAM/BLE/LIB\libCH58xBLE.a(gap_peripheral.o)
                0x0000000000008566                GAP_PeripheralParamInit
 .text.gapSendMakeDiscEvent
                0x00000000000085d2       0x50 f:/下载工具包/CH583EVT/EVT/EXAM/BLE/LIB\libCH58xBLE.a(gap_peripheral.o)
                0x00000000000085d2                gapSendMakeDiscEvent
 .text.gapWriteAdvEnableStatus
                0x0000000000008622      0x10e f:/下载工具包/CH583EVT/EVT/EXAM/BLE/LIB\libCH58xBLE.a(gap_peripheral.o)
 .text.gapSendMakePeriodicEvent
                0x0000000000008730       0x3a f:/下载工具包/CH583EVT/EVT/EXAM/BLE/LIB\libCH58xBLE.a(gap_peripheral.o)
                0x0000000000008730                gapSendMakePeriodicEvent
 .text.gapSendMakeConnectionlessCTEEvent
                0x000000000000876a       0x3a f:/下载工具包/CH583EVT/EVT/EXAM/BLE/LIB\libCH58xBLE.a(gap_peripheral.o)
                0x000000000000876a                gapSendMakeConnectionlessCTEEvent
 .text.gapPeriProcessHCICmdCompleteEvt
                0x00000000000087a4      0x22e f:/下载工具包/CH583EVT/EVT/EXAM/BLE/LIB\libCH58xBLE.a(gap_peripheral.o)
 .text.GAP_PeriDevMgrInit
                0x00000000000089d2       0x2e f:/下载工具包/CH583EVT/EVT/EXAM/BLE/LIB\libCH58xBLE.a(gap_peripheral.o)
                0x00000000000089d2                GAP_PeriDevMgrInit
 .text.ggs_SetAttrWPermit
                0x0000000000008a00       0x68 f:/下载工具包/CH583EVT/EVT/EXAM/BLE/LIB\libCH58xBLE.a(gapgattserver.o)
 .text.ggs_ReadAttrCB
                0x0000000000008a68      0x156 f:/下载工具包/CH583EVT/EVT/EXAM/BLE/LIB\libCH58xBLE.a(gapgattserver.o)
 .text.ggs_WriteAttrCB
                0x0000000000008bbe      0x162 f:/下载工具包/CH583EVT/EVT/EXAM/BLE/LIB\libCH58xBLE.a(gapgattserver.o)
 .text.GGS_ParamInit
                0x0000000000008d20      0x15c f:/下载工具包/CH583EVT/EVT/EXAM/BLE/LIB\libCH58xBLE.a(gapgattserver.o)
                0x0000000000008d20                GGS_ParamInit
 .text.GGS_SetParameter
                0x0000000000008e7c      0x116 f:/下载工具包/CH583EVT/EVT/EXAM/BLE/LIB\libCH58xBLE.a(gapgattserver.o)
                0x0000000000008e7c                GGS_SetParameter
 .text.GGS_AddService
                0x0000000000008f92       0x2c f:/下载工具包/CH583EVT/EVT/EXAM/BLE/LIB\libCH58xBLE.a(gapgattserver.o)
                0x0000000000008f92                GGS_AddService
 .text.GAP_DeviceInit
                0x0000000000008fbe       0xd8 f:/下载工具包/CH583EVT/EVT/EXAM/BLE/LIB\libCH58xBLE.a(gapgattserver.o)
                0x0000000000008fbe                GAP_DeviceInit
 .text.gattGetPayload
                0x0000000000009096       0x7e f:/下载工具包/CH583EVT/EVT/EXAM/BLE/LIB\libCH58xBLE.a(gatt.o)
                0x0000000000009096                gattGetPayload
 .text.gattNotifyEvent
                0x0000000000009114       0x84 f:/下载工具包/CH583EVT/EVT/EXAM/BLE/LIB\libCH58xBLE.a(gatt.o)
                0x0000000000009114                gattNotifyEvent
 .text.gattSendFlowCtrlEvt
                0x0000000000009198       0x50 f:/下载工具包/CH583EVT/EVT/EXAM/BLE/LIB\libCH58xBLE.a(gatt.o)
                0x0000000000009198                gattSendFlowCtrlEvt
 .text.gattStartTimer
                0x00000000000091e8        0xc f:/下载工具包/CH583EVT/EVT/EXAM/BLE/LIB\libCH58xBLE.a(gatt.o)
                0x00000000000091e8                gattStartTimer
 .text.gattStopTimer
                0x00000000000091f4       0x32 f:/下载工具包/CH583EVT/EVT/EXAM/BLE/LIB\libCH58xBLE.a(gatt.o)
                0x00000000000091f4                gattStopTimer
 .text.GATT_AppCompletedMsg
                0x0000000000009226       0x30 f:/下载工具包/CH583EVT/EVT/EXAM/BLE/LIB\libCH58xBLE.a(gatt.o)
                0x0000000000009226                GATT_AppCompletedMsg
 .text.GATT_NotifyEvent
                0x0000000000009256       0x56 f:/下载工具包/CH583EVT/EVT/EXAM/BLE/LIB\libCH58xBLE.a(gatt.o)
                0x0000000000009256                GATT_NotifyEvent
 .text.gattRegisterServer
                0x00000000000092ac        0x6 f:/下载工具包/CH583EVT/EVT/EXAM/BLE/LIB\libCH58xBLE.a(gatt.o)
                0x00000000000092ac                gattRegisterServer
 .text.GATT_UpdateMTU
                0x00000000000092b2       0x5a f:/下载工具包/CH583EVT/EVT/EXAM/BLE/LIB\libCH58xBLE.a(gatt.o)
                0x00000000000092b2                GATT_UpdateMTU
 .text.GATT_bm_alloc
                0x000000000000930c       0xe8 f:/下载工具包/CH583EVT/EVT/EXAM/BLE/LIB\libCH58xBLE.a(gatt.o)
                0x000000000000930c                GATT_bm_alloc
 .text.GATT_ServiceChangedInd
                0x00000000000093f4       0x94 f:/下载工具包/CH583EVT/EVT/EXAM/BLE/LIB\libCH58xBLE.a(gatt.o)
                0x00000000000093f4                GATT_ServiceChangedInd
 .text.GATT_bm_free
                0x0000000000009488       0x1c f:/下载工具包/CH583EVT/EVT/EXAM/BLE/LIB\libCH58xBLE.a(gatt.o)
                0x0000000000009488                GATT_bm_free
 .text.GATT_Init
                0x00000000000094a4       0x2a f:/下载工具包/CH583EVT/EVT/EXAM/BLE/LIB\libCH58xBLE.a(gatt.o)
                0x00000000000094a4                GATT_Init
 .text.GATT_ProcessEvent
                0x00000000000094ce      0x13a f:/下载工具包/CH583EVT/EVT/EXAM/BLE/LIB\libCH58xBLE.a(gatt.o)
                0x00000000000094ce                GATT_ProcessEvent
 .text.gattProcessExchangeMTUReq
                0x0000000000009608        0x4 f:/下载工具包/CH583EVT/EVT/EXAM/BLE/LIB\libCH58xBLE.a(gattservapp.o)
 .text.gattServApp_FindCharCfgItem
                0x000000000000960c       0x24 f:/下载工具包/CH583EVT/EVT/EXAM/BLE/LIB\libCH58xBLE.a(gattservapp.o)
 .text.gattServerHandleTimerCB
                0x0000000000009630       0x3c f:/下载工具包/CH583EVT/EVT/EXAM/BLE/LIB\libCH58xBLE.a(gattservapp.o)
 .text.GATTServApp_InitCharCfg.part.12
                0x000000000000966c       0x20 f:/下载工具包/CH583EVT/EVT/EXAM/BLE/LIB\libCH58xBLE.a(gattservapp.o)
 .text.gattProcessExecuteWriteReq
                0x000000000000968c        0x4 f:/下载工具包/CH583EVT/EVT/EXAM/BLE/LIB\libCH58xBLE.a(gattservapp.o)
 .text.GATTServApp_ParamInit
                0x0000000000009690       0xd6 f:/下载工具包/CH583EVT/EVT/EXAM/BLE/LIB\libCH58xBLE.a(gattservapp.o)
                0x0000000000009690                GATTServApp_ParamInit
 .text.GATTServApp_ReadCharCfg
                0x0000000000009766       0x18 f:/下载工具包/CH583EVT/EVT/EXAM/BLE/LIB\libCH58xBLE.a(gattservapp.o)
                0x0000000000009766                GATTServApp_ReadCharCfg
 .text.GATTServApp_WriteCharCfg
                0x000000000000977e       0x3c f:/下载工具包/CH583EVT/EVT/EXAM/BLE/LIB\libCH58xBLE.a(gattservapp.o)
                0x000000000000977e                GATTServApp_WriteCharCfg
 .text.GATTServApp_ProcessCCCWriteReq
                0x00000000000097ba       0x60 f:/下载工具包/CH583EVT/EVT/EXAM/BLE/LIB\libCH58xBLE.a(gattservapp.o)
                0x00000000000097ba                GATTServApp_ProcessCCCWriteReq
 .text.gattServApp_WriteAttrCB
                0x000000000000981a       0x34 f:/下载工具包/CH583EVT/EVT/EXAM/BLE/LIB\libCH58xBLE.a(gattservapp.o)
                0x000000000000981a                gattServApp_WriteAttrCB
 .text.GATTServApp_SendCCCUpdatedEvent
                0x000000000000984e       0x5e f:/下载工具包/CH583EVT/EVT/EXAM/BLE/LIB\libCH58xBLE.a(gattservapp.o)
                0x000000000000984e                GATTServApp_SendCCCUpdatedEvent
 .text.GATTServApp_SendServiceChangedInd
                0x00000000000098ac       0x36 f:/下载工具包/CH583EVT/EVT/EXAM/BLE/LIB\libCH58xBLE.a(gattservapp.o)
                0x00000000000098ac                GATTServApp_SendServiceChangedInd
 .text.gattServApp_ClearPrepareWriteQ
                0x00000000000098e2       0x50 f:/下载工具包/CH583EVT/EVT/EXAM/BLE/LIB\libCH58xBLE.a(gattservapp.o)
                0x00000000000098e2                gattServApp_ClearPrepareWriteQ
 .text.gattServApp_FindPrepareWriteQ
                0x0000000000009932       0x30 f:/下载工具包/CH583EVT/EVT/EXAM/BLE/LIB\libCH58xBLE.a(gattservapp.o)
                0x0000000000009932                gattServApp_FindPrepareWriteQ
 .text.gattServApp_FindServiceCBs
                0x0000000000009962       0x18 f:/下载工具包/CH583EVT/EVT/EXAM/BLE/LIB\libCH58xBLE.a(gattservapp.o)
                0x0000000000009962                gattServApp_FindServiceCBs
 .text.gattServApp_FindAuthorizeAttrCB
                0x000000000000997a       0x14 f:/下载工具包/CH583EVT/EVT/EXAM/BLE/LIB\libCH58xBLE.a(gattservapp.o)
                0x000000000000997a                gattServApp_FindAuthorizeAttrCB
 .text.gattServApp_IsWriteLong
                0x000000000000998e       0xea f:/下载工具包/CH583EVT/EVT/EXAM/BLE/LIB\libCH58xBLE.a(gattservapp.o)
                0x000000000000998e                gattServApp_IsWriteLong
 .text.gattFindService
                0x0000000000009a78       0x1c f:/下载工具包/CH583EVT/EVT/EXAM/BLE/LIB\libCH58xBLE.a(gattservapp.o)
                0x0000000000009a78                gattFindService
 .text.GATT_ServiceNumAttrs
                0x0000000000009a94       0x16 f:/下载工具包/CH583EVT/EVT/EXAM/BLE/LIB\libCH58xBLE.a(gattservapp.o)
                0x0000000000009a94                GATT_ServiceNumAttrs
 .text.GATT_ServiceEncKeySize
                0x0000000000009aaa       0x18 f:/下载工具包/CH583EVT/EVT/EXAM/BLE/LIB\libCH58xBLE.a(gattservapp.o)
                0x0000000000009aaa                GATT_ServiceEncKeySize
 .text.GATT_VerifyWritePermissions.part.7
                0x0000000000009ac2       0x2c f:/下载工具包/CH583EVT/EVT/EXAM/BLE/LIB\libCH58xBLE.a(gattservapp.o)
 .text.gattResetServerInfo
                0x0000000000009aee       0x1c f:/下载工具包/CH583EVT/EVT/EXAM/BLE/LIB\libCH58xBLE.a(gattservapp.o)
                0x0000000000009aee                gattResetServerInfo
 .text.gattFindServerInfo
                0x0000000000009b0a       0x2c f:/下载工具包/CH583EVT/EVT/EXAM/BLE/LIB\libCH58xBLE.a(gattservapp.o)
                0x0000000000009b0a                gattFindServerInfo
 .text.gattServerHandleConnStatusCB
                0x0000000000009b36       0x98 f:/下载工具包/CH583EVT/EVT/EXAM/BLE/LIB\libCH58xBLE.a(gattservapp.o)
                0x0000000000009b36                gattServerHandleConnStatusCB
 .text.gattServerProcessMsgCB
                0x0000000000009bce      0x1c0 f:/下载工具包/CH583EVT/EVT/EXAM/BLE/LIB\libCH58xBLE.a(gattservapp.o)
                0x0000000000009bce                gattServerProcessMsgCB
 .text.gattServerNotifyTxCB
                0x0000000000009d8e       0x28 f:/下载工具包/CH583EVT/EVT/EXAM/BLE/LIB\libCH58xBLE.a(gattservapp.o)
 .text.GATT_FindHandle
                0x0000000000009db6       0x4a f:/下载工具包/CH583EVT/EVT/EXAM/BLE/LIB\libCH58xBLE.a(gattservapp.o)
                0x0000000000009db6                GATT_FindHandle
 .text.GATTServApp_WriteAttr
                0x0000000000009e00       0xa8 f:/下载工具包/CH583EVT/EVT/EXAM/BLE/LIB\libCH58xBLE.a(gattservapp.o)
                0x0000000000009e00                GATTServApp_WriteAttr
 .text.gattServApp_ProcessExecuteWriteReq
                0x0000000000009ea8      0x100 f:/下载工具包/CH583EVT/EVT/EXAM/BLE/LIB\libCH58xBLE.a(gattservapp.o)
                0x0000000000009ea8                gattServApp_ProcessExecuteWriteReq
 .text.GATTServApp_UpdateCharCfg
                0x0000000000009fa8       0x1e f:/下载工具包/CH583EVT/EVT/EXAM/BLE/LIB\libCH58xBLE.a(gattservapp.o)
                0x0000000000009fa8                GATTServApp_UpdateCharCfg
 .text.gattServApp_ProcessPrepareWriteReq
                0x0000000000009fc6      0x10e f:/下载工具包/CH583EVT/EVT/EXAM/BLE/LIB\libCH58xBLE.a(gattservapp.o)
                0x0000000000009fc6                gattServApp_ProcessPrepareWriteReq
 .text.gattServApp_ProcessWriteReq
                0x000000000000a0d4       0xb0 f:/下载工具包/CH583EVT/EVT/EXAM/BLE/LIB\libCH58xBLE.a(gattservapp.o)
                0x000000000000a0d4                gattServApp_ProcessWriteReq
 .text.GATT_Indication
                0x000000000000a184       0xa4 f:/下载工具包/CH583EVT/EVT/EXAM/BLE/LIB\libCH58xBLE.a(gattservapp.o)
                0x000000000000a184                GATT_Indication
 .text.GATT_FindHandleUUID
                0x000000000000a228       0x94 f:/下载工具包/CH583EVT/EVT/EXAM/BLE/LIB\libCH58xBLE.a(gattservapp.o)
                0x000000000000a228                GATT_FindHandleUUID
 .text.gattProcessReadByGrpTypeReq
                0x000000000000a2bc       0x60 f:/下载工具包/CH583EVT/EVT/EXAM/BLE/LIB\libCH58xBLE.a(gattservapp.o)
 .text.gattProcessReadByTypeReq
                0x000000000000a31c       0x34 f:/下载工具包/CH583EVT/EVT/EXAM/BLE/LIB\libCH58xBLE.a(gattservapp.o)
 .text.gattProcessFindByTypeValueReq
                0x000000000000a350       0x34 f:/下载工具包/CH583EVT/EVT/EXAM/BLE/LIB\libCH58xBLE.a(gattservapp.o)
 .text.gattProcessFindInfoReq
                0x000000000000a384      0x1aa f:/下载工具包/CH583EVT/EVT/EXAM/BLE/LIB\libCH58xBLE.a(gattservapp.o)
 .text.GATT_Notification
                0x000000000000a52e       0x70 f:/下载工具包/CH583EVT/EVT/EXAM/BLE/LIB\libCH58xBLE.a(gattservapp.o)
                0x000000000000a52e                GATT_Notification
 .text.GATT_VerifyWritePermissions
                0x000000000000a59e       0x6a f:/下载工具包/CH583EVT/EVT/EXAM/BLE/LIB\libCH58xBLE.a(gattservapp.o)
                0x000000000000a59e                GATT_VerifyWritePermissions
 .text.gattProcessWriteReq
                0x000000000000a608       0x36 f:/下载工具包/CH583EVT/EVT/EXAM/BLE/LIB\libCH58xBLE.a(gattservapp.o)
 .text.GATT_VerifyPrepareWritePermissions
                0x000000000000a63e       0x56 f:/下载工具包/CH583EVT/EVT/EXAM/BLE/LIB\libCH58xBLE.a(gattservapp.o)
                0x000000000000a63e                GATT_VerifyPrepareWritePermissions
 .text.gattProcessPrepareWriteReq
                0x000000000000a694       0x36 f:/下载工具包/CH583EVT/EVT/EXAM/BLE/LIB\libCH58xBLE.a(gattservapp.o)
 .text.GATT_FindNextAttr
                0x000000000000a6ca       0xc2 f:/下载工具包/CH583EVT/EVT/EXAM/BLE/LIB\libCH58xBLE.a(gattservapp.o)
                0x000000000000a6ca                GATT_FindNextAttr
 .text.GATTServApp_ReadAttr
                0x000000000000a78c      0x2ea f:/下载工具包/CH583EVT/EVT/EXAM/BLE/LIB\libCH58xBLE.a(gattservapp.o)
                0x000000000000a78c                GATTServApp_ReadAttr
 .text.gattServApp_ProcessReadMultiReq
                0x000000000000aa76      0x16e f:/下载工具包/CH583EVT/EVT/EXAM/BLE/LIB\libCH58xBLE.a(gattservapp.o)
                0x000000000000aa76                gattServApp_ProcessReadMultiReq
 .text.gattServApp_ProcessFindByTypeValueReq
                0x000000000000abe4      0x1a0 f:/下载工具包/CH583EVT/EVT/EXAM/BLE/LIB\libCH58xBLE.a(gattservapp.o)
                0x000000000000abe4                gattServApp_ProcessFindByTypeValueReq
 .text.GATT_VerifyReadPermissions
                0x000000000000ad84       0x68 f:/下载工具包/CH583EVT/EVT/EXAM/BLE/LIB\libCH58xBLE.a(gattservapp.o)
                0x000000000000ad84                GATT_VerifyReadPermissions
 .text.gattProcessReadMultiReq
                0x000000000000adec       0xae f:/下载工具包/CH583EVT/EVT/EXAM/BLE/LIB\libCH58xBLE.a(gattservapp.o)
 .text.gattProcessReadReq
                0x000000000000ae9a       0x30 f:/下载工具包/CH583EVT/EVT/EXAM/BLE/LIB\libCH58xBLE.a(gattservapp.o)
 .text.gattServApp_ProcessReadByGrpTypeReq
                0x000000000000aeca      0x200 f:/下载工具包/CH583EVT/EVT/EXAM/BLE/LIB\libCH58xBLE.a(gattservapp.o)
                0x000000000000aeca                gattServApp_ProcessReadByGrpTypeReq
 .text.gattServApp_ProcessReadByTypeReq
                0x000000000000b0ca      0x1ae f:/下载工具包/CH583EVT/EVT/EXAM/BLE/LIB\libCH58xBLE.a(gattservapp.o)
                0x000000000000b0ca                gattServApp_ProcessReadByTypeReq
 .text.GATT_RegisterService
                0x000000000000b278      0x100 f:/下载工具包/CH583EVT/EVT/EXAM/BLE/LIB\libCH58xBLE.a(gattservapp.o)
                0x000000000000b278                GATT_RegisterService
 .text.GATTServApp_RegisterService
                0x000000000000b378       0x7c f:/下载工具包/CH583EVT/EVT/EXAM/BLE/LIB\libCH58xBLE.a(gattservapp.o)
                0x000000000000b378                GATTServApp_RegisterService
 .text.GATTServApp_AddService
                0x000000000000b3f4       0x2c f:/下载工具包/CH583EVT/EVT/EXAM/BLE/LIB\libCH58xBLE.a(gattservapp.o)
                0x000000000000b3f4                GATTServApp_AddService
 .text.GATTServApp_RegisterForMsg
                0x000000000000b420        0x6 f:/下载工具包/CH583EVT/EVT/EXAM/BLE/LIB\libCH58xBLE.a(gattservapp.o)
                0x000000000000b420                GATTServApp_RegisterForMsg
 .text.GATTServApp_InitCharCfg
                0x000000000000b426       0x28 f:/下载工具包/CH583EVT/EVT/EXAM/BLE/LIB\libCH58xBLE.a(gattservapp.o)
                0x000000000000b426                GATTServApp_InitCharCfg
 .text.gattServApp_HandleConnStatusCB
                0x000000000000b44e       0x74 f:/下载工具包/CH583EVT/EVT/EXAM/BLE/LIB\libCH58xBLE.a(gattservapp.o)
                0x000000000000b44e                gattServApp_HandleConnStatusCB
 .text.GATT_InitServer
                0x000000000000b4c2       0xfa f:/下载工具包/CH583EVT/EVT/EXAM/BLE/LIB\libCH58xBLE.a(gattservapp.o)
                0x000000000000b4c2                GATT_InitServer
 .text.GATTServApp_Init
                0x000000000000b5bc       0x34 f:/下载工具包/CH583EVT/EVT/EXAM/BLE/LIB\libCH58xBLE.a(gattservapp.o)
                0x000000000000b5bc                GATTServApp_Init
 .text.GATTServApp_ProcessEvent
                0x000000000000b5f0      0x36a f:/下载工具包/CH583EVT/EVT/EXAM/BLE/LIB\libCH58xBLE.a(gattservapp.o)
                0x000000000000b5f0                GATTServApp_ProcessEvent
 .text.l2capAllocConnChannel
                0x000000000000b95a       0xdc f:/下载工具包/CH583EVT/EVT/EXAM/BLE/LIB\libCH58xBLE.a(l2cap.o)
                0x000000000000b95a                l2capAllocConnChannel
 .text.l2capFindLocalCID
                0x000000000000ba36       0x2c f:/下载工具包/CH583EVT/EVT/EXAM/BLE/LIB\libCH58xBLE.a(l2cap.o)
                0x000000000000ba36                l2capFindLocalCID
 .text.l2capFindLocalId
                0x000000000000ba62       0x30 f:/下载工具包/CH583EVT/EVT/EXAM/BLE/LIB\libCH58xBLE.a(l2cap.o)
                0x000000000000ba62                l2capFindLocalId
 .text.l2capFindPsm
                0x000000000000ba92       0x2c f:/下载工具包/CH583EVT/EVT/EXAM/BLE/LIB\libCH58xBLE.a(l2cap.o)
                0x000000000000ba92                l2capFindPsm
 .text.l2capFindRemoteCID
                0x000000000000babe       0x3c f:/下载工具包/CH583EVT/EVT/EXAM/BLE/LIB\libCH58xBLE.a(l2cap.o)
                0x000000000000babe                l2capFindRemoteCID
 .text.l2capFreeChannel
                0x000000000000bafa       0x4e f:/下载工具包/CH583EVT/EVT/EXAM/BLE/LIB\libCH58xBLE.a(l2cap.o)
                0x000000000000bafa                l2capFreeChannel
 .text.l2capDisconnectChannel
                0x000000000000bb48       0x28 f:/下载工具包/CH583EVT/EVT/EXAM/BLE/LIB\libCH58xBLE.a(l2cap.o)
                0x000000000000bb48                l2capDisconnectChannel
 .text.l2capHandleTimerCB
                0x000000000000bb70       0x2c f:/下载工具包/CH583EVT/EVT/EXAM/BLE/LIB\libCH58xBLE.a(l2cap.o)
                0x000000000000bb70                l2capHandleTimerCB
 .text.l2capFreePendingPkt
                0x000000000000bb9c       0x58 f:/下载工具包/CH583EVT/EVT/EXAM/BLE/LIB\libCH58xBLE.a(l2cap.o)
                0x000000000000bb9c                l2capFreePendingPkt
 .text.l2capGetCoChannelInfo
                0x000000000000bbf4       0x82 f:/下载工具包/CH583EVT/EVT/EXAM/BLE/LIB\libCH58xBLE.a(l2cap.o)
                0x000000000000bbf4                l2capGetCoChannelInfo
 .text.l2capNumActiveChannnels
                0x000000000000bc76       0x44 f:/下载工具包/CH583EVT/EVT/EXAM/BLE/LIB\libCH58xBLE.a(l2cap.o)
                0x000000000000bc76                l2capNumActiveChannnels
 .text.l2capStartTimer
                0x000000000000bcba       0x1a f:/下载工具包/CH583EVT/EVT/EXAM/BLE/LIB\libCH58xBLE.a(l2cap.o)
                0x000000000000bcba                l2capStartTimer
 .text.l2capStopTimer
                0x000000000000bcd4       0x1e f:/下载工具包/CH583EVT/EVT/EXAM/BLE/LIB\libCH58xBLE.a(l2cap.o)
                0x000000000000bcd4                l2capStopTimer
 .text.l2capDisconnectAllChannels
                0x000000000000bcf2       0xdc f:/下载工具包/CH583EVT/EVT/EXAM/BLE/LIB\libCH58xBLE.a(l2cap.o)
                0x000000000000bcf2                l2capDisconnectAllChannels
 .text.l2capHandleConnStatusCB
                0x000000000000bdce       0x3c f:/下载工具包/CH583EVT/EVT/EXAM/BLE/LIB\libCH58xBLE.a(l2cap.o)
                0x000000000000bdce                l2capHandleConnStatusCB
 .text.l2capHandleRxError
                0x000000000000be0a        0x6 f:/下载工具包/CH583EVT/EVT/EXAM/BLE/LIB\libCH58xBLE.a(l2cap.o)
                0x000000000000be0a                l2capHandleRxError
 .text.L2CAP_GetMTU
                0x000000000000be10        0x6 f:/下载工具包/CH583EVT/EVT/EXAM/BLE/LIB\libCH58xBLE.a(l2cap.o)
                0x000000000000be10                L2CAP_GetMTU
 .text.L2CAP_HostNumCompletedPkts
                0x000000000000be16       0x28 f:/下载工具包/CH583EVT/EVT/EXAM/BLE/LIB\libCH58xBLE.a(l2cap.o)
                0x000000000000be16                L2CAP_HostNumCompletedPkts
 .text.L2CAP_ParseConnectReq
                0x000000000000be3e       0x5e f:/下载工具包/CH583EVT/EVT/EXAM/BLE/LIB\libCH58xBLE.a(l2cap.o)
                0x000000000000be3e                L2CAP_ParseConnectReq
 .text.L2CAP_ParseFlowCtrlCredit
                0x000000000000be9c       0x2e f:/下载工具包/CH583EVT/EVT/EXAM/BLE/LIB\libCH58xBLE.a(l2cap.o)
                0x000000000000be9c                L2CAP_ParseFlowCtrlCredit
 .text.L2CAP_RegisterApp
                0x000000000000beca       0x30 f:/下载工具包/CH583EVT/EVT/EXAM/BLE/LIB\libCH58xBLE.a(l2cap.o)
                0x000000000000beca                L2CAP_RegisterApp
 .text.L2CAP_SetBufSize
                0x000000000000befa       0x1e f:/下载工具包/CH583EVT/EVT/EXAM/BLE/LIB\libCH58xBLE.a(l2cap.o)
                0x000000000000befa                L2CAP_SetBufSize
 .text.L2CAP_bm_alloc
                0x000000000000bf18       0x2a f:/下载工具包/CH583EVT/EVT/EXAM/BLE/LIB\libCH58xBLE.a(l2cap.o)
                0x000000000000bf18                L2CAP_bm_alloc
 .text.L2CAP_Init
                0x000000000000bf42      0x142 f:/下载工具包/CH583EVT/EVT/EXAM/BLE/LIB\libCH58xBLE.a(l2cap.o)
                0x000000000000bf42                L2CAP_Init
 .text.L2CAP_ProcessEvent
                0x000000000000c084       0xc8 f:/下载工具包/CH583EVT/EVT/EXAM/BLE/LIB\libCH58xBLE.a(l2cap.o)
                0x000000000000c084                L2CAP_ProcessEvent
 .text.l2capParseCmdReject
                0x000000000000c14c       0x5e f:/下载工具包/CH583EVT/EVT/EXAM/BLE/LIB\libCH58xBLE.a(l2cap_input.o)
                0x000000000000c14c                l2capParseCmdReject
 .text.l2capParseDisconnectReq
                0x000000000000c1aa       0x2e f:/下载工具包/CH583EVT/EVT/EXAM/BLE/LIB\libCH58xBLE.a(l2cap_input.o)
                0x000000000000c1aa                l2capParseDisconnectReq
 .text.l2capParseDisconnectRsp
                0x000000000000c1d8       0x2e f:/下载工具包/CH583EVT/EVT/EXAM/BLE/LIB\libCH58xBLE.a(l2cap_input.o)
                0x000000000000c1d8                l2capParseDisconnectRsp
 .text.L2CAP_ParseParamUpdateReq
                0x000000000000c206       0x4e f:/下载工具包/CH583EVT/EVT/EXAM/BLE/LIB\libCH58xBLE.a(l2cap_input.o)
                0x000000000000c206                L2CAP_ParseParamUpdateReq
 .text.l2capParseParamUpdateRsp
                0x000000000000c254       0x1e f:/下载工具包/CH583EVT/EVT/EXAM/BLE/LIB\libCH58xBLE.a(l2cap_input.o)
                0x000000000000c254                l2capParseParamUpdateRsp
 .text.l2capProcessConnectReq
                0x000000000000c272       0xfc f:/下载工具包/CH583EVT/EVT/EXAM/BLE/LIB\libCH58xBLE.a(l2cap_input.o)
                0x000000000000c272                l2capProcessConnectReq
 .text.l2capParseConnectRsp
                0x000000000000c36e       0x5e f:/下载工具包/CH583EVT/EVT/EXAM/BLE/LIB\libCH58xBLE.a(l2cap_input.o)
                0x000000000000c36e                l2capParseConnectRsp
 .text.l2capParseSignalHdr
                0x000000000000c3cc       0x22 f:/下载工具包/CH583EVT/EVT/EXAM/BLE/LIB\libCH58xBLE.a(l2cap_input.o)
                0x000000000000c3cc                l2capParseSignalHdr
 .text.l2capParsePacket
                0x000000000000c3ee       0x8c f:/下载工具包/CH583EVT/EVT/EXAM/BLE/LIB\libCH58xBLE.a(l2cap_input.o)
                0x000000000000c3ee                l2capParsePacket
 .text.l2capProcessReq
                0x000000000000c47a      0x15a f:/下载工具包/CH583EVT/EVT/EXAM/BLE/LIB\libCH58xBLE.a(l2cap_input.o)
                0x000000000000c47a                l2capProcessReq
 .text.l2capProcessRsp
                0x000000000000c5d4      0x150 f:/下载工具包/CH583EVT/EVT/EXAM/BLE/LIB\libCH58xBLE.a(l2cap_input.o)
                0x000000000000c5d4                l2capProcessRsp
 .text.l2capProcessRxData
                0x000000000000c724       0xf8 f:/下载工具包/CH583EVT/EVT/EXAM/BLE/LIB\libCH58xBLE.a(l2cap_input.o)
                0x000000000000c724                l2capProcessRxData
 .text.l2capNotifyData
                0x000000000000c81c       0x5e f:/下载工具包/CH583EVT/EVT/EXAM/BLE/LIB\libCH58xBLE.a(l2cap_output.o)
                0x000000000000c81c                l2capNotifyData
 .text.l2capNotifySignal
                0x000000000000c87a       0x7a f:/下载工具包/CH583EVT/EVT/EXAM/BLE/LIB\libCH58xBLE.a(l2cap_output.o)
                0x000000000000c87a                l2capNotifySignal
 .text.l2capNotifyCreditEvt
                0x000000000000c8f4       0xa0 f:/下载工具包/CH583EVT/EVT/EXAM/BLE/LIB\libCH58xBLE.a(l2cap_output.o)
                0x000000000000c8f4                l2capNotifyCreditEvt
 .text.l2capNotifyChannelEstEvt
                0x000000000000c994       0x5c f:/下载工具包/CH583EVT/EVT/EXAM/BLE/LIB\libCH58xBLE.a(l2cap_output.o)
                0x000000000000c994                l2capNotifyChannelEstEvt
 .text.l2capNotifyChannelTermEvt
                0x000000000000c9f0       0x3e f:/下载工具包/CH583EVT/EVT/EXAM/BLE/LIB\libCH58xBLE.a(l2cap_output.o)
                0x000000000000c9f0                l2capNotifyChannelTermEvt
 .text.l2capNotifyEvent
                0x000000000000ca2e       0x66 f:/下载工具包/CH583EVT/EVT/EXAM/BLE/LIB\libCH58xBLE.a(l2cap_output.o)
                0x000000000000ca2e                l2capNotifyEvent
 .text.l2capStoreFCPkt
                0x000000000000ca94       0x32 f:/下载工具包/CH583EVT/EVT/EXAM/BLE/LIB\libCH58xBLE.a(l2cap_output.o)
                0x000000000000ca94                l2capStoreFCPkt
 .text.l2capFreeTxSDU
                0x000000000000cac6       0x9e f:/下载工具包/CH583EVT/EVT/EXAM/BLE/LIB\libCH58xBLE.a(l2cap_output.o)
                0x000000000000cac6                l2capFreeTxSDU
 .text.l2capReassembleSegment
                0x000000000000cb64      0x174 f:/下载工具包/CH583EVT/EVT/EXAM/BLE/LIB\libCH58xBLE.a(l2cap_output.o)
                0x000000000000cb64                l2capReassembleSegment
 .text.l2capEncapSendData
                0x000000000000ccd8       0xec f:/下载工具包/CH583EVT/EVT/EXAM/BLE/LIB\libCH58xBLE.a(l2cap_output.o)
                0x000000000000ccd8                l2capEncapSendData
 .text.l2capSendFCPkt.part.3
                0x000000000000cdc4       0x70 f:/下载工具包/CH583EVT/EVT/EXAM/BLE/LIB\libCH58xBLE.a(l2cap_output.o)
 .text.l2capSendSegment
                0x000000000000ce34      0x108 f:/下载工具包/CH583EVT/EVT/EXAM/BLE/LIB\libCH58xBLE.a(l2cap_output.o)
                0x000000000000ce34                l2capSendSegment
 .text.l2capSendNextSegment
                0x000000000000cf3c       0xb4 f:/下载工具包/CH583EVT/EVT/EXAM/BLE/LIB\libCH58xBLE.a(l2cap_output.o)
                0x000000000000cf3c                l2capSendNextSegment
 .text.l2capSendPkt
                0x000000000000cff0       0x3a f:/下载工具包/CH583EVT/EVT/EXAM/BLE/LIB\libCH58xBLE.a(l2cap_output.o)
                0x000000000000cff0                l2capSendPkt
 .text.L2CAP_SendData
                0x000000000000d02a       0x82 f:/下载工具包/CH583EVT/EVT/EXAM/BLE/LIB\libCH58xBLE.a(l2cap_output.o)
                0x000000000000d02a                L2CAP_SendData
 .text.l2capSendCmd
                0x000000000000d0ac       0x8a f:/下载工具包/CH583EVT/EVT/EXAM/BLE/LIB\libCH58xBLE.a(l2cap_output.o)
                0x000000000000d0ac                l2capSendCmd
 .text.l2capSendReq
                0x000000000000d136       0xbc f:/下载工具包/CH583EVT/EVT/EXAM/BLE/LIB\libCH58xBLE.a(l2cap_output.o)
                0x000000000000d136                l2capSendReq
 .text.l2capBuildDisconnectReq
                0x000000000000d1f2       0x28 f:/下载工具包/CH583EVT/EVT/EXAM/BLE/LIB\libCH58xBLE.a(l2cap_sdu.o)
 .text.l2capBuildParamUpdateReq
                0x000000000000d21a       0x4c f:/下载工具包/CH583EVT/EVT/EXAM/BLE/LIB\libCH58xBLE.a(l2cap_sdu.o)
 .text.l2capBuildParamUpdateRsp
                0x000000000000d266       0x16 f:/下载工具包/CH583EVT/EVT/EXAM/BLE/LIB\libCH58xBLE.a(l2cap_sdu.o)
 .text.l2capBuildConnectRsp
                0x000000000000d27c       0x5e f:/下载工具包/CH583EVT/EVT/EXAM/BLE/LIB\libCH58xBLE.a(l2cap_sdu.o)
 .text.l2capBuildCmdReject
                0x000000000000d2da       0x62 f:/下载工具包/CH583EVT/EVT/EXAM/BLE/LIB\libCH58xBLE.a(l2cap_sdu.o)
                0x000000000000d2da                l2capBuildCmdReject
 .text.l2capBuildDisconnectRsp
                0x000000000000d33c       0x28 f:/下载工具包/CH583EVT/EVT/EXAM/BLE/LIB\libCH58xBLE.a(l2cap_sdu.o)
                0x000000000000d33c                l2capBuildDisconnectRsp
 .text.l2capSendConnectRsp
                0x000000000000d364       0xa6 f:/下载工具包/CH583EVT/EVT/EXAM/BLE/LIB\libCH58xBLE.a(l2cap_sdu.o)
                0x000000000000d364                l2capSendConnectRsp
 .text.L2CAP_CmdReject
                0x000000000000d40a       0x12 f:/下载工具包/CH583EVT/EVT/EXAM/BLE/LIB\libCH58xBLE.a(l2cap_sdu.o)
                0x000000000000d40a                L2CAP_CmdReject
 .text.L2CAP_DisconnectReq
                0x000000000000d41c       0x2a f:/下载工具包/CH583EVT/EVT/EXAM/BLE/LIB\libCH58xBLE.a(l2cap_sdu.o)
                0x000000000000d41c                L2CAP_DisconnectReq
 .text.L2CAP_ConnParamUpdateReq
                0x000000000000d446       0x16 f:/下载工具包/CH583EVT/EVT/EXAM/BLE/LIB\libCH58xBLE.a(l2cap_sdu.o)
                0x000000000000d446                L2CAP_ConnParamUpdateReq
 .text.L2CAP_ConnParamUpdateRsp
                0x000000000000d45c       0x12 f:/下载工具包/CH583EVT/EVT/EXAM/BLE/LIB\libCH58xBLE.a(l2cap_sdu.o)
                0x000000000000d45c                L2CAP_ConnParamUpdateRsp
 .text.reportStatusChange
                0x000000000000d46e       0x3e f:/下载工具包/CH583EVT/EVT/EXAM/BLE/LIB\libCH58xBLE.a(linkdb.o)
 .text.linkDB_Init
                0x000000000000d4ac       0xa0 f:/下载工具包/CH583EVT/EVT/EXAM/BLE/LIB\libCH58xBLE.a(linkdb.o)
                0x000000000000d4ac                linkDB_Init
 .text.linkDB_Find
                0x000000000000d54c       0x30 f:/下载工具包/CH583EVT/EVT/EXAM/BLE/LIB\libCH58xBLE.a(linkdb.o)
                0x000000000000d54c                linkDB_Find
 .text.linkDB_Authen
                0x000000000000d57c       0x5c f:/下载工具包/CH583EVT/EVT/EXAM/BLE/LIB\libCH58xBLE.a(linkdb.o)
                0x000000000000d57c                linkDB_Authen
 .text.linkDB_FindByAddr
                0x000000000000d5d8       0x7e f:/下载工具包/CH583EVT/EVT/EXAM/BLE/LIB\libCH58xBLE.a(linkdb.o)
                0x000000000000d5d8                linkDB_FindByAddr
 .text.linkDB_FindFirst
                0x000000000000d656       0x3c f:/下载工具包/CH583EVT/EVT/EXAM/BLE/LIB\libCH58xBLE.a(linkdb.o)
                0x000000000000d656                linkDB_FindFirst
 .text.linkDB_MTU
                0x000000000000d692       0x18 f:/下载工具包/CH583EVT/EVT/EXAM/BLE/LIB\libCH58xBLE.a(linkdb.o)
                0x000000000000d692                linkDB_MTU
 .text.linkDB_NumActive
                0x000000000000d6aa       0x32 f:/下载工具包/CH583EVT/EVT/EXAM/BLE/LIB\libCH58xBLE.a(linkdb.o)
                0x000000000000d6aa                linkDB_NumActive
 .text.linkDB_NumConns
                0x000000000000d6dc        0xa f:/下载工具包/CH583EVT/EVT/EXAM/BLE/LIB\libCH58xBLE.a(linkdb.o)
                0x000000000000d6dc                linkDB_NumConns
 .text.linkDB_Register
                0x000000000000d6e6       0x28 f:/下载工具包/CH583EVT/EVT/EXAM/BLE/LIB\libCH58xBLE.a(linkdb.o)
                0x000000000000d6e6                linkDB_Register
 .text.linkDB_Remove
                0x000000000000d70e       0x4c f:/下载工具包/CH583EVT/EVT/EXAM/BLE/LIB\libCH58xBLE.a(linkdb.o)
                0x000000000000d70e                linkDB_Remove
 .text.linkDB_Role
                0x000000000000d75a       0x18 f:/下载工具包/CH583EVT/EVT/EXAM/BLE/LIB\libCH58xBLE.a(linkdb.o)
                0x000000000000d75a                linkDB_Role
 .text.linkDB_State
                0x000000000000d772       0x30 f:/下载工具包/CH583EVT/EVT/EXAM/BLE/LIB\libCH58xBLE.a(linkdb.o)
                0x000000000000d772                linkDB_State
 .text.linkDB_UpdateMTU
                0x000000000000d7a2       0x28 f:/下载工具包/CH583EVT/EVT/EXAM/BLE/LIB\libCH58xBLE.a(linkdb.o)
                0x000000000000d7a2                linkDB_UpdateMTU
 .text.linkDB_PerformFunc
                0x000000000000d7ca       0x56 f:/下载工具包/CH583EVT/EVT/EXAM/BLE/LIB\libCH58xBLE.a(linkdb.o)
                0x000000000000d7ca                linkDB_PerformFunc
 .text.linkDB_PeripheralLinkNum
                0x000000000000d820       0x42 f:/下载工具包/CH583EVT/EVT/EXAM/BLE/LIB\libCH58xBLE.a(linkdb.o)
                0x000000000000d820                linkDB_PeripheralLinkNum
 .text.linkDB_GetSMEvtID
                0x000000000000d862       0x5c f:/下载工具包/CH583EVT/EVT/EXAM/BLE/LIB\libCH58xBLE.a(linkdb.o)
                0x000000000000d862                linkDB_GetSMEvtID
 .text.linkDB_Add
                0x000000000000d8be       0xb2 f:/下载工具包/CH583EVT/EVT/EXAM/BLE/LIB\libCH58xBLE.a(linkdb.o)
                0x000000000000d8be                linkDB_Add
 .text.linkDB_GetHandleFromSMEvtID
                0x000000000000d970       0x36 f:/下载工具包/CH583EVT/EVT/EXAM/BLE/LIB\libCH58xBLE.a(linkdb.o)
                0x000000000000d970                linkDB_GetHandleFromSMEvtID
 .text.linkDB_GetPairingParam
                0x000000000000d9a6       0x72 f:/下载工具包/CH583EVT/EVT/EXAM/BLE/LIB\libCH58xBLE.a(linkdb.o)
                0x000000000000d9a6                linkDB_GetPairingParam
 .text.linkDB_NeedSendKey
                0x000000000000da18       0x48 f:/下载工具包/CH583EVT/EVT/EXAM/BLE/LIB\libCH58xBLE.a(linkdb.o)
                0x000000000000da18                linkDB_NeedSendKey
 .text.smStartRspTimer
                0x000000000000da60       0x3a f:/下载工具包/CH583EVT/EVT/EXAM/BLE/LIB\libCH58xBLE.a(sm.o)
 .text.smStartEncryption
                0x000000000000da9a       0xa0 f:/下载工具包/CH583EVT/EVT/EXAM/BLE/LIB\libCH58xBLE.a(sm.o)
 .text.smFreePairingParams
                0x000000000000db3a       0x7e f:/下载工具包/CH583EVT/EVT/EXAM/BLE/LIB\libCH58xBLE.a(sm.o)
                0x000000000000db3a                smFreePairingParams
 .text.smEndPairing
                0x000000000000dbb8       0x60 f:/下载工具包/CH583EVT/EVT/EXAM/BLE/LIB\libCH58xBLE.a(sm.o)
                0x000000000000dbb8                smEndPairing
 .text.smLinkCheck
                0x000000000000dc18       0x34 f:/下载工具包/CH583EVT/EVT/EXAM/BLE/LIB\libCH58xBLE.a(sm.o)
                0x000000000000dc18                smLinkCheck
 .text.smNextPairingState
                0x000000000000dc4c       0x58 f:/下载工具包/CH583EVT/EVT/EXAM/BLE/LIB\libCH58xBLE.a(sm.o)
                0x000000000000dc4c                smNextPairingState
 .text.smProcessEncryptChange
                0x000000000000dca4       0xf0 f:/下载工具包/CH583EVT/EVT/EXAM/BLE/LIB\libCH58xBLE.a(sm.o)
                0x000000000000dca4                smProcessEncryptChange
 .text.smSendSMMsg
                0x000000000000dd94       0x5c f:/下载工具包/CH583EVT/EVT/EXAM/BLE/LIB\libCH58xBLE.a(sm.o)
                0x000000000000dd94                smSendSMMsg
 .text.smSendFailAndEnd
                0x000000000000ddf0       0x38 f:/下载工具包/CH583EVT/EVT/EXAM/BLE/LIB\libCH58xBLE.a(sm.o)
                0x000000000000ddf0                smSendFailAndEnd
 .text.smProcessPairingReq
                0x000000000000de28       0x3c f:/下载工具包/CH583EVT/EVT/EXAM/BLE/LIB\libCH58xBLE.a(sm.o)
                0x000000000000de28                smProcessPairingReq
 .text.smSetPairingReqRsp
                0x000000000000de64       0x3c f:/下载工具包/CH583EVT/EVT/EXAM/BLE/LIB\libCH58xBLE.a(sm.o)
                0x000000000000de64                smSetPairingReqRsp
 .text.SM_StartEncryption
                0x000000000000dea0       0x16 f:/下载工具包/CH583EVT/EVT/EXAM/BLE/LIB\libCH58xBLE.a(sm.o)
                0x000000000000dea0                SM_StartEncryption
 .text.sm_dhkey
                0x000000000000deb6       0x3a f:/下载工具包/CH583EVT/EVT/EXAM/BLE/LIB\libCH58xBLE.a(sm.o)
                0x000000000000deb6                sm_dhkey
 .text.sm_c1    0x000000000000def0       0xb4 f:/下载工具包/CH583EVT/EVT/EXAM/BLE/LIB\libCH58xBLE.a(sm.o)
                0x000000000000def0                sm_c1
 .text.smDetermineKeySize
                0x000000000000dfa4       0x20 f:/下载工具包/CH583EVT/EVT/EXAM/BLE/LIB\libCH58xBLE.a(sm.o)
                0x000000000000dfa4                smDetermineKeySize
 .text.smpParsePairingReq
                0x000000000000dfc4      0x118 f:/下载工具包/CH583EVT/EVT/EXAM/BLE/LIB\libCH58xBLE.a(sm.o)
                0x000000000000dfc4                smpParsePairingReq
 .text.smpParseEncInfo
                0x000000000000e0dc       0x2a f:/下载工具包/CH583EVT/EVT/EXAM/BLE/LIB\libCH58xBLE.a(sm.o)
                0x000000000000e0dc                smpParseEncInfo
 .text.smpParseIdentityAddrInfo
                0x000000000000e106       0x34 f:/下载工具包/CH583EVT/EVT/EXAM/BLE/LIB\libCH58xBLE.a(sm.o)
                0x000000000000e106                smpParseIdentityAddrInfo
 .text.smpParseIdentityInfo
                0x000000000000e13a       0x2a f:/下载工具包/CH583EVT/EVT/EXAM/BLE/LIB\libCH58xBLE.a(sm.o)
                0x000000000000e13a                smpParseIdentityInfo
 .text.smpParseMasterID
                0x000000000000e164       0x3c f:/下载工具包/CH583EVT/EVT/EXAM/BLE/LIB\libCH58xBLE.a(sm.o)
                0x000000000000e164                smpParseMasterID
 .text.smpParsePairingConfirm
                0x000000000000e1a0       0x2a f:/下载工具包/CH583EVT/EVT/EXAM/BLE/LIB\libCH58xBLE.a(sm.o)
                0x000000000000e1a0                smpParsePairingConfirm
 .text.smpParsePairingFailed
                0x000000000000e1ca       0x1c f:/下载工具包/CH583EVT/EVT/EXAM/BLE/LIB\libCH58xBLE.a(sm.o)
                0x000000000000e1ca                smpParsePairingFailed
 .text.smpParsePairingRandom
                0x000000000000e1e6       0x2a f:/下载工具包/CH583EVT/EVT/EXAM/BLE/LIB\libCH58xBLE.a(sm.o)
                0x000000000000e1e6                smpParsePairingRandom
 .text.smpParseSigningInfo
                0x000000000000e210       0x2a f:/下载工具包/CH583EVT/EVT/EXAM/BLE/LIB\libCH58xBLE.a(sm.o)
                0x000000000000e210                smpParseSigningInfo
 .text.smpParsePairingPublicKey
                0x000000000000e23a       0x2c f:/下载工具包/CH583EVT/EVT/EXAM/BLE/LIB\libCH58xBLE.a(sm.o)
                0x000000000000e23a                smpParsePairingPublicKey
 .text.smpParsePairingDHKeyCheck
                0x000000000000e266       0x2a f:/下载工具包/CH583EVT/EVT/EXAM/BLE/LIB\libCH58xBLE.a(sm.o)
                0x000000000000e266                smpParsePairingDHKeyCheck
 .text.smProcessDataMsg
                0x000000000000e290       0xfc f:/下载工具包/CH583EVT/EVT/EXAM/BLE/LIB\libCH58xBLE.a(sm.o)
                0x000000000000e290                smProcessDataMsg
 .text.smProcessTMOSMsg
                0x000000000000e38c      0x164 f:/下载工具包/CH583EVT/EVT/EXAM/BLE/LIB\libCH58xBLE.a(sm.o)
                0x000000000000e38c                smProcessTMOSMsg
 .text.SM_CalcRandomAddr
                0x000000000000e4f0       0x54 f:/下载工具包/CH583EVT/EVT/EXAM/BLE/LIB\libCH58xBLE.a(sm.o)
                0x000000000000e4f0                SM_CalcRandomAddr
 .text.SM_GenerateAuthenSig
                0x000000000000e544       0xe6 f:/下载工具包/CH583EVT/EVT/EXAM/BLE/LIB\libCH58xBLE.a(sm.o)
                0x000000000000e544                SM_GenerateAuthenSig
 .text.SM_PasskeyUpdate
                0x000000000000e62a       0xe8 f:/下载工具包/CH583EVT/EVT/EXAM/BLE/LIB\libCH58xBLE.a(sm.o)
                0x000000000000e62a                SM_PasskeyUpdate
 .text.SM_ResolveRandomAddrs
                0x000000000000e712       0x5e f:/下载工具包/CH583EVT/EVT/EXAM/BLE/LIB\libCH58xBLE.a(sm.o)
                0x000000000000e712                SM_ResolveRandomAddrs
 .text.SM_StartPairing
                0x000000000000e770       0xc2 f:/下载工具包/CH583EVT/EVT/EXAM/BLE/LIB\libCH58xBLE.a(sm.o)
                0x000000000000e770                SM_StartPairing
 .text.SM_VerifyAuthenSig
                0x000000000000e832      0x150 f:/下载工具包/CH583EVT/EVT/EXAM/BLE/LIB\libCH58xBLE.a(sm.o)
                0x000000000000e832                SM_VerifyAuthenSig
 .text.SM_ProcessEvent
                0x000000000000e982       0xb4 f:/下载工具包/CH583EVT/EVT/EXAM/BLE/LIB\libCH58xBLE.a(sm.o)
                0x000000000000e982                SM_ProcessEvent
 .text.SM_ParamInit
                0x000000000000ea36       0x5a f:/下载工具包/CH583EVT/EVT/EXAM/BLE/LIB\libCH58xBLE.a(sm.o)
                0x000000000000ea36                SM_ParamInit
 .text.SM_InitiatorInit
                0x000000000000ea90       0x1e f:/下载工具包/CH583EVT/EVT/EXAM/BLE/LIB\libCH58xBLE.a(sm.o)
                0x000000000000ea90                SM_InitiatorInit
 .text.SM_ResponderInit
                0x000000000000eaae       0x1e f:/下载工具包/CH583EVT/EVT/EXAM/BLE/LIB\libCH58xBLE.a(sm.o)
                0x000000000000eaae                SM_ResponderInit
 .text.SM_Init  0x000000000000eacc       0x2a f:/下载工具包/CH583EVT/EVT/EXAM/BLE/LIB\libCH58xBLE.a(sm.o)
                0x000000000000eacc                SM_Init
 .text.smpInitiatorProcessPairingRsp
                0x000000000000eaf6      0x278 f:/下载工具包/CH583EVT/EVT/EXAM/BLE/LIB\libCH58xBLE.a(sm_initiator.o)
                0x000000000000eaf6                smpInitiatorProcessPairingRsp
 .text.smInitiatorSendNextKeyInfo
                0x000000000000ed6e      0x26a f:/下载工具包/CH583EVT/EVT/EXAM/BLE/LIB\libCH58xBLE.a(sm_initiator.o)
                0x000000000000ed6e                smInitiatorSendNextKeyInfo
 .text.setupInitiatorKeys
                0x000000000000efd8       0x88 f:/下载工具包/CH583EVT/EVT/EXAM/BLE/LIB\libCH58xBLE.a(sm_initiator.o)
 .text.smpInitiatorProcessIncoming
                0x000000000000f060      0x410 f:/下载工具包/CH583EVT/EVT/EXAM/BLE/LIB\libCH58xBLE.a(sm_initiator.o)
                0x000000000000f060                smpInitiatorProcessIncoming
 .text.smpBuildPairingReqRsp
                0x000000000000f470       0xc6 f:/下载工具包/CH583EVT/EVT/EXAM/BLE/LIB\libCH58xBLE.a(sm_pdu.o)
 .text.smpBuildPairingReq
                0x000000000000f536        0xa f:/下载工具包/CH583EVT/EVT/EXAM/BLE/LIB\libCH58xBLE.a(sm_pdu.o)
                0x000000000000f536                smpBuildPairingReq
 .text.smpBuildPairingRsp
                0x000000000000f540        0xa f:/下载工具包/CH583EVT/EVT/EXAM/BLE/LIB\libCH58xBLE.a(sm_pdu.o)
                0x000000000000f540                smpBuildPairingRsp
 .text.smpBuildPairingConfirm
                0x000000000000f54a       0x30 f:/下载工具包/CH583EVT/EVT/EXAM/BLE/LIB\libCH58xBLE.a(sm_pdu.o)
                0x000000000000f54a                smpBuildPairingConfirm
 .text.smpBuildPairingRandom
                0x000000000000f57a       0x30 f:/下载工具包/CH583EVT/EVT/EXAM/BLE/LIB\libCH58xBLE.a(sm_pdu.o)
                0x000000000000f57a                smpBuildPairingRandom
 .text.smpBuildEncInfo
                0x000000000000f5aa       0x30 f:/下载工具包/CH583EVT/EVT/EXAM/BLE/LIB\libCH58xBLE.a(sm_pdu.o)
                0x000000000000f5aa                smpBuildEncInfo
 .text.smpBuildMasterID
                0x000000000000f5da       0x44 f:/下载工具包/CH583EVT/EVT/EXAM/BLE/LIB\libCH58xBLE.a(sm_pdu.o)
                0x000000000000f5da                smpBuildMasterID
 .text.smpBuildIdentityInfo
                0x000000000000f61e       0x30 f:/下载工具包/CH583EVT/EVT/EXAM/BLE/LIB\libCH58xBLE.a(sm_pdu.o)
                0x000000000000f61e                smpBuildIdentityInfo
 .text.smpBuildIdentityAddrInfo
                0x000000000000f64e       0x3a f:/下载工具包/CH583EVT/EVT/EXAM/BLE/LIB\libCH58xBLE.a(sm_pdu.o)
                0x000000000000f64e                smpBuildIdentityAddrInfo
 .text.smpBuildSigningInfo
                0x000000000000f688       0x30 f:/下载工具包/CH583EVT/EVT/EXAM/BLE/LIB\libCH58xBLE.a(sm_pdu.o)
                0x000000000000f688                smpBuildSigningInfo
 .text.smpBuildPublicKey
                0x000000000000f6b8       0x32 f:/下载工具包/CH583EVT/EVT/EXAM/BLE/LIB\libCH58xBLE.a(sm_pdu.o)
                0x000000000000f6b8                smpBuildPublicKey
 .text.smpBuildDHKey
                0x000000000000f6ea       0x30 f:/下载工具包/CH583EVT/EVT/EXAM/BLE/LIB\libCH58xBLE.a(sm_pdu.o)
                0x000000000000f6ea                smpBuildDHKey
 .text.smpBuildPairingFailed
                0x000000000000f71a       0x1a f:/下载工具包/CH583EVT/EVT/EXAM/BLE/LIB\libCH58xBLE.a(sm_pdu.o)
                0x000000000000f71a                smpBuildPairingFailed
 .text.smpBuildSecurityReq
                0x000000000000f734       0x1a f:/下载工具包/CH583EVT/EVT/EXAM/BLE/LIB\libCH58xBLE.a(sm_pdu.o)
                0x000000000000f734                smpBuildSecurityReq
 .text.smGeneratePairingReq
                0x000000000000f74e       0x30 f:/下载工具包/CH583EVT/EVT/EXAM/BLE/LIB\libCH58xBLE.a(sm_pdu.o)
                0x000000000000f74e                smGeneratePairingReq
 .text.smGeneratePairingRsp
                0x000000000000f77e       0x30 f:/下载工具包/CH583EVT/EVT/EXAM/BLE/LIB\libCH58xBLE.a(sm_pdu.o)
                0x000000000000f77e                smGeneratePairingRsp
 .text.smGenerateConfirm
                0x000000000000f7ae       0x34 f:/下载工具包/CH583EVT/EVT/EXAM/BLE/LIB\libCH58xBLE.a(sm_pdu.o)
                0x000000000000f7ae                smGenerateConfirm
 .text.smGenerateRandMsg
                0x000000000000f7e2       0x34 f:/下载工具包/CH583EVT/EVT/EXAM/BLE/LIB\libCH58xBLE.a(sm_pdu.o)
                0x000000000000f7e2                smGenerateRandMsg
 .text.smGeneratePairingPublicKey
                0x000000000000f816       0x60 f:/下载工具包/CH583EVT/EVT/EXAM/BLE/LIB\libCH58xBLE.a(sm_pdu.o)
                0x000000000000f816                smGeneratePairingPublicKey
 .text.smGeneratePairingDHKeyCheck
                0x000000000000f876      0x24c f:/下载工具包/CH583EVT/EVT/EXAM/BLE/LIB\libCH58xBLE.a(sm_pdu.o)
                0x000000000000f876                smGeneratePairingDHKeyCheck
 .text.smPairingSendEncInfo
                0x000000000000fac2       0x10 f:/下载工具包/CH583EVT/EVT/EXAM/BLE/LIB\libCH58xBLE.a(sm_pdu.o)
                0x000000000000fac2                smPairingSendEncInfo
 .text.smPairingSendIdentityAddrInfo
                0x000000000000fad2       0x38 f:/下载工具包/CH583EVT/EVT/EXAM/BLE/LIB\libCH58xBLE.a(sm_pdu.o)
                0x000000000000fad2                smPairingSendIdentityAddrInfo
 .text.smPairingSendIdentityInfo
                0x000000000000fb0a       0x10 f:/下载工具包/CH583EVT/EVT/EXAM/BLE/LIB\libCH58xBLE.a(sm_pdu.o)
                0x000000000000fb0a                smPairingSendIdentityInfo
 .text.smPairingSendMasterID
                0x000000000000fb1a       0x38 f:/下载工具包/CH583EVT/EVT/EXAM/BLE/LIB\libCH58xBLE.a(sm_pdu.o)
                0x000000000000fb1a                smPairingSendMasterID
 .text.smPairingSendSingingInfo
                0x000000000000fb52       0x10 f:/下载工具包/CH583EVT/EVT/EXAM/BLE/LIB\libCH58xBLE.a(sm_pdu.o)
                0x000000000000fb52                smPairingSendSingingInfo
 .text.smResponderSendNextKeyInfo
                0x000000000000fb62      0x2de f:/下载工具包/CH583EVT/EVT/EXAM/BLE/LIB\libCH58xBLE.a(sm_responding.o)
                0x000000000000fb62                smResponderSendNextKeyInfo
 .text.smResponderProcessLTKReq
                0x000000000000fe40      0x1a6 f:/下载工具包/CH583EVT/EVT/EXAM/BLE/LIB\libCH58xBLE.a(sm_responding.o)
                0x000000000000fe40                smResponderProcessLTKReq
 .text.smpResponderProcessIncoming
                0x000000000000ffe6      0x6f6 f:/下载工具包/CH583EVT/EVT/EXAM/BLE/LIB\libCH58xBLE.a(sm_responding.o)
                0x000000000000ffe6                smpResponderProcessIncoming
 .text.xor_128  0x00000000000106dc       0x28 f:/下载工具包/CH583EVT/EVT/EXAM/BLE/LIB\libCH58xBLE.a(sm_toolbox.o)
                0x00000000000106dc                xor_128
 .text.leftshift_onebit
                0x0000000000010704       0x2e f:/下载工具包/CH583EVT/EVT/EXAM/BLE/LIB\libCH58xBLE.a(sm_toolbox.o)
                0x0000000000010704                leftshift_onebit
 .text.padding  0x0000000000010732       0x38 f:/下载工具包/CH583EVT/EVT/EXAM/BLE/LIB\libCH58xBLE.a(sm_toolbox.o)
                0x0000000000010732                padding
 .text.generate_subkey
                0x000000000001076a       0xd4 f:/下载工具包/CH583EVT/EVT/EXAM/BLE/LIB\libCH58xBLE.a(sm_toolbox.o)
                0x000000000001076a                generate_subkey
 .text.sm_xor   0x000000000001083e       0x24 f:/下载工具包/CH583EVT/EVT/EXAM/BLE/LIB\libCH58xBLE.a(sm_toolbox.o)
                0x000000000001083e                sm_xor
 .text.sm_ah    0x0000000000010862       0x90 f:/下载工具包/CH583EVT/EVT/EXAM/BLE/LIB\libCH58xBLE.a(sm_toolbox.o)
                0x0000000000010862                sm_ah
 .text.sm_c1new
                0x00000000000108f2      0x144 f:/下载工具包/CH583EVT/EVT/EXAM/BLE/LIB\libCH58xBLE.a(sm_toolbox.o)
                0x00000000000108f2                sm_c1new
 .text.sm_s1    0x0000000000010a36       0x96 f:/下载工具包/CH583EVT/EVT/EXAM/BLE/LIB\libCH58xBLE.a(sm_toolbox.o)
                0x0000000000010a36                sm_s1
 .text.sm_CMAC  0x0000000000010acc      0x172 f:/下载工具包/CH583EVT/EVT/EXAM/BLE/LIB\libCH58xBLE.a(sm_toolbox.o)
                0x0000000000010acc                sm_CMAC
 .text.HOST_LE_ConnectionCompleteEvent
                0x0000000000010c3e       0xca f:/下载工具包/CH583EVT/EVT/EXAM/BLE/LIB\libCH58xBLE.a(host_input.o)
                0x0000000000010c3e                HOST_LE_ConnectionCompleteEvent
 .text.HOST_LE_ConnectionUpdateCompleteEvent
                0x0000000000010d08       0x60 f:/下载工具包/CH583EVT/EVT/EXAM/BLE/LIB\libCH58xBLE.a(host_input.o)
                0x0000000000010d08                HOST_LE_ConnectionUpdateCompleteEvent
 .text.HOST_LE_ReadRemoteUsedFeaturesCompleteEvent
                0x0000000000010d68       0x66 f:/下载工具包/CH583EVT/EVT/EXAM/BLE/LIB\libCH58xBLE.a(host_input.o)
                0x0000000000010d68                HOST_LE_ReadRemoteUsedFeaturesCompleteEvent
 .text.HOST_LE_LongTermKeyRequestEvent
                0x0000000000010dce       0x64 f:/下载工具包/CH583EVT/EVT/EXAM/BLE/LIB\libCH58xBLE.a(host_input.o)
                0x0000000000010dce                HOST_LE_LongTermKeyRequestEvent
 .text.HOST_LE_RemoteConnectionParameterRequestEvent
                0x0000000000010e32       0x60 f:/下载工具包/CH583EVT/EVT/EXAM/BLE/LIB\libCH58xBLE.a(host_input.o)
                0x0000000000010e32                HOST_LE_RemoteConnectionParameterRequestEvent
 .text.HOST_RemoteConnectionParameterRequestEvent
                0x0000000000010e92       0x42 f:/下载工具包/CH583EVT/EVT/EXAM/BLE/LIB\libCH58xBLE.a(host_input.o)