Archive member included to satisfy reference by file (symbol)

f:/下载工具包/CH583EVT/EVT/EXAM/SRC/StdPeriphDriver\libISP583.a(ISP583.o)
                              ./StdPeriphDriver/CH58x_flash.o (FLASH_EEPROM_CMD)
f:/下载工具包/CH583EVT/EVT/EXAM/BLE/LIB\libCH58xBLE.a(message.o)
                              ./HAL/MCU.o (tmos_msg_deallocate)
f:/下载工具包/CH583EVT/EVT/EXAM/BLE/LIB\libCH58xBLE.a(tmos.o)
                              ./Profile/devinfoservice.o (tmos_memcpy)
f:/下载工具包/CH583EVT/EVT/EXAM/BLE/LIB\libCH58xBLE.a(tmos_hw.o)
                              ./HAL/RTC.o (TMOS_TimerInit)
f:/下载工具包/CH583EVT/EVT/EXAM/BLE/LIB\libCH58xBLE.a(tmos_snv.o)
                              f:/下载工具包/CH583EVT/EVT/EXAM/BLE/LIB\libCH58xBLE.a(tmos.o) (tmos_snv_init)
f:/下载工具包/CH583EVT/EVT/EXAM/BLE/LIB\libCH58xBLE.a(gap.o)
                              ./APP/peripheral.o (GAP_SetParamValue)
f:/下载工具包/CH583EVT/EVT/EXAM/BLE/LIB\libCH58xBLE.a(gap_central.o)
                              f:/下载工具包/CH583EVT/EVT/EXAM/BLE/LIB\libCH58xBLE.a(gap.o) (gapProcessPeriodicAdvertisingSyncEstablishedEvt)
f:/下载工具包/CH583EVT/EVT/EXAM/BLE/LIB\libCH58xBLE.a(gap_peripheral.o)
                              f:/下载工具包/CH583EVT/EVT/EXAM/BLE/LIB\libCH58xBLE.a(gap.o) (GAP_PeripheralParamInit)
f:/下载工具包/CH583EVT/EVT/EXAM/BLE/LIB\libCH58xBLE.a(gapgattserver.o)
                              ./APP/peripheral.o (GGS_SetParameter)
f:/下载工具包/CH583EVT/EVT/EXAM/BLE/LIB\libCH58xBLE.a(gatt.o)
                              ./APP/peripheral.o (GATT_bm_alloc)
f:/下载工具包/CH583EVT/EVT/EXAM/BLE/LIB\libCH58xBLE.a(gatt_uuid.o)
                              f:/下载工具包/CH583EVT/EVT/EXAM/BLE/LIB\libCH58xBLE.a(gatt.o) (serviceChangedUUID)
f:/下载工具包/CH583EVT/EVT/EXAM/BLE/LIB\libCH58xBLE.a(gattclientapp.o)
                              f:/下载工具包/CH583EVT/EVT/EXAM/BLE/LIB\libCH58xBLE.a(gatt.o) (gattGetClientStatus)
f:/下载工具包/CH583EVT/EVT/EXAM/BLE/LIB\libCH58xBLE.a(gattservapp.o)
                              ./Profile/gattprofile.o (GATTServApp_ReadCharCfg)
f:/下载工具包/CH583EVT/EVT/EXAM/BLE/LIB\libCH58xBLE.a(l2cap.o)
                              f:/下载工具包/CH583EVT/EVT/EXAM/BLE/LIB\libCH58xBLE.a(gatt.o) (L2CAP_GetMTU)
f:/下载工具包/CH583EVT/EVT/EXAM/BLE/LIB\libCH58xBLE.a(l2cap_input.o)
                              f:/下载工具包/CH583EVT/EVT/EXAM/BLE/LIB\libCH58xBLE.a(l2cap.o) (l2capProcessRxData)
f:/下载工具包/CH583EVT/EVT/EXAM/BLE/LIB\libCH58xBLE.a(l2cap_output.o)
                              f:/下载工具包/CH583EVT/EVT/EXAM/BLE/LIB\libCH58xBLE.a(l2cap_input.o) (l2capNotifyData)
f:/下载工具包/CH583EVT/EVT/EXAM/BLE/LIB\libCH58xBLE.a(l2cap_sdu.o)
                              f:/下载工具包/CH583EVT/EVT/EXAM/BLE/LIB\libCH58xBLE.a(l2cap_input.o) (l2capBuildDisconnectRsp)
f:/下载工具包/CH583EVT/EVT/EXAM/BLE/LIB\libCH58xBLE.a(linkdb.o)
                              f:/下载工具包/CH583EVT/EVT/EXAM/BLE/LIB\libCH58xBLE.a(l2cap.o) (linkDB_Init)
f:/下载工具包/CH583EVT/EVT/EXAM/BLE/LIB\libCH58xBLE.a(sm.o)
                              f:/下载工具包/CH583EVT/EVT/EXAM/BLE/LIB\libCH58xBLE.a(gap.o) (smFreePairingParams)
f:/下载工具包/CH583EVT/EVT/EXAM/BLE/LIB\libCH58xBLE.a(sm_initiator.o)
                              f:/下载工具包/CH583EVT/EVT/EXAM/BLE/LIB\libCH58xBLE.a(sm.o) (smInitiatorSendNextKeyInfo)
f:/下载工具包/CH583EVT/EVT/EXAM/BLE/LIB\libCH58xBLE.a(sm_pdu.o)
                              f:/下载工具包/CH583EVT/EVT/EXAM/BLE/LIB\libCH58xBLE.a(sm.o) (smpBuildPairingReq)
f:/下载工具包/CH583EVT/EVT/EXAM/BLE/LIB\libCH58xBLE.a(sm_responding.o)
                              f:/下载工具包/CH583EVT/EVT/EXAM/BLE/LIB\libCH58xBLE.a(sm.o) (smResponderSendNextKeyInfo)
f:/下载工具包/CH583EVT/EVT/EXAM/BLE/LIB\libCH58xBLE.a(sm_toolbox.o)
                              f:/下载工具包/CH583EVT/EVT/EXAM/BLE/LIB\libCH58xBLE.a(sm.o) (sm_ah)
f:/下载工具包/CH583EVT/EVT/EXAM/BLE/LIB\libCH58xBLE.a(host_input.o)
                              f:/下载工具包/CH583EVT/EVT/EXAM/BLE/LIB\libCH58xBLE.a(gap.o) (gBleHostPara)
f:/下载工具包/CH583EVT/EVT/EXAM/BLE/LIB\libCH58xBLE.a(host_output.o)
                              f:/下载工具包/CH583EVT/EVT/EXAM/BLE/LIB\libCH58xBLE.a(gap.o) (HCI_DisconnectCmd)
f:/下载工具包/CH583EVT/EVT/EXAM/BLE/LIB\libCH58xBLE.a(ll_master.o)
                              f:/下载工具包/CH583EVT/EVT/EXAM/BLE/LIB\libCH58xBLE.a(gap_central.o) (LL_SetDataSendPriority)
f:/下载工具包/CH583EVT/EVT/EXAM/BLE/LIB\libCH58xBLE.a(ll_pdu.o)
                              f:/下载工具包/CH583EVT/EVT/EXAM/BLE/LIB\libCH58xBLE.a(ll_master.o) (LL_ConnectionUpdateInd)
f:/下载工具包/CH583EVT/EVT/EXAM/BLE/LIB\libCH58xBLE.a(ll_scan.o)
                              f:/下载工具包/CH583EVT/EVT/EXAM/BLE/LIB\libCH58xBLE.a(ll_master.o) (LL_ScanEnable)
f:/下载工具包/CH583EVT/EVT/EXAM/BLE/LIB\libCH58xBLE.a(ll_sync.o)
                              f:/下载工具包/CH583EVT/EVT/EXAM/BLE/LIB\libCH58xBLE.a(ll_scan.o) (debug_periodic_tmp)
f:/下载工具包/CH583EVT/EVT/EXAM/BLE/LIB\libCH58xBLE.a(ll_whitelist.o)
                              f:/下载工具包/CH583EVT/EVT/EXAM/BLE/LIB\libCH58xBLE.a(ll_scan.o) (LL_WhitelistLookup)
f:/下载工具包/CH583EVT/EVT/EXAM/BLE/LIB\libCH58xBLE.a(aes.o)
[...]
Memory Configuration

Name             Origin             Length             Attributes
FLASH            0x0000000000000000 0x0000000000070000 xr
RAM              0x0000000020000000 0x0000000000008000 xrw
*default*        0x0000000000000000 0xffffffffffffffff

Linker script and memory map

LOAD ./StdPeriphDriver/CH58x_adc.o
LOAD ./StdPeriphDriver/CH58x_clk.o
LOAD ./StdPeriphDriver/CH58x_flash.o
LOAD ./StdPeriphDriver/CH58x_gpio.o
LOAD ./StdPeriphDriver/CH58x_i2c.o
LOAD ./StdPeriphDriver/CH58x_pwm.o
LOAD ./StdPeriphDriver/CH58x_pwr.o
LOAD ./StdPeriphDriver/CH58x_spi0.o
LOAD ./StdPeriphDriver/CH58x_spi1.o
LOAD ./StdPeriphDriver/CH58x_sys.o
LOAD ./StdPeriphDriver/CH58x_timer0.o
LOAD ./StdPeriphDriver/CH58x_timer1.o
LOAD ./StdPeriphDriver/CH58x_timer2.o
LOAD ./StdPeriphDriver/CH58x_timer3.o
LOAD ./StdPeriphDriver/CH58x_uart0.o
LOAD ./StdPeriphDriver/CH58x_uart1.o
LOAD ./StdPeriphDriver/CH58x_uart2.o
LOAD ./StdPeriphDriver/CH58x_uart3.o
LOAD ./StdPeriphDriver/CH58x_usb2dev.o
LOAD ./StdPeriphDriver/CH58x_usb2hostBase.o
LOAD ./StdPeriphDriver/CH58x_usb2hostClass.o
LOAD ./StdPeriphDriver/CH58x_usbdev.o
LOAD ./StdPeriphDriver/CH58x_usbhostBase.o
LOAD ./StdPeriphDriver/CH58x_usbhostClass.o
LOAD ./Startup/startup_CH583.o
LOAD ./RVMSIS/core_riscv.o
LOAD ./Profile/devinfoservice.o
LOAD ./Profile/gattprofile.o
LOAD ./HAL/MCU.o
LOAD ./HAL/RTC.o
LOAD ./HAL/SLEEP.o
LOAD ./APP/b_cdc.o
LOAD ./APP/board.o
LOAD ./APP/flash.o
LOAD ./APP/ir.o
LOAD ./APP/lora.o
LOAD ./APP/peripheral.o
LOAD ./APP/peripheral_main.o
LOAD ./APP/timer.o
LOAD f:/下载工具包/CH583EVT/EVT/EXAM/SRC/StdPeriphDriver\libISP583.a
LOAD f:/下载工具包/CH583EVT/EVT/EXAM/BLE/LIB\libCH58xBLE.a
LOAD e:/mounriver/mounriver_studio2/resources/app/resources/win32/components/wch/toolchain/risc-v embedded gcc/bin/../lib/gcc/riscv-none-embed/8.2.0/../../../../riscv-none-embed/lib/rv32imac/ilp32\libm.a
LOAD e:/mounriver/mounriver_studio2/resources/app/resources/win32/components/wch/toolchain/risc-v embedded gcc/bin/../lib/gcc/riscv-none-embed/8.2.0/rv32imac/ilp32\libgcc.a
LOAD e:/mounriver/mounriver_studio2/resources/app/resources/win32/components/wch/toolchain/risc-v embedded gcc/bin/../lib/gcc/riscv-none-embed/8.2.0/../../../../riscv-none-embed/lib/rv32imac/ilp32\libg_nano.a
LOAD e:/mounriver/mounriver_studio2/resources/app/resources/win32/components/wch/toolchain/risc-v embedded gcc/bin/../lib/gcc/riscv-none-embed/8.2.0/../../../../riscv-none-embed/lib/rv32imac/ilp32\libc_nano.a
LOAD e:/mounriver/mounriver_studio2/resources/app/resources/win32/components/wch/toolchain/risc-v embedded gcc/bin/../lib/gcc/riscv-none-embed/8.2.0/rv32imac/ilp32\libgcc.a
START GROUP
LOAD e:/mounriver/mounriver_studio2/resources/app/resources/win32/components/wch/toolchain/risc-v embedded gcc/bin/../lib/gcc/riscv-none-embed/8.2.0/rv32imac/ilp32\libgcc.a
LOAD e:/mounriver/mounriver_studio2/resources/app/resources/win32/components/wch/toolchain/risc-v embedded gcc/bin/../lib/gcc/riscv-none-embed/8.2.0/../../../../riscv-none-embed/lib/rv32imac/ilp32\libc_nano.a
LOAD e:/mounriver/mounriver_studio2/resources/app/resources/win32/components/wch/toolchain/risc-v embedded gcc/bin/../lib/gcc/riscv-none-embed/8.2.0/../../../../riscv-none-embed/lib/rv32imac/ilp32\libnosys.a
END GROUP
START GROUP
LOAD e:/mounriver/mounriver_studio2/resources/app/resources/win32/components/wch/toolchain/risc-v embedded gcc/bin/../lib/gcc/riscv-none-embed/8.2.0/rv32imac/ilp32\libgcc.a
LOAD e:/mounriver/mounriver_studio2/resources/app/resources/win32/components/wch/toolchain/risc-v embedded gcc/bin/../lib/gcc/riscv-none-embed/8.2.0/../../../../riscv-none-embed/lib/rv32imac/ilp32\libc_nano.a
LOAD e:/mounriver/mounriver_studio2/resources/app/resources/win32/components/wch/toolchain/risc-v embedded gcc/bin/../lib/gcc/riscv-none-embed/8.2.0/../../../../riscv-none-embed/lib/rv32imac/ilp32\libnosys.a
END GROUP
                0x0000000000000200                __stack_size = 0x200
                [!provide]                        PROVIDE (_stack_size = __stack_size)

.init           0x0000000000000000        0x4
                0x0000000000000000                _sinit = .
                0x0000000000000000                . = ALIGN (0x4)
 *(SORT_NONE(.init))
 .init          0x0000000000000000        0x4 ./Startup/startup_CH583.o
                0x0000000000000000                _start
                0x0000000000000004                . = ALIGN (0x4)
                0x0000000000000004                _einit = .

.highcodelalign
                0x0000000000000004        0x0
                0x0000000000000004                . = ALIGN (0x4)
                0x0000000000000004                PROVIDE (_highcode_lma = .)

.highcode       0x0000000020000000     0x22c4 load address 0x0000000000000004
                0x0000000020000000                . = ALIGN (0x4)
                0x0000000020000000                PROVIDE (_highcode_vma_start = .)
 *(.vector)
 .vector        0x0000000020000000       0x90 ./Startup/startup_CH583.o
 *(SORT_NONE(.vector_handler))
 .vector_handler
                0x0000000020000090        0x2 ./Startup/startup_CH583.o
                0x0000000020000090                GPIOB_IRQHandler
                0x0000000020000090                GPIOA_IRQHandler
                0x0000000020000090                SysTick_Handler
                0x0000000020000090                NMI_Handler
                0x0000000020000090                UART1_IRQHandler
                0x0000000020000090                UART0_IRQHandler
                0x0000000020000090                BB_IRQHandler
                0x0000000020000090                Break_Point_Handler
                0x0000000020000090                Ecall_M_Mode_Handler
                0x0000000020000090                UART2_IRQHandler
                0x0000000020000090                PWMX_IRQHandler
                0x0000000020000090                ADC_IRQHandler
                0x0000000020000090                TMR2_IRQHandler
                0x0000000020000090                I2C_IRQHandler
                0x0000000020000090                USB2_IRQHandler
                0x0000000020000090                LLE_IRQHandler
                0x0000000020000090                WDOG_BAT_IRQHandler
                0x0000000020000090                Ecall_U_Mode_Handler
                0x0000000020000090                TMR3_IRQHandler
                0x0000000020000090                SW_Handler
                0x0000000020000090                SPI0_IRQHandler
                0x0000000020000090                TMR1_IRQHandler
 *(.highcode)
 .highcode      0x0000000020000092       0x18 ./StdPeriphDriver/CH58x_clk.o
                0x0000000020000092                RTC_GetCycle32k
 .highcode      0x00000000200000aa      0x4ec ./StdPeriphDriver/CH58x_sys.o
                0x00000000200000aa                SetSysClock
                0x0000000020000430                SYS_ResetExecute
                0x00000000200004a2                HardFault_Handler
                0x0000000020000560                mDelayuS
                0x000000002000056e                mDelaymS
 .highcode      0x0000000020000596       0x16 ./HAL/RTC.o
                0x0000000020000596                RTC_IRQHandler
 .highcode      0x00000000200005ac      0x248 ./APP/b_cdc.o
                0x00000000200005ac                USB_IRQHandler
 .highcode      0x00000000200007f4       0x18 ./APP/peripheral_main.o
                0x00000000200007f4                Main_Circulation
 .highcode      0x000000002000080c       0x3e ./APP/timer.o
                0x000000002000080c                TMR0_IRQHandler
 .highcode      0x000000002000084a      0x426 f:/下载工具包/CH583EVT/EVT/EXAM/SRC/StdPeriphDriver\libISP583.a(ISP583.o)
                0x000000002000084a                FLASH_ROM_BEG
                0x000000002000085c                FLASH_ROM_END
                0x000000002000086a                FLASH_ROM_IN
                0x0000000020000878                FLASH_ROM_OUT
                0x0000000020000886                FLASH_ROM_ADDR
                0x00000000200008ce                FLASH_ROM_WAIT
                0x0000000020000906                FLASH_EEPROM_CMD
 .highcode      0x0000000020000c70      0x40c f:/下载工具包/CH583EVT/EVT/EXAM/BLE/LIB\libCH58xBLE.a(tmos.o)
                0x0000000020000c70                tmos_memcpy
                0x0000000020000c90                tmos_memcpy_word
                0x0000000020000ca8                tmos_memset
                0x0000000020000cba                tmos_strlen
                0x0000000020000cce                tmos_memdup
                0x0000000020000d00                tmos_memcmp
                0x0000000020000d2e                tmos_revmemcpy
                0x0000000020000d4a                tmos_isbufset
                0x0000000020000d6c                tmos_proces_system_time
                0x0000000020000ea0                TMOS_SystemProcess
 .highcode      0x000000002000107c       0x50 f:/下载工具包/CH583EVT/EVT/EXAM/BLE/LIB\libCH58xBLE.a(tmos_hw.o)
                0x00000000200010c6                TMOS_TimerIRQHandler
 .highcode      0x00000000200010cc       0x4e f:/下载工具包/CH583EVT/EVT/EXAM/BLE/LIB\libCH58xBLE.a(ll_whitelist.o)
                0x00000000200010cc                LL_WhitelistLookup
 .highcode      0x000000002000111a      0x1b2 f:/下载工具包/CH583EVT/EVT/EXAM/BLE/LIB\libCH58xBLE.a(aes.o)
                0x000000002000111a                AES_DevAESEnc
 .highcode      0x00000000200012cc      0x14a f:/下载工具包/CH583EVT/EVT/EXAM/BLE/LIB\libCH58xBLE.a(bb.o)
                0x00000000200012cc                BB_IRQLibHandler
                0x00000000200013cc                BB_IRQLibFunction
 .highcode      0x0000000020001416      0x368 f:/下载工具包/CH583EVT/EVT/EXAM/BLE/LIB\libCH58xBLE.a(ip.o)
                0x0000000020001416                ll_rx_wait_finish
                0x0000000020001450                ble_ll_chkcrc
                0x00000000200014ee                ll_tx_wait_finish
                0x00000000200015e6                BLE_CheckHoppingMap
 .highcode      0x000000002000177e      0x254 f:/下载工具包/CH583EVT/EVT/EXAM/BLE/LIB\libCH58xBLE.a(lle.o)
                0x000000002000177e                LLE_IRQLibHandler
                0x0000000020001988                LLE_IRQLibFunction
 .highcode      0x00000000200019d2       0x32 f:/下载工具包/CH583EVT/EVT/EXAM/BLE/LIB\libCH58xBLE.a(rfend.o)
                0x00000000200019d2                RFEND_WaitTune
 .highcode      0x0000000020001a04      0x19e f:/下载工具包/CH583EVT/EVT/EXAM/BLE/LIB\libCH58xBLE.a(memory.o)
                0x0000000020001a04                tmos_memory_allocate
                0x0000000020001aca                tmos_memory_free
 .highcode      0x0000000020001ba2      0x2da f:/下载工具包/CH583EVT/EVT/EXAM/BLE/LIB\libCH58xBLE.a(ll_connect.o)
                0x0000000020001ba2                ll_connect_send_data
                0x0000000020001cce                ll_connect_recv_data
                0x0000000020001daa                ll_connect_event_continue
                0x0000000020001e70                ll_wait_connect_event
 .highcode      0x0000000020001e7c      0x310 f:/下载工具包/CH583EVT/EVT/EXAM/BLE/LIB\libCH58xBLE.a(ll_hop.o)
                0x0000000020001e7c                LL_HopGetChannel
                0x0000000020001f22                LL_HopGetChannel2
 .highcode      0x000000002000218c      0x138 f:/下载工具包/CH583EVT/EVT/EXAM/BLE/LIB\libCH58xBLE.a(ll_resolvinglist.o)
                0x000000002000218c                ll_resolvinglist_checkRPA
                0x00000000200021f8                LL_ResolvinglistPeerIdentifyAddressGetIrk
                0x000000002000224c                LL_ResolvinglistPeerRpaAddressGetIrk
                0x0000000020002288                LL_ResolvinglistLocalRpaAddressGetIrk
 *(.highcode.*)
                0x00000000200022c4                . = ALIGN (0x4)
 *fill*         0x00000000200022c4        0x0 
                0x00000000200022c4                PROVIDE (_highcode_vma_end = .)

.text           0x00000000000022c8    0x35e34
                0x00000000000022c8                . = ALIGN (0x4)
 *(SORT_NONE(.handle_reset))
 .handle_reset  0x00000000000022c8       0xda ./Startup/startup_CH583.o
                0x00000000000022c8                handle_reset
 *(.text)
 .text          0x00000000000023a2       0xa8 e:/mounriver/mounriver_studio2/resources/app/resources/win32/components/wch/toolchain/risc-v embedded gcc/bin/../lib/gcc/riscv-none-embed/8.2.0/../../../../riscv-none-embed/lib/rv32imac/ilp32\libg_nano.a(lib_a-memset.o)
                0x00000000000023a2                memset
 .text          0x000000000000244a      0x11e e:/mounriver/mounriver_studio2/resources/app/resources/win32/components/wch/toolchain/risc-v embedded gcc/bin/../lib/gcc/riscv-none-embed/8.2.0/../../../../riscv-none-embed/lib/rv32imac/ilp32\libg_nano.a(lib_a-strcmp.o)
                0x000000000000244a                strcmp
 *(.text.*)
 .text.ADC_InterTSSampInit
                0x0000000000002568       0x28 ./StdPeriphDriver/CH58x_adc.o
                0x0000000000002568                ADC_InterTSSampInit
 .text.LSECFG_Current
                0x0000000000002590       0x68 ./StdPeriphDriver/CH58x_clk.o
                0x0000000000002590                LSECFG_Current
 .text.RTC_InitTime
                0x00000000000025f8      0x204 ./StdPeriphDriver/CH58x_clk.o
                0x00000000000025f8                RTC_InitTime
 .text.RTC_GetTime
                0x00000000000027fc      0x15c ./StdPeriphDriver/CH58x_clk.o
                0x00000000000027fc                RTC_GetTime
 .text.Calibration_LSI
                0x0000000000002958      0x8dc ./StdPeriphDriver/CH58x_clk.o
                0x0000000000002958                Calibration_LSI
 .text.GPIOA_ModeCfg
                0x0000000000003234       0xa6 ./StdPeriphDriver/CH58x_gpio.o
                0x0000000000003234                GPIOA_ModeCfg
 .text.GPIOB_ModeCfg
                0x00000000000032da       0xa6 ./StdPeriphDriver/CH58x_gpio.o
                0x00000000000032da                GPIOB_ModeCfg
 .text.GetSysClock
                0x0000000000003380       0x42 ./StdPeriphDriver/CH58x_sys.o
                0x0000000000003380                GetSysClock
 .text.SYS_DisableAllIrq
                0x00000000000033c2       0x20 ./StdPeriphDriver/CH58x_sys.o
                0x00000000000033c2                SYS_DisableAllIrq
 .text.SYS_RecoverIrq
                0x00000000000033e2       0x14 ./StdPeriphDriver/CH58x_sys.o
                0x00000000000033e2                SYS_RecoverIrq
 .text.SYS_GetSysTickCnt
                0x00000000000033f6        0xa ./StdPeriphDriver/CH58x_sys.o
                0x00000000000033f6                SYS_GetSysTickCnt
 .text.WWDG_ResetCfg
                0x0000000000003400       0x6e ./StdPeriphDriver/CH58x_sys.o
                0x0000000000003400                WWDG_ResetCfg
 .text.WWDG_ClearFlag
                0x000000000000346e       0x60 ./StdPeriphDriver/CH58x_sys.o
                0x000000000000346e                WWDG_ClearFlag
 .text._write   0x00000000000034ce       0x28 ./StdPeriphDriver/CH58x_sys.o
                0x00000000000034ce                _write
 .text._sbrk    0x00000000000034f6       0x34 ./StdPeriphDriver/CH58x_sys.o
                0x00000000000034f6                _sbrk
 .text.TMR0_TimerInit
                0x000000000000352a       0x14 ./StdPeriphDriver/CH58x_timer0.o
                0x000000000000352a                TMR0_TimerInit
 .text.UART1_BaudRateCfg
                0x000000000000353e       0x30 ./StdPeriphDriver/CH58x_uart1.o
                0x000000000000353e                UART1_BaudRateCfg
 .text.UART1_DefInit
                0x000000000000356e       0x32 ./StdPeriphDriver/CH58x_uart1.o
                0x000000000000356e                UART1_DefInit
 .text.devInfo_ReadAttrCB
                0x00000000000035a0      0x196 ./Profile/devinfoservice.o
 .text.DevInfo_AddService
                0x0000000000003736       0x18 ./Profile/devinfoservice.o
                0x0000000000003736                DevInfo_AddService
 .text.simpleProfile_ReadAttrCB
                0x000000000000374e       0x76 ./Profile/gattprofile.o
 .text.simpleProfile_WriteAttrCB
                0x00000000000037c4       0xfc ./Profile/gattprofile.o
 .text.simpleProfile_HandleConnStatusCB
                0x00000000000038c0       0x3e ./Profile/gattprofile.o
 .text.SimpleProfile_AddService
                0x00000000000038fe       0x4c ./Profile/gattprofile.o
                0x00000000000038fe                SimpleProfile_AddService
 .text.SimpleProfile_RegisterAppCBs
                0x000000000000394a        0xe ./Profile/gattprofile.o
                0x000000000000394a                SimpleProfile_RegisterAppCBs
 .text.SimpleProfile_SetParameter
                0x0000000000003958       0x52 ./Profile/gattprofile.o
                0x0000000000003958                SimpleProfile_SetParameter
 .text.simpleProfile_Notify
                0x00000000000039aa       0x46 ./Profile/gattprofile.o
                0x00000000000039aa                simpleProfile_Notify
 .text.Lib_Calibration_LSI
                0x00000000000039f0        0x6 ./HAL/MCU.o
                0x00000000000039f0                Lib_Calibration_LSI
 .text.Lib_Read_Flash
                0x00000000000039f6       0x1c ./HAL/MCU.o
                0x00000000000039f6                Lib_Read_Flash
 .text.Lib_Write_Flash
                0x0000000000003a12       0x40 ./HAL/MCU.o
                0x0000000000003a12                Lib_Write_Flash
 .text.HAL_GetInterTempValue
                0x0000000000003a52       0x72 ./HAL/MCU.o
                0x0000000000003a52                HAL_GetInterTempValue
 .text.HAL_ProcessEvent
                0x0000000000003ac4       0x7e ./HAL/MCU.o
                0x0000000000003ac4                HAL_ProcessEvent
 .text.CH58X_BLEInit
                0x0000000000003b42      0x132 ./HAL/MCU.o
                0x0000000000003b42                CH58X_BLEInit
 .text.HAL_Init
                0x0000000000003c74       0x30 ./HAL/MCU.o
                0x0000000000003c74                HAL_Init
 .text.HAL_TimeInit
                0x0000000000003ca4       0xe0 ./HAL/RTC.o
                0x0000000000003ca4                HAL_TimeInit
 .text.Flash_Erase
                0x0000000000003d84       0x10 ./APP/flash.o
                0x0000000000003d84                Flash_Erase
 .text.Flash_Write
                0x0000000000003d94       0x10 ./APP/flash.o
                0x0000000000003d94                Flash_Write
 .text.Flash_Read
                0x0000000000003da4       0x10 ./APP/flash.o
                0x0000000000003da4                Flash_Read
 .text.Flash_Poll
                0x0000000000003db4       0x54 ./APP/flash.o
                0x0000000000003db4                Flash_Poll
 .text.LoadDevInfo
                0x0000000000003e08       0xf0 ./APP/flash.o
                0x0000000000003e08                LoadDevInfo
 .text.PrintHex
                0x0000000000003ef8       0x56 ./APP/ir.o
 .text.Check_IrBuf
                0x0000000000003f4e      0x23a ./APP/ir.o
                0x0000000000003f4e                Check_IrBuf
 .text.UART3_IRQHandler
                0x0000000000004188       0x6c ./APP/ir.o
                0x0000000000004188                UART3_IRQHandler
 .text.peripheralRssiCB
                0x00000000000041f4       0x12 ./APP/peripheral.o
 .text.simpleProfileChangeCB
                0x0000000000004206       0x3e ./APP/peripheral.o
 .text.peripheralParamUpdateCB
                0x0000000000004244       0x30 ./APP/peripheral.o
 .text.Peripheral_LinkTerminated
                0x0000000000004274       0x58 ./APP/peripheral.o
 .text.peripheralStateNotificationCB
                0x00000000000042cc      0x170 ./APP/peripheral.o
 .text.Peripheral_ProcessEvent
                0x000000000000443c      0x192 ./APP/peripheral.o
                0x000000000000443c                Peripheral_ProcessEvent
 .text.Peripheral_Init
                0x00000000000045ce      0x1a8 ./APP/peripheral.o
                0x00000000000045ce                Peripheral_Init
 .text.startup.main
                0x0000000000004776       0xdc ./APP/peripheral_main.o
                0x0000000000004776                main
 .text.WWDG_Init
                0x0000000000004852       0x1a ./APP/timer.o
                0x0000000000004852                WWDG_Init
 .text.RTC_SetTimestamp
                0x000000000000486c      0x116 ./APP/timer.o
                0x000000000000486c                RTC_SetTimestamp
 .text.Rtc_GetTimestamp
                0x0000000000004982       0x5c ./APP/timer.o
                0x0000000000004982                Rtc_GetTimestamp
 .text.Period_100ms
                0x00000000000049de       0x4c ./APP/timer.o
                0x00000000000049de                Period_100ms
 .text.Period_1s
                0x0000000000004a2a       0x52 ./APP/timer.o
                0x0000000000004a2a                Period_1s
 .text.tmos_msg_enqueue
                0x0000000000004a7c       0x1e f:/下载工具包/CH583EVT/EVT/EXAM/BLE/LIB\libCH58xBLE.a(message.o)
                0x0000000000004a7c                tmos_msg_enqueue
 .text.tmos_msg_deallocate
                0x0000000000004a9a       0x2c f:/下载工具包/CH583EVT/EVT/EXAM/BLE/LIB\libCH58xBLE.a(message.o)
                0x0000000000004a9a                tmos_msg_deallocate
 .text.tmos_msg_allocate
                0x0000000000004ac6       0x46 f:/下载工具包/CH583EVT/EVT/EXAM/BLE/LIB\libCH58xBLE.a(message.o)
                0x0000000000004ac6                tmos_msg_allocate
 .text.tmos_msg_receive
                0x0000000000004b0c       0x68 f:/下载工具包/CH583EVT/EVT/EXAM/BLE/LIB\libCH58xBLE.a(message.o)
                0x0000000000004b0c                tmos_msg_receive
 .text.tmos_msg_send
                0x0000000000004b74       0x5c f:/下载工具包/CH583EVT/EVT/EXAM/BLE/LIB\libCH58xBLE.a(message.o)
                0x0000000000004b74                tmos_msg_send
 .text.tmos_msg_init
                0x0000000000004bd0        0x6 f:/下载工具包/CH583EVT/EVT/EXAM/BLE/LIB\libCH58xBLE.a(message.o)
                0x0000000000004bd0                tmos_msg_init
 .text.tmosFindTask
                0x0000000000004bd6       0x20 f:/下载工具包/CH583EVT/EVT/EXAM/BLE/LIB\libCH58xBLE.a(tmos.o)
 .text.TMOS_CB_PeriodicProcessEvent
                0x0000000000004bf6       0x82 f:/下载工具包/CH583EVT/EVT/EXAM/BLE/LIB\libCH58xBLE.a(tmos.o)
                0x0000000000004bf6                TMOS_CB_PeriodicProcessEvent
 .text.TMOS_CB_ProcessEvent
                0x0000000000004c78       0x7c f:/下载工具包/CH583EVT/EVT/EXAM/BLE/LIB\libCH58xBLE.a(tmos.o)
                0x0000000000004c78                TMOS_CB_ProcessEvent
 .text.tmos_rand
                0x0000000000004cf4       0x4e f:/下载工具包/CH583EVT/EVT/EXAM/BLE/LIB\libCH58xBLE.a(tmos.o)
                0x0000000000004cf4                tmos_rand
 .text.tmos_start_periodic_callback_task
                0x0000000000004d42       0xda f:/下载工具包/CH583EVT/EVT/EXAM/BLE/LIB\libCH58xBLE.a(tmos.o)
                0x0000000000004d42                tmos_start_periodic_callback_task
 .text.tmos_set_event
                0x0000000000004e1c       0x2a f:/下载工具包/CH583EVT/EVT/EXAM/BLE/LIB\libCH58xBLE.a(tmos.o)
                0x0000000000004e1c                tmos_set_event
 .text.tmos_clear_event
                0x0000000000004e46       0x2e f:/下载工具包/CH583EVT/EVT/EXAM/BLE/LIB\libCH58xBLE.a(tmos.o)
                0x0000000000004e46                tmos_clear_event
 .text.tmos_update_callback_timer
                0x0000000000004e74       0xba f:/下载工具包/CH583EVT/EVT/EXAM/BLE/LIB\libCH58xBLE.a(tmos.o)
                0x0000000000004e74                tmos_update_callback_timer
 .text.tmos_update_periodic_callback_timer
                0x0000000000004f2e       0x5a f:/下载工具包/CH583EVT/EVT/EXAM/BLE/LIB\libCH58xBLE.a(tmos.o)
                0x0000000000004f2e                tmos_update_periodic_callback_timer
 .text.tmos_start_task
                0x0000000000004f88      0x126 f:/下载工具包/CH583EVT/EVT/EXAM/BLE/LIB\libCH58xBLE.a(tmos.o)
                0x0000000000004f88                tmos_start_task
 .text.tmos_start_callback_task
                0x00000000000050ae       0x96 f:/下载工具包/CH583EVT/EVT/EXAM/BLE/LIB\libCH58xBLE.a(tmos.o)
                0x00000000000050ae                tmos_start_callback_task
 .text.tmos_start_reload_task
                0x0000000000005144       0x56 f:/下载工具包/CH583EVT/EVT/EXAM/BLE/LIB\libCH58xBLE.a(tmos.o)
                0x0000000000005144                tmos_start_reload_task
 .text.tmos_stop_task
                0x000000000000519a       0x48 f:/下载工具包/CH583EVT/EVT/EXAM/BLE/LIB\libCH58xBLE.a(tmos.o)
                0x000000000000519a                tmos_stop_task
 .text.tmos_stop_callback_task
                0x00000000000051e2       0x56 f:/下载工具包/CH583EVT/EVT/EXAM/BLE/LIB\libCH58xBLE.a(tmos.o)
                0x00000000000051e2                tmos_stop_callback_task
 .text.tmos_get_task_timer
                0x0000000000005238       0x5e f:/下载工具包/CH583EVT/EVT/EXAM/BLE/LIB\libCH58xBLE.a(tmos.o)
                0x0000000000005238                tmos_get_task_timer
 .text.TMOS_TimerRegister
                0x0000000000005296       0x1a f:/下载工具包/CH583EVT/EVT/EXAM/BLE/LIB\libCH58xBLE.a(tmos.o)
                0x0000000000005296                TMOS_TimerRegister
 .text.TMOS_ProcessRegister
                0x00000000000052b0       0x16 f:/下载工具包/CH583EVT/EVT/EXAM/BLE/LIB\libCH58xBLE.a(tmos.o)
                0x00000000000052b0                TMOS_ProcessRegister
 .text.TMOS_Init
                0x00000000000052c6      0x10e f:/下载工具包/CH583EVT/EVT/EXAM/BLE/LIB\libCH58xBLE.a(tmos.o)
                0x00000000000052c6                TMOS_Init
 .text.TMOS_ProcessEventRegister
                0x00000000000053d4       0x38 f:/下载工具包/CH583EVT/EVT/EXAM/BLE/LIB\libCH58xBLE.a(tmos.o)
                0x00000000000053d4                TMOS_ProcessEventRegister
 .text.BLE_LibInit
                0x000000000000540c      0x178 f:/下载工具包/CH583EVT/EVT/EXAM/BLE/LIB\libCH58xBLE.a(tmos.o)
                0x000000000000540c                BLE_LibInit
 .text.clockGetTickValve
                0x0000000000005584       0x7e f:/下载工具包/CH583EVT/EVT/EXAM/BLE/LIB\libCH58xBLE.a(tmos_hw.o)
 .text.ll_get_sca_divisor
                0x0000000000005602       0x40 f:/下载工具包/CH583EVT/EVT/EXAM/BLE/LIB\libCH58xBLE.a(tmos_hw.o)
                0x0000000000005602                ll_get_sca_divisor
 .text.ll_get_sca_own
                0x0000000000005642       0x46 f:/下载工具包/CH583EVT/EVT/EXAM/BLE/LIB\libCH58xBLE.a(tmos_hw.o)
                0x0000000000005642                ll_get_sca_own
 .text.ble_ll_common_rand8
                0x0000000000005688       0x24 f:/下载工具包/CH583EVT/EVT/EXAM/BLE/LIB\libCH58xBLE.a(tmos_hw.o)
                0x0000000000005688                ble_ll_common_rand8
 .text.ble_ll_common_rand16
                0x00000000000056ac       0x24 f:/下载工具包/CH583EVT/EVT/EXAM/BLE/LIB\libCH58xBLE.a(tmos_hw.o)
                0x00000000000056ac                ble_ll_common_rand16
 .text.ble_ll_common_rand32
                0x00000000000056d0       0x20 f:/下载工具包/CH583EVT/EVT/EXAM/BLE/LIB\libCH58xBLE.a(tmos_hw.o)
                0x00000000000056d0                ble_ll_common_rand32
 .text.TMOS_TempSample
                0x00000000000056f0       0x62 f:/下载工具包/CH583EVT/EVT/EXAM/BLE/LIB\libCH58xBLE.a(tmos_hw.o)
                0x00000000000056f0                TMOS_TempSample
 .text.TMOS_TimerInit
                0x0000000000005752      0x14e f:/下载工具包/CH583EVT/EVT/EXAM/BLE/LIB\libCH58xBLE.a(tmos_hw.o)
                0x0000000000005752                TMOS_TimerInit
 .text.tmos_snv_init
                0x00000000000058a0       0xc0 f:/下载工具包/CH583EVT/EVT/EXAM/BLE/LIB\libCH58xBLE.a(tmos_snv.o)
                0x00000000000058a0                tmos_snv_init
 .text.tmos_snv_read
                0x0000000000005960      0x292 f:/下载工具包/CH583EVT/EVT/EXAM/BLE/LIB\libCH58xBLE.a(tmos_snv.o)
                0x0000000000005960                tmos_snv_read
 .text.tmos_snv_notify
                0x0000000000005bf2       0x5a f:/下载工具包/CH583EVT/EVT/EXAM/BLE/LIB\libCH58xBLE.a(tmos_snv.o)
                0x0000000000005bf2                tmos_snv_notify
 .text.tmos_snv_write
                0x0000000000005c4c      0x2ce f:/下载工具包/CH583EVT/EVT/EXAM/BLE/LIB\libCH58xBLE.a(tmos_snv.o)
                0x0000000000005c4c                tmos_snv_write
 .text.tmos_snv_compact
                0x0000000000005f1a        0x4 f:/下载工具包/CH583EVT/EVT/EXAM/BLE/LIB\libCH58xBLE.a(tmos_snv.o)
                0x0000000000005f1a                tmos_snv_compact
 .text.disconnectNext
                0x0000000000005f1e       0x22 f:/下载工具包/CH583EVT/EVT/EXAM/BLE/LIB\libCH58xBLE.a(gap.o)
 .text.GAP_ParamInit
                0x0000000000005f40       0xec f:/下载工具包/CH583EVT/EVT/EXAM/BLE/LIB\libCH58xBLE.a(gap.o)
                0x0000000000005f40                GAP_ParamInit
 .text.sendTerminateEvent
                0x000000000000602c       0x58 f:/下载工具包/CH583EVT/EVT/EXAM/BLE/LIB\libCH58xBLE.a(gap.o)
                0x000000000000602c                sendTerminateEvent
 .text.gapRegisterCentral
                0x0000000000006084        0x6 f:/下载工具包/CH583EVT/EVT/EXAM/BLE/LIB\libCH58xBLE.a(gap.o)
                0x0000000000006084                gapRegisterCentral
 .text.gapRegisterCentralConn
                0x000000000000608a        0x6 f:/下载工具包/CH583EVT/EVT/EXAM/BLE/LIB\libCH58xBLE.a(gap.o)
                0x000000000000608a                gapRegisterCentralConn
 .text.gapRegisterPeripheral
                0x0000000000006090        0x6 f:/下载工具包/CH583EVT/EVT/EXAM/BLE/LIB\libCH58xBLE.a(gap.o)
                0x0000000000006090                gapRegisterPeripheral
 .text.gapRegisterPeripheralConn
                0x0000000000006096        0x6 f:/下载工具包/CH583EVT/EVT/EXAM/BLE/LIB\libCH58xBLE.a(gap.o)
                0x0000000000006096                gapRegisterPeripheralConn
 .text.smGenerateRandBuf
                0x000000000000609c       0x56 f:/下载工具包/CH583EVT/EVT/EXAM/BLE/LIB\libCH58xBLE.a(gap.o)
                0x000000000000609c                smGenerateRandBuf
 .text.gapL2capConnParamUpdateReq
                0x00000000000060f2       0x36 f:/下载工具包/CH583EVT/EVT/EXAM/BLE/LIB\libCH58xBLE.a(gap.o)
                0x00000000000060f2                gapL2capConnParamUpdateReq
 .text.gapValidADType
                0x0000000000006128       0x16 f:/下载工具包/CH583EVT/EVT/EXAM/BLE/LIB\libCH58xBLE.a(gap.o)
                0x0000000000006128                gapValidADType
 .text.gapFindADType
                0x000000000000613e       0x92 f:/下载工具包/CH583EVT/EVT/EXAM/BLE/LIB\libCH58xBLE.a(gap.o)
                0x000000000000613e                gapFindADType
 .text.GAP_SecParamsInit
                0x00000000000061d0       0xaa f:/下载工具包/CH583EVT/EVT/EXAM/BLE/LIB\libCH58xBLE.a(gap.o)
                0x00000000000061d0                GAP_SecParamsInit
 .text.GAP_ParamsInit
                0x000000000000627a       0x50 f:/下载工具包/CH583EVT/EVT/EXAM/BLE/LIB\libCH58xBLE.a(gap.o)
                0x000000000000627a                GAP_ParamsInit
 .text.gapAddAddrAdj
                0x00000000000062ca       0x48 f:/下载工具包/CH583EVT/EVT/EXAM/BLE/LIB\libCH58xBLE.a(gap.o)
                0x00000000000062ca                gapAddAddrAdj
 .text.gapDetermineAddrType
                0x0000000000006312       0x28 f:/下载工具包/CH583EVT/EVT/EXAM/BLE/LIB\libCH58xBLE.a(gap.o)
                0x0000000000006312                gapDetermineAddrType
 .text.gapFreeAuthLink
                0x000000000000633a       0x4a f:/下载工具包/CH583EVT/EVT/EXAM/BLE/LIB\libCH58xBLE.a(gap.o)
                0x000000000000633a                gapFreeAuthLink
 .text.gapGetDevAddress
                0x0000000000006384       0x24 f:/下载工具包/CH583EVT/EVT/EXAM/BLE/LIB\libCH58xBLE.a(gap.o)
                0x0000000000006384                gapGetDevAddress
 .text.gapGetDevAddressMode
                0x00000000000063a8        0xa f:/下载工具包/CH583EVT/EVT/EXAM/BLE/LIB\libCH58xBLE.a(gap.o)
                0x00000000000063a8                gapGetDevAddressMode
 .text.gapGetIRK
                0x00000000000063b2        0xc f:/下载工具包/CH583EVT/EVT/EXAM/BLE/LIB\libCH58xBLE.a(gap.o)
                0x00000000000063b2                gapGetIRK
 .text.gapGetSRK
                0x00000000000063be        0xc f:/下载工具包/CH583EVT/EVT/EXAM/BLE/LIB\libCH58xBLE.a(gap.o)
                0x00000000000063be                gapGetSRK
 .text.gapGetSignCounter
                0x00000000000063ca        0xe f:/下载工具包/CH583EVT/EVT/EXAM/BLE/LIB\libCH58xBLE.a(gap.o)
                0x00000000000063ca                gapGetSignCounter
 .text.gapIncSignCounter
                0x00000000000063d8       0x28 f:/下载工具包/CH583EVT/EVT/EXAM/BLE/LIB\libCH58xBLE.a(gap.o)
                0x00000000000063d8                gapIncSignCounter
 .text.gapProcessConnEvt
                0x0000000000006400       0x48 f:/下载工具包/CH583EVT/EVT/EXAM/BLE/LIB\libCH58xBLE.a(gap.o)
                0x0000000000006400                gapProcessConnEvt
 .text.gapProcessDisconnectCompleteEvt
                0x0000000000006448       0xa8 f:/下载工具包/CH583EVT/EVT/EXAM/BLE/LIB\libCH58xBLE.a(gap.o)
                0x0000000000006448                gapProcessDisconnectCompleteEvt
 .text.sendAuthEvent
                0x00000000000064f0      0x11e f:/下载工具包/CH583EVT/EVT/EXAM/BLE/LIB\libCH58xBLE.a(gap.o)
                0x00000000000064f0                sendAuthEvent
 .text.gapSendBondCompleteEvent
                0x000000000000660e       0x74 f:/下载工具包/CH583EVT/EVT/EXAM/BLE/LIB\libCH58xBLE.a(gap.o)
                0x000000000000660e                gapSendBondCompleteEvent
 .text.gapSendPairingReqEvent
                0x0000000000006682       0x96 f:/下载工具包/CH583EVT/EVT/EXAM/BLE/LIB\libCH58xBLE.a(gap.o)
                0x0000000000006682                gapSendPairingReqEvent
 .text.gapSendSlaveSecurityReqEvent
                0x0000000000006718       0x68 f:/下载工具包/CH583EVT/EVT/EXAM/BLE/LIB\libCH58xBLE.a(gap.o)
                0x0000000000006718                gapSendSlaveSecurityReqEvent
 .text.gapSendDeviceInitDoneEvent
                0x0000000000006780       0x88 f:/下载工具包/CH583EVT/EVT/EXAM/BLE/LIB\libCH58xBLE.a(gap.o)
                0x0000000000006780                gapSendDeviceInitDoneEvent
 .text.gapSendLinkUpdateEvent
                0x0000000000006808       0xb2 f:/下载工具包/CH583EVT/EVT/EXAM/BLE/LIB\libCH58xBLE.a(gap.o)
                0x0000000000006808                gapSendLinkUpdateEvent
 .text.gapSendPhyUpdateEvent
                0x00000000000068ba       0x58 f:/下载工具包/CH583EVT/EVT/EXAM/BLE/LIB\libCH58xBLE.a(gap.o)
                0x00000000000068ba                gapSendPhyUpdateEvent
 .text.gapSendEstLinkEvent
                0x0000000000006912       0xbc f:/下载工具包/CH583EVT/EVT/EXAM/BLE/LIB\libCH58xBLE.a(gap.o)
                0x0000000000006912                gapSendEstLinkEvent
 .text.gapProcessNewAddr
                0x00000000000069ce       0x3e f:/下载工具包/CH583EVT/EVT/EXAM/BLE/LIB\libCH58xBLE.a(gap.o)
                0x00000000000069ce                gapProcessNewAddr
 .text.gapProcessRandomAddrComplete
                0x0000000000006a0c       0xb6 f:/下载工具包/CH583EVT/EVT/EXAM/BLE/LIB\libCH58xBLE.a(gap.o)
                0x0000000000006a0c                gapProcessRandomAddrComplete
 .text.GAP_Authenticate
                0x0000000000006ac2       0xde f:/下载工具包/CH583EVT/EVT/EXAM/BLE/LIB\libCH58xBLE.a(gap.o)
                0x0000000000006ac2                GAP_Authenticate
 .text.GAP_Bond
                0x0000000000006ba0       0xaa f:/下载工具包/CH583EVT/EVT/EXAM/BLE/LIB\libCH58xBLE.a(gap.o)
                0x0000000000006ba0                GAP_Bond
 .text.GAP_GetParamValue
                0x0000000000006c4a       0x20 f:/下载工具包/CH583EVT/EVT/EXAM/BLE/LIB\libCH58xBLE.a(gap.o)
                0x0000000000006c4a                GAP_GetParamValue
 .text.GAP_PasscodeUpdate
                0x0000000000006c6a       0x54 f:/下载工具包/CH583EVT/EVT/EXAM/BLE/LIB\libCH58xBLE.a(gap.o)
                0x0000000000006c6a                GAP_PasscodeUpdate
 .text.GAP_RegisterForMsgs
                0x0000000000006cbe        0xa f:/下载工具包/CH583EVT/EVT/EXAM/BLE/LIB\libCH58xBLE.a(gap.o)
                0x0000000000006cbe                GAP_RegisterForMsgs
 .text.GAP_ResolvePrivateAddr
                0x0000000000006cc8        0x4 f:/下载工具包/CH583EVT/EVT/EXAM/BLE/LIB\libCH58xBLE.a(gap.o)
                0x0000000000006cc8                GAP_ResolvePrivateAddr
 .text.gapPairingCompleteCB
                0x0000000000006ccc      0x18c f:/下载工具包/CH583EVT/EVT/EXAM/BLE/LIB\libCH58xBLE.a(gap.o)
                0x0000000000006ccc                gapPairingCompleteCB
 .text.gapPasskeyNeededCB
                0x0000000000006e58       0x8e f:/下载工具包/CH583EVT/EVT/EXAM/BLE/LIB\libCH58xBLE.a(gap.o)
                0x0000000000006e58                gapPasskeyNeededCB
 .text.gapOobNeededCB
                0x0000000000006ee6       0xa6 f:/下载工具包/CH583EVT/EVT/EXAM/BLE/LIB\libCH58xBLE.a(gap.o)
                0x0000000000006ee6                gapOobNeededCB
 .text.gapFreeEstLink
                0x0000000000006f8c       0x20 f:/下载工具包/CH583EVT/EVT/EXAM/BLE/LIB\libCH58xBLE.a(gap.o)
                0x0000000000006f8c                gapFreeEstLink
 .text.gapUpdateConnSignCounter
                0x0000000000006fac       0x7a f:/下载工具包/CH583EVT/EVT/EXAM/BLE/LIB\libCH58xBLE.a(gap.o)
                0x0000000000006fac                gapUpdateConnSignCounter
 .text.GAP_SendSlaveSecurityRequest
                0x0000000000007026       0x4a f:/下载工具包/CH583EVT/EVT/EXAM/BLE/LIB\libCH58xBLE.a(gap.o)
                0x0000000000007026                GAP_SendSlaveSecurityRequest
 .text.GAP_Signable
                0x0000000000007070       0x6a f:/下载工具包/CH583EVT/EVT/EXAM/BLE/LIB\libCH58xBLE.a(gap.o)
                0x0000000000007070                GAP_Signable
 .text.GAP_TerminateAuth
                0x00000000000070da       0x2a f:/下载工具包/CH583EVT/EVT/EXAM/BLE/LIB\libCH58xBLE.a(gap.o)
                0x00000000000070da                GAP_TerminateAuth
 .text.GAP_NumActiveConnections
                0x0000000000007104        0x4 f:/下载工具包/CH583EVT/EVT/EXAM/BLE/LIB\libCH58xBLE.a(gap.o)
                0x0000000000007104                GAP_NumActiveConnections
 .text.GAP_TerminateLinkReq
                0x0000000000007108       0x8e f:/下载工具包/CH583EVT/EVT/EXAM/BLE/LIB\libCH58xBLE.a(gap.o)
                0x0000000000007108                GAP_TerminateLinkReq
 .text.GAP_SetParamValue
                0x0000000000007196       0x6c f:/下载工具包/CH583EVT/EVT/EXAM/BLE/LIB\libCH58xBLE.a(gap.o)
                0x0000000000007196                GAP_SetParamValue
 .text.GAP_Init
                0x0000000000007202       0x48 f:/下载工具包/CH583EVT/EVT/EXAM/BLE/LIB\libCH58xBLE.a(gap.o)
                0x0000000000007202                GAP_Init
 .text.GAP_ProcessEvent
                0x000000000000724a      0x66a f:/下载工具包/CH583EVT/EVT/EXAM/BLE/LIB\libCH58xBLE.a(gap.o)
                0x000000000000724a                GAP_ProcessEvent
 .text.gapSendScanEnable
                0x00000000000078b4       0x3a f:/下载工具包/CH583EVT/EVT/EXAM/BLE/LIB\libCH58xBLE.a(gap_central.o)
 .text.gapCentProcessConnEvt
                0x00000000000078ee      0x168 f:/下载工具包/CH583EVT/EVT/EXAM/BLE/LIB\libCH58xBLE.a(gap_central.o)
                0x00000000000078ee                gapCentProcessConnEvt
 .text.gapProcessScanningPeriodicAdvEvt
                0x0000000000007a56       0xa0 f:/下载工具包/CH583EVT/EVT/EXAM/BLE/LIB\libCH58xBLE.a(gap_central.o)
                0x0000000000007a56                gapProcessScanningPeriodicAdvEvt
 .text.gapCancelLinkReq
                0x0000000000007af6       0x38 f:/下载工具包/CH583EVT/EVT/EXAM/BLE/LIB\libCH58xBLE.a(gap_central.o)
                0x0000000000007af6                gapCancelLinkReq
 .text.gapProcessAdvertDevInfo
                0x0000000000007b2e      0x242 f:/下载工具包/CH583EVT/EVT/EXAM/BLE/LIB\libCH58xBLE.a(gap_central.o)
                0x0000000000007b2e                gapProcessAdvertDevInfo
 .text.gapProcessExtAdvertDevInfo
                0x0000000000007d70      0x260 f:/下载工具包/CH583EVT/EVT/EXAM/BLE/LIB\libCH58xBLE.a(gap_central.o)
                0x0000000000007d70                gapProcessExtAdvertDevInfo
 .text.gapProcessPeriodicAdvertisingSyncEstablishedEvt
                0x0000000000007fd0       0xae f:/下载工具包/CH583EVT/EVT/EXAM/BLE/LIB\libCH58xBLE.a(gap_central.o)
                0x0000000000007fd0                gapProcessPeriodicAdvertisingSyncEstablishedEvt
 .text.gapProcessPeriodicAdvertisingSyncLostEvt
                0x000000000000807e       0x56 f:/下载工具包/CH583EVT/EVT/EXAM/BLE/LIB\libCH58xBLE.a(gap_central.o)
                0x000000000000807e                gapProcessPeriodicAdvertisingSyncLostEvt
 .text.gapFreeScanRecs
                0x00000000000080d4       0xa6 f:/下载工具包/CH583EVT/EVT/EXAM/BLE/LIB\libCH58xBLE.a(gap_central.o)
                0x00000000000080d4                gapFreeScanRecs
 .text.gapSendDevDiscEvent
                0x000000000000817a      0x124 f:/下载工具包/CH583EVT/EVT/EXAM/BLE/LIB\libCH58xBLE.a(gap_central.o)
                0x000000000000817a                gapSendDevDiscEvent
 .text.gapSetScanParamStatus
                0x000000000000829e       0x56 f:/下载工具包/CH583EVT/EVT/EXAM/BLE/LIB\libCH58xBLE.a(gap_central.o)
 .text.gapCentProcessHCICmdEvt
                0x00000000000082f4       0x3c f:/下载工具包/CH583EVT/EVT/EXAM/BLE/LIB\libCH58xBLE.a(gap_central.o)
                0x00000000000082f4                gapCentProcessHCICmdEvt
 .text.gapProcessScanningEvt
                0x0000000000008330      0x110 f:/下载工具包/CH583EVT/EVT/EXAM/BLE/LIB\libCH58xBLE.a(gap_central.o)
                0x0000000000008330                gapProcessScanningEvt
 .text.gapProcessScanningDirectEvt
                0x0000000000008440       0xfe f:/下载工具包/CH583EVT/EVT/EXAM/BLE/LIB\libCH58xBLE.a(gap_central.o)
                0x0000000000008440                gapProcessScanningDirectEvt
 .text.gapProcessScanningExtAdvEvt
                0x000000000000853e      0x2c4 f:/下载工具包/CH583EVT/EVT/EXAM/BLE/LIB\libCH58xBLE.a(gap_central.o)
                0x000000000000853e                gapProcessScanningExtAdvEvt
 .text.GAP_CentConnRegister
                0x0000000000008802       0x16 f:/下载工具包/CH583EVT/EVT/EXAM/BLE/LIB\libCH58xBLE.a(gap_central.o)
                0x0000000000008802                GAP_CentConnRegister
 .text.GAP_CentralParamInit
                0x0000000000008818       0x6a f:/下载工具包/CH583EVT/EVT/EXAM/BLE/LIB\libCH58xBLE.a(gap_central.o)
                0x0000000000008818                GAP_CentralParamInit
 .text.GAP_CentDevMgrInit
                0x0000000000008882       0x9c f:/下载工具包/CH583EVT/EVT/EXAM/BLE/LIB\libCH58xBLE.a(gap_central.o)
                0x0000000000008882                GAP_CentDevMgrInit
 .text.gapFreeAdvertState
                0x000000000000891e       0x20 f:/下载工具包/CH583EVT/EVT/EXAM/BLE/LIB\libCH58xBLE.a(gap_peripheral.o)
 .text.gapSetPeriodicAdvParams
                0x000000000000893e       0x30 f:/下载工具包/CH583EVT/EVT/EXAM/BLE/LIB\libCH58xBLE.a(gap_peripheral.o)
 .text.gapSetConnectionlessCTEParams
                0x000000000000896e       0x54 f:/下载工具包/CH583EVT/EVT/EXAM/BLE/LIB\libCH58xBLE.a(gap_peripheral.o)
 .text.gapSetAdvParams
                0x00000000000089c2      0x126 f:/下载工具包/CH583EVT/EVT/EXAM/BLE/LIB\libCH58xBLE.a(gap_peripheral.o)
 .text.gapPeriProcessConnEvt
                0x0000000000008ae8       0xd0 f:/下载工具包/CH583EVT/EVT/EXAM/BLE/LIB\libCH58xBLE.a(gap_peripheral.o)
 .text.gapWriteAdvDataStatus
                0x0000000000008bb8       0x8a f:/下载工具包/CH583EVT/EVT/EXAM/BLE/LIB\libCH58xBLE.a(gap_peripheral.o)
 .text.GAP_MakeDiscoverable
                0x0000000000008c42      0x174 f:/下载工具包/CH583EVT/EVT/EXAM/BLE/LIB\libCH58xBLE.a(gap_peripheral.o)
                0x0000000000008c42                GAP_MakeDiscoverable
 .text.GAP_EndDiscoverable
                0x0000000000008db6       0x66 f:/下载工具包/CH583EVT/EVT/EXAM/BLE/LIB\libCH58xBLE.a(gap_peripheral.o)
                0x0000000000008db6                GAP_EndDiscoverable
 .text.gapProcessAdvertisingEvt
                0x0000000000008e1c      0x116 f:/下载工具包/CH583EVT/EVT/EXAM/BLE/LIB\libCH58xBLE.a(gap_peripheral.o)
 .text.GAP_MakePeriodic
                0x0000000000008f32       0x26 f:/下载工具包/CH583EVT/EVT/EXAM/BLE/LIB\libCH58xBLE.a(gap_peripheral.o)
                0x0000000000008f32                GAP_MakePeriodic
 .text.GAP_EndPeriodic
                0x0000000000008f58        0xc f:/下载工具包/CH583EVT/EVT/EXAM/BLE/LIB\libCH58xBLE.a(gap_peripheral.o)
                0x0000000000008f58                GAP_EndPeriodic
 .text.GAP_MakeConnecttionlessCTE
                0x0000000000008f64       0x1a f:/下载工具包/CH583EVT/EVT/EXAM/BLE/LIB\libCH58xBLE.a(gap_peripheral.o)
                0x0000000000008f64                GAP_MakeConnecttionlessCTE
 .text.GAP_EndConnecttionlessCTE
                0x0000000000008f7e        0xc f:/下载工具包/CH583EVT/EVT/EXAM/BLE/LIB\libCH58xBLE.a(gap_peripheral.o)
                0x0000000000008f7e                GAP_EndConnecttionlessCTE
 .text.GAP_SetAdvertisingAdvData
                0x0000000000008f8a      0x102 f:/下载工具包/CH583EVT/EVT/EXAM/BLE/LIB\libCH58xBLE.a(gap_peripheral.o)
                0x0000000000008f8a                GAP_SetAdvertisingAdvData
 .text.GAP_SetAdvertisingRspData
                0x000000000000908c      0x102 f:/下载工具包/CH583EVT/EVT/EXAM/BLE/LIB\libCH58xBLE.a(gap_peripheral.o)
                0x000000000000908c                GAP_SetAdvertisingRspData
 .text.GAP_SetPeriodicAdvertisingData
                0x000000000000918e       0xc6 f:/下载工具包/CH583EVT/EVT/EXAM/BLE/LIB\libCH58xBLE.a(gap_peripheral.o)
                0x000000000000918e                GAP_SetPeriodicAdvertisingData
 .text.GAP_GetAdvertisingAdvData
                0x0000000000009254       0x26 f:/下载工具包/CH583EVT/EVT/EXAM/BLE/LIB\libCH58xBLE.a(gap_peripheral.o)
                0x0000000000009254                GAP_GetAdvertisingAdvData
 .text.GAP_GetAdvertisingRspData
                0x000000000000927a       0x34 f:/下载工具包/CH583EVT/EVT/EXAM/BLE/LIB\libCH58xBLE.a(gap_peripheral.o)
                0x000000000000927a                GAP_GetAdvertisingRspData
 .text.GAP_GetPeriodicAdvertisingData
                0x00000000000092ae       0x34 f:/下载工具包/CH583EVT/EVT/EXAM/BLE/LIB\libCH58xBLE.a(gap_peripheral.o)
                0x00000000000092ae                GAP_GetPeriodicAdvertisingData
 .text.GAP_PeriConnRegister
                0x00000000000092e2       0x2e f:/下载工具包/CH583EVT/EVT/EXAM/BLE/LIB\libCH58xBLE.a(gap_peripheral.o)
                0x00000000000092e2                GAP_PeriConnRegister
 .text.GAP_PeripheralParamInit
                0x0000000000009310       0x6c f:/下载工具包/CH583EVT/EVT/EXAM/BLE/LIB\libCH58xBLE.a(gap_peripheral.o)
                0x0000000000009310                GAP_PeripheralParamInit
 .text.gapSendMakeDiscEvent
                0x000000000000937c       0x50 f:/下载工具包/CH583EVT/EVT/EXAM/BLE/LIB\libCH58xBLE.a(gap_peripheral.o)
                0x000000000000937c                gapSendMakeDiscEvent
 .text.gapWriteAdvEnableStatus
                0x00000000000093cc      0x110 f:/下载工具包/CH583EVT/EVT/EXAM/BLE/LIB\libCH58xBLE.a(gap_peripheral.o)
 .text.gapSendMakePeriodicEvent
                0x00000000000094dc       0x3a f:/下载工具包/CH583EVT/EVT/EXAM/BLE/LIB\libCH58xBLE.a(gap_peripheral.o)
                0x00000000000094dc                gapSendMakePeriodicEvent
 .text.gapSendMakeConnectionlessCTEEvent
                0x0000000000009516       0x3a f:/下载工具包/CH583EVT/EVT/EXAM/BLE/LIB\libCH58xBLE.a(gap_peripheral.o)
                0x0000000000009516                gapSendMakeConnectionlessCTEEvent
 .text.gapPeriProcessHCICmdCompleteEvt
                0x0000000000009550      0x22e f:/下载工具包/CH583EVT/EVT/EXAM/BLE/LIB\libCH58xBLE.a(gap_peripheral.o)
 .text.GAP_PeriDevMgrInit
                0x000000000000977e       0x2e f:/下载工具包/CH583EVT/EVT/EXAM/BLE/LIB\libCH58xBLE.a(gap_peripheral.o)
                0x000000000000977e                GAP_PeriDevMgrInit
 .text.ggs_SetAttrWPermit
                0x00000000000097ac       0x68 f:/下载工具包/CH583EVT/EVT/EXAM/BLE/LIB\libCH58xBLE.a(gapgattserver.o)
 .text.ggs_ReadAttrCB
                0x0000000000009814      0x156 f:/下载工具包/CH583EVT/EVT/EXAM/BLE/LIB\libCH58xBLE.a(gapgattserver.o)
 .text.ggs_WriteAttrCB
                0x000000000000996a      0x162 f:/下载工具包/CH583EVT/EVT/EXAM/BLE/LIB\libCH58xBLE.a(gapgattserver.o)
 .text.GGS_ParamInit
                0x0000000000009acc      0x15c f:/下载工具包/CH583EVT/EVT/EXAM/BLE/LIB\libCH58xBLE.a(gapgattserver.o)
                0x0000000000009acc                GGS_ParamInit
 .text.GGS_SetParameter
                0x0000000000009c28      0x116 f:/下载工具包/CH583EVT/EVT/EXAM/BLE/LIB\libCH58xBLE.a(gapgattserver.o)
                0x0000000000009c28                GGS_SetParameter
 .text.GGS_AddService
                0x0000000000009d3e       0x2c f:/下载工具包/CH583EVT/EVT/EXAM/BLE/LIB\libCH58xBLE.a(gapgattserver.o)
                0x0000000000009d3e                GGS_AddService
 .text.GAP_DeviceInit
                0x0000000000009d6a       0xd8 f:/下载工具包/CH583EVT/EVT/EXAM/BLE/LIB\libCH58xBLE.a(gapgattserver.o)
                0x0000000000009d6a                GAP_DeviceInit
 .text.gattGetPayload
                0x0000000000009e42       0x7e f:/下载工具包/CH583EVT/EVT/EXAM/BLE/LIB\libCH58xBLE.a(gatt.o)
                0x0000000000009e42                gattGetPayload
 .text.gattNotifyEvent
                0x0000000000009ec0       0x84 f:/下载工具包/CH583EVT/EVT/EXAM/BLE/LIB\libCH58xBLE.a(gatt.o)
                0x0000000000009ec0                gattNotifyEvent
 .text.gattSendFlowCtrlEvt
                0x0000000000009f44       0x52 f:/下载工具包/CH583EVT/EVT/EXAM/BLE/LIB\libCH58xBLE.a(gatt.o)
                0x0000000000009f44                gattSendFlowCtrlEvt
 .text.gattStartTimer
                0x0000000000009f96        0xc f:/下载工具包/CH583EVT/EVT/EXAM/BLE/LIB\libCH58xBLE.a(gatt.o)
                0x0000000000009f96                gattStartTimer
 .text.gattStopTimer
                0x0000000000009fa2       0x32 f:/下载工具包/CH583EVT/EVT/EXAM/BLE/LIB\libCH58xBLE.a(gatt.o)
                0x0000000000009fa2                gattStopTimer
 .text.GATT_AppCompletedMsg
                0x0000000000009fd4       0x30 f:/下载工具包/CH583EVT/EVT/EXAM/BLE/LIB\libCH58xBLE.a(gatt.o)
                0x0000000000009fd4                GATT_AppCompletedMsg
 .text.GATT_NotifyEvent
                0x000000000000a004       0x56 f:/下载工具包/CH583EVT/EVT/EXAM/BLE/LIB\libCH58xBLE.a(gatt.o)
                0x000000000000a004                GATT_NotifyEvent
 .text.gattRegisterServer
                0x000000000000a05a        0x6 f:/下载工具包/CH583EVT/EVT/EXAM/BLE/LIB\libCH58xBLE.a(gatt.o)
                0x000000000000a05a                gattRegisterServer
 .text.GATT_UpdateMTU
                0x000000000000a060       0x5a f:/下载工具包/CH583EVT/EVT/EXAM/BLE/LIB\libCH58xBLE.a(gatt.o)
                0x000000000000a060                GATT_UpdateMTU
 .text.GATT_bm_alloc
                0x000000000000a0ba       0xe8 f:/下载工具包/CH583EVT/EVT/EXAM/BLE/LIB\libCH58xBLE.a(gatt.o)
                0x000000000000a0ba                GATT_bm_alloc
 .text.GATT_ServiceChangedInd
                0x000000000000a1a2       0x94 f:/下载工具包/CH583EVT/EVT/EXAM/BLE/LIB\libCH58xBLE.a(gatt.o)
                0x000000000000a1a2                GATT_ServiceChangedInd
 .text.GATT_bm_free
                0x000000000000a236       0x1c f:/下载工具包/CH583EVT/EVT/EXAM/BLE/LIB\libCH58xBLE.a(gatt.o)
                0x000000000000a236                GATT_bm_free
 .text.GATT_Init
                0x000000000000a252       0x2a f:/下载工具包/CH583EVT/EVT/EXAM/BLE/LIB\libCH58xBLE.a(gatt.o)
                0x000000000000a252                GATT_Init
 .text.GATT_ProcessEvent
                0x000000000000a27c      0x13a f:/下载工具包/CH583EVT/EVT/EXAM/BLE/LIB\libCH58xBLE.a(gatt.o)
                0x000000000000a27c                GATT_ProcessEvent
 .text.gattProcessExchangeMTUReq
                0x000000000000a3b6        0x4 f:/下载工具包/CH583EVT/EVT/EXAM/BLE/LIB\libCH58xBLE.a(gattservapp.o)
 .text.gattServApp_FindCharCfgItem
                0x000000000000a3ba       0x24 f:/下载工具包/CH583EVT/EVT/EXAM/BLE/LIB\libCH58xBLE.a(gattservapp.o)
 .text.gattServerHandleTimerCB
                0x000000000000a3de       0x3c f:/下载工具包/CH583EVT/EVT/EXAM/BLE/LIB\libCH58xBLE.a(gattservapp.o)
 .text.GATTServApp_InitCharCfg.part.12
                0x000000000000a41a       0x20 f:/下载工具包/CH583EVT/EVT/EXAM/BLE/LIB\libCH58xBLE.a(gattservapp.o)
 .text.gattProcessExecuteWriteReq
                0x000000000000a43a        0x4 f:/下载工具包/CH583EVT/EVT/EXAM/BLE/LIB\libCH58xBLE.a(gattservapp.o)
 .text.GATTServApp_ParamInit
                0x000000000000a43e       0xd6 f:/下载工具包/CH583EVT/EVT/EXAM/BLE/LIB\libCH58xBLE.a(gattservapp.o)
                0x000000000000a43e                GATTServApp_ParamInit
 .text.GATTServApp_ReadCharCfg
                0x000000000000a514       0x18 f:/下载工具包/CH583EVT/EVT/EXAM/BLE/LIB\libCH58xBLE.a(gattservapp.o)
                0x000000000000a514                GATTServApp_ReadCharCfg
 .text.GATTServApp_WriteCharCfg
                0x000000000000a52c       0x3c f:/下载工具包/CH583EVT/EVT/EXAM/BLE/LIB\libCH58xBLE.a(gattservapp.o)
                0x000000000000a52c                GATTServApp_WriteCharCfg
 .text.GATTServApp_ProcessCCCWriteReq
                0x000000000000a568       0x60 f:/下载工具包/CH583EVT/EVT/EXAM/BLE/LIB\libCH58xBLE.a(gattservapp.o)
                0x000000000000a568                GATTServApp_ProcessCCCWriteReq
 .text.gattServApp_WriteAttrCB
                0x000000000000a5c8       0x34 f:/下载工具包/CH583EVT/EVT/EXAM/BLE/LIB\libCH58xBLE.a(gattservapp.o)
                0x000000000000a5c8                gattServApp_WriteAttrCB
 .text.GATTServApp_SendCCCUpdatedEvent
                0x000000000000a5fc       0x5e f:/下载工具包/CH583EVT/EVT/EXAM/BLE/LIB\libCH58xBLE.a(gattservapp.o)
                0x000000000000a5fc                GATTServApp_SendCCCUpdatedEvent
 .text.GATTServApp_SendServiceChangedInd
                0x000000000000a65a       0x36 f:/下载工具包/CH583EVT/EVT/EXAM/BLE/LIB\libCH58xBLE.a(gattservapp.o)
                0x000000000000a65a                GATTServApp_SendServiceChangedInd
 .text.gattServApp_ClearPrepareWriteQ
                0x000000000000a690       0x50 f:/下载工具包/CH583EVT/EVT/EXAM/BLE/LIB\libCH58xBLE.a(gattservapp.o)
                0x000000000000a690                gattServApp_ClearPrepareWriteQ
 .text.gattServApp_FindPrepareWriteQ
                0x000000000000a6e0       0x30 f:/下载工具包/CH583EVT/EVT/EXAM/BLE/LIB\libCH58xBLE.a(gattservapp.o)
                0x000000000000a6e0                gattServApp_FindPrepareWriteQ
 .text.gattServApp_FindServiceCBs
                0x000000000000a710       0x18 f:/下载工具包/CH583EVT/EVT/EXAM/BLE/LIB\libCH58xBLE.a(gattservapp.o)
                0x000000000000a710                gattServApp_FindServiceCBs
 .text.gattServApp_FindAuthorizeAttrCB
                0x000000000000a728       0x16 f:/下载工具包/CH583EVT/EVT/EXAM/BLE/LIB\libCH58xBLE.a(gattservapp.o)
                0x000000000000a728                gattServApp_FindAuthorizeAttrCB
 .text.gattServApp_IsWriteLong
                0x000000000000a73e       0xea f:/下载工具包/CH583EVT/EVT/EXAM/BLE/LIB\libCH58xBLE.a(gattservapp.o)
                0x000000000000a73e                gattServApp_IsWriteLong
 .text.gattFindService
                0x000000000000a828       0x1c f:/下载工具包/CH583EVT/EVT/EXAM/BLE/LIB\libCH58xBLE.a(gattservapp.o)
                0x000000000000a828                gattFindService
 .text.GATT_ServiceNumAttrs
                0x000000000000a844       0x18 f:/下载工具包/CH583EVT/EVT/EXAM/BLE/LIB\libCH58xBLE.a(gattservapp.o)
                0x000000000000a844                GATT_ServiceNumAttrs
 .text.GATT_ServiceEncKeySize
                0x000000000000a85c       0x18 f:/下载工具包/CH583EVT/EVT/EXAM/BLE/LIB\libCH58xBLE.a(gattservapp.o)
                0x000000000000a85c                GATT_ServiceEncKeySize
 .text.GATT_VerifyWritePermissions.part.7
                0x000000000000a874       0x2e f:/下载工具包/CH583EVT/EVT/EXAM/BLE/LIB\libCH58xBLE.a(gattservapp.o)
 .text.gattResetServerInfo
                0x000000000000a8a2       0x1c f:/下载工具包/CH583EVT/EVT/EXAM/BLE/LIB\libCH58xBLE.a(gattservapp.o)
                0x000000000000a8a2                gattResetServerInfo
 .text.gattFindServerInfo
                0x000000000000a8be       0x2c f:/下载工具包/CH583EVT/EVT/EXAM/BLE/LIB\libCH58xBLE.a(gattservapp.o)
                0x000000000000a8be                gattFindServerInfo
 .text.gattServerHandleConnStatusCB
                0x000000000000a8ea       0x98 f:/下载工具包/CH583EVT/EVT/EXAM/BLE/LIB\libCH58xBLE.a(gattservapp.o)
                0x000000000000a8ea                gattServerHandleConnStatusCB
 .text.gattServerProcessMsgCB
                0x000000000000a982      0x1c0 f:/下载工具包/CH583EVT/EVT/EXAM/BLE/LIB\libCH58xBLE.a(gattservapp.o)
                0x000000000000a982                gattServerProcessMsgCB
 .text.gattServerNotifyTxCB
                0x000000000000ab42       0x28 f:/下载工具包/CH583EVT/EVT/EXAM/BLE/LIB\libCH58xBLE.a(gattservapp.o)
 .text.GATT_FindHandle
                0x000000000000ab6a       0x4a f:/下载工具包/CH583EVT/EVT/EXAM/BLE/LIB\libCH58xBLE.a(gattservapp.o)
                0x000000000000ab6a                GATT_FindHandle
 .text.GATTServApp_WriteAttr
                0x000000000000abb4       0xa8 f:/下载工具包/CH583EVT/EVT/EXAM/BLE/LIB\libCH58xBLE.a(gattservapp.o)
                0x000000000000abb4                GATTServApp_WriteAttr
 .text.gattServApp_ProcessExecuteWriteReq
                0x000000000000ac5c      0x100 f:/下载工具包/CH583EVT/EVT/EXAM/BLE/LIB\libCH58xBLE.a(gattservapp.o)
                0x000000000000ac5c                gattServApp_ProcessExecuteWriteReq
 .text.GATTServApp_UpdateCharCfg
                0x000000000000ad5c       0x1e f:/下载工具包/CH583EVT/EVT/EXAM/BLE/LIB\libCH58xBLE.a(gattservapp.o)
                0x000000000000ad5c                GATTServApp_UpdateCharCfg
 .text.gattServApp_ProcessPrepareWriteReq
                0x000000000000ad7a      0x10e f:/下载工具包/CH583EVT/EVT/EXAM/BLE/LIB\libCH58xBLE.a(gattservapp.o)
                0x000000000000ad7a                gattServApp_ProcessPrepareWriteReq
 .text.gattServApp_ProcessWriteReq
                0x000000000000ae88       0xb0 f:/下载工具包/CH583EVT/EVT/EXAM/BLE/LIB\libCH58xBLE.a(gattservapp.o)
                0x000000000000ae88                gattServApp_ProcessWriteReq
 .text.GATT_Indication
                0x000000000000af38       0xa4 f:/下载工具包/CH583EVT/EVT/EXAM/BLE/LIB\libCH58xBLE.a(gattservapp.o)
                0x000000000000af38                GATT_Indication
 .text.GATT_FindHandleUUID
                0x000000000000afdc       0x94 f:/下载工具包/CH583EVT/EVT/EXAM/BLE/LIB\libCH58xBLE.a(gattservapp.o)
                0x000000000000afdc                GATT_FindHandleUUID
 .text.gattProcessReadByGrpTypeReq
                0x000000000000b070       0x60 f:/下载工具包/CH583EVT/EVT/EXAM/BLE/LIB\libCH58xBLE.a(gattservapp.o)
 .text.gattProcessReadByTypeReq
                0x000000000000b0d0       0x34 f:/下载工具包/CH583EVT/EVT/EXAM/BLE/LIB\libCH58xBLE.a(gattservapp.o)
 .text.gattProcessFindByTypeValueReq
                0x000000000000b104       0x34 f:/下载工具包/CH583EVT/EVT/EXAM/BLE/LIB\libCH58xBLE.a(gattservapp.o)
 .text.gattProcessFindInfoReq
                0x000000000000b138      0x1aa f:/下载工具包/CH583EVT/EVT/EXAM/BLE/LIB\libCH58xBLE.a(gattservapp.o)
 .text.GATT_Notification
                0x000000000000b2e2       0x70 f:/下载工具包/CH583EVT/EVT/EXAM/BLE/LIB\libCH58xBLE.a(gattservapp.o)
                0x000000000000b2e2                GATT_Notification
 .text.GATT_VerifyWritePermissions
                0x000000000000b352       0x6a f:/下载工具包/CH583EVT/EVT/EXAM/BLE/LIB\libCH58xBLE.a(gattservapp.o)
                0x000000000000b352                GATT_VerifyWritePermissions
 .text.gattProcessWriteReq
                0x000000000000b3bc       0x36 f:/下载工具包/CH583EVT/EVT/EXAM/BLE/LIB\libCH58xBLE.a(gattservapp.o)
 .text.GATT_VerifyPrepareWritePermissions
                0x000000000000b3f2       0x56 f:/下载工具包/CH583EVT/EVT/EXAM/BLE/LIB\libCH58xBLE.a(gattservapp.o)
                0x000000000000b3f2                GATT_VerifyPrepareWritePermissions
 .text.gattProcessPrepareWriteReq
                0x000000000000b448       0x36 f:/下载工具包/CH583EVT/EVT/EXAM/BLE/LIB\libCH58xBLE.a(gattservapp.o)
 .text.GATT_FindNextAttr
                0x000000000000b47e       0xc2 f:/下载工具包/CH583EVT/EVT/EXAM/BLE/LIB\libCH58xBLE.a(gattservapp.o)
                0x000000000000b47e                GATT_FindNextAttr
 .text.GATTServApp_ReadAttr
                0x000000000000b540      0x2ea f:/下载工具包/CH583EVT/EVT/EXAM/BLE/LIB\libCH58xBLE.a(gattservapp.o)
                0x000000000000b540                GATTServApp_ReadAttr
 .text.gattServApp_ProcessReadMultiReq
                0x000000000000b82a      0x16e f:/下载工具包/CH583EVT/EVT/EXAM/BLE/LIB\libCH58xBLE.a(gattservapp.o)
                0x000000000000b82a                gattServApp_ProcessReadMultiReq
 .text.gattServApp_ProcessFindByTypeValueReq
                0x000000000000b998      0x1a0 f:/下载工具包/CH583EVT/EVT/EXAM/BLE/LIB\libCH58xBLE.a(gattservapp.o)
                0x000000000000b998                gattServApp_ProcessFindByTypeValueReq
 .text.GATT_VerifyReadPermissions
                0x000000000000bb38       0x68 f:/下载工具包/CH583EVT/EVT/EXAM/BLE/LIB\libCH58xBLE.a(gattservapp.o)
                0x000000000000bb38                GATT_VerifyReadPermissions
 .text.gattProcessReadMultiReq
                0x000000000000bba0       0xae f:/下载工具包/CH583EVT/EVT/EXAM/BLE/LIB\libCH58xBLE.a(gattservapp.o)
 .text.gattProcessReadReq
                0x000000000000bc4e       0x30 f:/下载工具包/CH583EVT/EVT/EXAM/BLE/LIB\libCH58xBLE.a(gattservapp.o)
 .text.gattServApp_ProcessReadByGrpTypeReq
                0x000000000000bc7e      0x200 f:/下载工具包/CH583EVT/EVT/EXAM/BLE/LIB\libCH58xBLE.a(gattservapp.o)
                0x000000000000bc7e                gattServApp_ProcessReadByGrpTypeReq
 .text.gattServApp_ProcessReadByTypeReq
                0x000000000000be7e      0x1ae f:/下载工具包/CH583EVT/EVT/EXAM/BLE/LIB\libCH58xBLE.a(gattservapp.o)
                0x000000000000be7e                gattServApp_ProcessReadByTypeReq
 .text.GATT_RegisterService
                0x000000000000c02c      0x100 f:/下载工具包/CH583EVT/EVT/EXAM/BLE/LIB\libCH58xBLE.a(gattservapp.o)
                0x000000000000c02c                GATT_RegisterService
 .text.GATTServApp_RegisterService
                0x000000000000c12c       0x7c f:/下载工具包/CH583EVT/EVT/EXAM/BLE/LIB\libCH58xBLE.a(gattservapp.o)
                0x000000000000c12c                GATTServApp_RegisterService
 .text.GATTServApp_AddService
                0x000000000000c1a8       0x2c f:/下载工具包/CH583EVT/EVT/EXAM/BLE/LIB\libCH58xBLE.a(gattservapp.o)
                0x000000000000c1a8                GATTServApp_AddService
 .text.GATTServApp_RegisterForMsg
                0x000000000000c1d4        0x6 f:/下载工具包/CH583EVT/EVT/EXAM/BLE/LIB\libCH58xBLE.a(gattservapp.o)
                0x000000000000c1d4                GATTServApp_RegisterForMsg
 .text.GATTServApp_InitCharCfg
                0x000000000000c1da       0x28 f:/下载工具包/CH583EVT/EVT/EXAM/BLE/LIB\libCH58xBLE.a(gattservapp.o)
                0x000000000000c1da                GATTServApp_InitCharCfg
 .text.gattServApp_HandleConnStatusCB
                0x000000000000c202       0x74 f:/下载工具包/CH583EVT/EVT/EXAM/BLE/LIB\libCH58xBLE.a(gattservapp.o)
                0x000000000000c202                gattServApp_HandleConnStatusCB
 .text.GATT_InitServer
                0x000000000000c276       0xfa f:/下载工具包/CH583EVT/EVT/EXAM/BLE/LIB\libCH58xBLE.a(gattservapp.o)
                0x000000000000c276                GATT_InitServer
 .text.GATTServApp_Init
                0x000000000000c370       0x34 f:/下载工具包/CH583EVT/EVT/EXAM/BLE/LIB\libCH58xBLE.a(gattservapp.o)
                0x000000000000c370                GATTServApp_Init
 .text.GATTServApp_ProcessEvent
                0x000000000000c3a4      0x36a f:/下载工具包/CH583EVT/EVT/EXAM/BLE/LIB\libCH58xBLE.a(gattservapp.o)
                0x000000000000c3a4                GATTServApp_ProcessEvent
 .text.l2capAllocConnChannel
                0x000000000000c70e       0xdc f:/下载工具包/CH583EVT/EVT/EXAM/BLE/LIB\libCH58xBLE.a(l2cap.o)
                0x000000000000c70e                l2capAllocConnChannel
 .text.l2capFindLocalCID
                0x000000000000c7ea       0x2c f:/下载工具包/CH583EVT/EVT/EXAM/BLE/LIB\libCH58xBLE.a(l2cap.o)
                0x000000000000c7ea                l2capFindLocalCID
 .text.l2capFindLocalId
                0x000000000000c816       0x30 f:/下载工具包/CH583EVT/EVT/EXAM/BLE/LIB\libCH58xBLE.a(l2cap.o)
                0x000000000000c816                l2capFindLocalId
 .text.l2capFindPsm
                0x000000000000c846       0x2c f:/下载工具包/CH583EVT/EVT/EXAM/BLE/LIB\libCH58xBLE.a(l2cap.o)
                0x000000000000c846                l2capFindPsm
 .text.l2capFindRemoteCID
                0x000000000000c872       0x3c f:/下载工具包/CH583EVT/EVT/EXAM/BLE/LIB\libCH58xBLE.a(l2cap.o)
                0x000000000000c872                l2capFindRemoteCID
 .text.l2capFreeChannel
                0x000000000000c8ae       0x4e f:/下载工具包/CH583EVT/EVT/EXAM/BLE/LIB\libCH58xBLE.a(l2cap.o)
                0x000000000000c8ae                l2capFreeChannel
 .text.l2capDisconnectChannel
                0x000000000000c8fc       0x28 f:/下载工具包/CH583EVT/EVT/EXAM/BLE/LIB\libCH58xBLE.a(l2cap.o)
                0x000000000000c8fc                l2capDisconnectChannel
 .text.l2capHandleTimerCB
                0x000000000000c924       0x2c f:/下载工具包/CH583EVT/EVT/EXAM/BLE/LIB\libCH58xBLE.a(l2cap.o)
                0x000000000000c924                l2capHandleTimerCB
 .text.l2capFreePendingPkt
                0x000000000000c950       0x58 f:/下载工具包/CH583EVT/EVT/EXAM/BLE/LIB\libCH58xBLE.a(l2cap.o)
                0x000000000000c950                l2capFreePendingPkt
 .text.l2capGetCoChannelInfo
                0x000000000000c9a8       0x82 f:/下载工具包/CH583EVT/EVT/EXAM/BLE/LIB\libCH58xBLE.a(l2cap.o)
                0x000000000000c9a8                l2capGetCoChannelInfo
 .text.l2capNumActiveChannnels
                0x000000000000ca2a       0x44 f:/下载工具包/CH583EVT/EVT/EXAM/BLE/LIB\libCH58xBLE.a(l2cap.o)
                0x000000000000ca2a                l2capNumActiveChannnels
 .text.l2capStartTimer
                0x000000000000ca6e       0x1a f:/下载工具包/CH583EVT/EVT/EXAM/BLE/LIB\libCH58xBLE.a(l2cap.o)
                0x000000000000ca6e                l2capStartTimer
 .text.l2capStopTimer
                0x000000000000ca88       0x1e f:/下载工具包/CH583EVT/EVT/EXAM/BLE/LIB\libCH58xBLE.a(l2cap.o)
                0x000000000000ca88                l2capStopTimer
 .text.l2capDisconnectAllChannels
                0x000000000000caa6       0xdc f:/下载工具包/CH583EVT/EVT/EXAM/BLE/LIB\libCH58xBLE.a(l2cap.o)
                0x000000000000caa6                l2capDisconnectAllChannels
 .text.l2capHandleConnStatusCB
                0x000000000000cb82       0x3c f:/下载工具包/CH583EVT/EVT/EXAM/BLE/LIB\libCH58xBLE.a(l2cap.o)
                0x000000000000cb82                l2capHandleConnStatusCB
 .text.l2capHandleRxError
                0x000000000000cbbe        0x6 f:/下载工具包/CH583EVT/EVT/EXAM/BLE/LIB\libCH58xBLE.a(l2cap.o)
                0x000000000000cbbe                l2capHandleRxError
 .text.L2CAP_GetMTU
                0x000000000000cbc4        0x6 f:/下载工具包/CH583EVT/EVT/EXAM/BLE/LIB\libCH58xBLE.a(l2cap.o)
                0x000000000000cbc4                L2CAP_GetMTU
 .text.L2CAP_HostNumCompletedPkts
                0x000000000000cbca       0x28 f:/下载工具包/CH583EVT/EVT/EXAM/BLE/LIB\libCH58xBLE.a(l2cap.o)
                0x000000000000cbca                L2CAP_HostNumCompletedPkts
 .text.L2CAP_ParseConnectReq
                0x000000000000cbf2       0x5e f:/下载工具包/CH583EVT/EVT/EXAM/BLE/LIB\libCH58xBLE.a(l2cap.o)
                0x000000000000cbf2                L2CAP_ParseConnectReq
 .text.L2CAP_ParseFlowCtrlCredit
                0x000000000000cc50       0x2e f:/下载工具包/CH583EVT/EVT/EXAM/BLE/LIB\libCH58xBLE.a(l2cap.o)
                0x000000000000cc50                L2CAP_ParseFlowCtrlCredit
 .text.L2CAP_RegisterApp
                0x000000000000cc7e       0x30 f:/下载工具包/CH583EVT/EVT/EXAM/BLE/LIB\libCH58xBLE.a(l2cap.o)
                0x000000000000cc7e                L2CAP_RegisterApp
 .text.L2CAP_SetBufSize
                0x000000000000ccae       0x1e f:/下载工具包/CH583EVT/EVT/EXAM/BLE/LIB\libCH58xBLE.a(l2cap.o)
                0x000000000000ccae                L2CAP_SetBufSize
 .text.L2CAP_bm_alloc
                0x000000000000cccc       0x2a f:/下载工具包/CH583EVT/EVT/EXAM/BLE/LIB\libCH58xBLE.a(l2cap.o)
                0x000000000000cccc                L2CAP_bm_alloc
 .text.L2CAP_Init
                0x000000000000ccf6      0x142 f:/下载工具包/CH583EVT/EVT/EXAM/BLE/LIB\libCH58xBLE.a(l2cap.o)
                0x000000000000ccf6                L2CAP_Init
 .text.L2CAP_ProcessEvent
                0x000000000000ce38       0xc8 f:/下载工具包/CH583EVT/EVT/EXAM/BLE/LIB\libCH58xBLE.a(l2cap.o)
                0x000000000000ce38                L2CAP_ProcessEvent
 .text.l2capParseCmdReject
                0x000000000000cf00       0x5e f:/下载工具包/CH583EVT/EVT/EXAM/BLE/LIB\libCH58xBLE.a(l2cap_input.o)
                0x000000000000cf00                l2capParseCmdReject
 .text.l2capParseDisconnectReq
                0x000000000000cf5e       0x2e f:/下载工具包/CH583EVT/EVT/EXAM/BLE/LIB\libCH58xBLE.a(l2cap_input.o)
                0x000000000000cf5e                l2capParseDisconnectReq
 .text.l2capParseDisconnectRsp
                0x000000000000cf8c       0x2e f:/下载工具包/CH583EVT/EVT/EXAM/BLE/LIB\libCH58xBLE.a(l2cap_input.o)
                0x000000000000cf8c                l2capParseDisconnectRsp
 .text.L2CAP_ParseParamUpdateReq
                0x000000000000cfba       0x4e f:/下载工具包/CH583EVT/EVT/EXAM/BLE/LIB\libCH58xBLE.a(l2cap_input.o)
                0x000000000000cfba                L2CAP_ParseParamUpdateReq
 .text.l2capParseParamUpdateRsp
                0x000000000000d008       0x1e f:/下载工具包/CH583EVT/EVT/EXAM/BLE/LIB\libCH58xBLE.a(l2cap_input.o)
                0x000000000000d008                l2capParseParamUpdateRsp
 .text.l2capProcessConnectReq
                0x000000000000d026       0xfc f:/下载工具包/CH583EVT/EVT/EXAM/BLE/LIB\libCH58xBLE.a(l2cap_input.o)
                0x000000000000d026                l2capProcessConnectReq
 .text.l2capParseConnectRsp
                0x000000000000d122       0x5e f:/下载工具包/CH583EVT/EVT/EXAM/BLE/LIB\libCH58xBLE.a(l2cap_input.o)
                0x000000000000d122                l2capParseConnectRsp
 .text.l2capParseSignalHdr
                0x000000000000d180       0x22 f:/下载工具包/CH583EVT/EVT/EXAM/BLE/LIB\libCH58xBLE.a(l2cap_input.o)
                0x000000000000d180                l2capParseSignalHdr
 .text.l2capParsePacket
                0x000000000000d1a2       0x8c f:/下载工具包/CH583EVT/EVT/EXAM/BLE/LIB\libCH58xBLE.a(l2cap_input.o)
                0x000000000000d1a2                l2capParsePacket
 .text.l2capProcessReq
                0x000000000000d22e      0x15a f:/下载工具包/CH583EVT/EVT/EXAM/BLE/LIB\libCH58xBLE.a(l2cap_input.o)
                0x000000000000d22e                l2capProcessReq
 .text.l2capProcessRsp
                0x000000000000d388      0x150 f:/下载工具包/CH583EVT/EVT/EXAM/BLE/LIB\libCH58xBLE.a(l2cap_input.o)
                0x000000000000d388                l2capProcessRsp
 .text.l2capProcessRxData
                0x000000000000d4d8       0xf8 f:/下载工具包/CH583EVT/EVT/EXAM/BLE/LIB\libCH58xBLE.a(l2cap_input.o)
                0x000000000000d4d8                l2capProcessRxData
 .text.l2capNotifyData
                0x000000000000d5d0       0x5e f:/下载工具包/CH583EVT/EVT/EXAM/BLE/LIB\libCH58xBLE.a(l2cap_output.o)
                0x000000000000d5d0                l2capNotifyData
 .text.l2capNotifySignal
                0x000000000000d62e       0x7a f:/下载工具包/CH583EVT/EVT/EXAM/BLE/LIB\libCH58xBLE.a(l2cap_output.o)
                0x000000000000d62e                l2capNotifySignal
 .text.l2capNotifyCreditEvt
                0x000000000000d6a8       0xa0 f:/下载工具包/CH583EVT/EVT/EXAM/BLE/LIB\libCH58xBLE.a(l2cap_output.o)
                0x000000000000d6a8                l2capNotifyCreditEvt
 .text.l2capNotifyChannelEstEvt
                0x000000000000d748       0x5c f:/下载工具包/CH583EVT/EVT/EXAM/BLE/LIB\libCH58xBLE.a(l2cap_output.o)
                0x000000000000d748                l2capNotifyChannelEstEvt
 .text.l2capNotifyChannelTermEvt
                0x000000000000d7a4       0x3e f:/下载工具包/CH583EVT/EVT/EXAM/BLE/LIB\libCH58xBLE.a(l2cap_output.o)
                0x000000000000d7a4                l2capNotifyChannelTermEvt
 .text.l2capNotifyEvent
                0x000000000000d7e2       0x66 f:/下载工具包/CH583EVT/EVT/EXAM/BLE/LIB\libCH58xBLE.a(l2cap_output.o)
                0x000000000000d7e2                l2capNotifyEvent
 .text.l2capStoreFCPkt
                0x000000000000d848       0x32 f:/下载工具包/CH583EVT/EVT/EXAM/BLE/LIB\libCH58xBLE.a(l2cap_output.o)
                0x000000000000d848                l2capStoreFCPkt
 .text.l2capFreeTxSDU
                0x000000000000d87a       0x9e f:/下载工具包/CH583EVT/EVT/EXAM/BLE/LIB\libCH58xBLE.a(l2cap_output.o)
                0x000000000000d87a                l2capFreeTxSDU
 .text.l2capReassembleSegment
                0x000000000000d918      0x174 f:/下载工具包/CH583EVT/EVT/EXAM/BLE/LIB\libCH58xBLE.a(l2cap_output.o)
                0x000000000000d918                l2capReassembleSegment
 .text.l2capEncapSendData
                0x000000000000da8c       0xec f:/下载工具包/CH583EVT/EVT/EXAM/BLE/LIB\libCH58xBLE.a(l2cap_output.o)
                0x000000000000da8c                l2capEncapSendData
 .text.l2capSendFCPkt.part.3
                0x000000000000db78       0x70 f:/下载工具包/CH583EVT/EVT/EXAM/BLE/LIB\libCH58xBLE.a(l2cap_output.o)
 .text.l2capSendSegment
                0x000000000000dbe8      0x108 f:/下载工具包/CH583EVT/EVT/EXAM/BLE/LIB\libCH58xBLE.a(l2cap_output.o)
                0x000000000000dbe8                l2capSendSegment
 .text.l2capSendNextSegment
                0x000000000000dcf0       0xb4 f:/下载工具包/CH583EVT/EVT/EXAM/BLE/LIB\libCH58xBLE.a(l2cap_output.o)
                0x000000000000dcf0                l2capSendNextSegment
 .text.l2capSendPkt
                0x000000000000dda4       0x3a f:/下载工具包/CH583EVT/EVT/EXAM/BLE/LIB\libCH58xBLE.a(l2cap_output.o)
                0x000000000000dda4                l2capSendPkt
 .text.L2CAP_SendData
                0x000000000000ddde       0x82 f:/下载工具包/CH583EVT/EVT/EXAM/BLE/LIB\libCH58xBLE.a(l2cap_output.o)
                0x000000000000ddde                L2CAP_SendData
 .text.l2capSendCmd
                0x000000000000de60       0x8a f:/下载工具包/CH583EVT/EVT/EXAM/BLE/LIB\libCH58xBLE.a(l2cap_output.o)
                0x000000000000de60                l2capSendCmd
 .text.l2capSendReq
                0x000000000000deea       0xbc f:/下载工具包/CH583EVT/EVT/EXAM/BLE/LIB\libCH58xBLE.a(l2cap_output.o)
                0x000000000000deea                l2capSendReq
 .text.l2capBuildDisconnectReq
                0x000000000000dfa6       0x28 f:/下载工具包/CH583EVT/EVT/EXAM/BLE/LIB\libCH58xBLE.a(l2cap_sdu.o)
 .text.l2capBuildParamUpdateReq
                0x000000000000dfce       0x4c f:/下载工具包/CH583EVT/EVT/EXAM/BLE/LIB\libCH58xBLE.a(l2cap_sdu.o)
 .text.l2capBuildParamUpdateRsp
                0x000000000000e01a       0x16 f:/下载工具包/CH583EVT/EVT/EXAM/BLE/LIB\libCH58xBLE.a(l2cap_sdu.o)
 .text.l2capBuildConnectRsp
                0x000000000000e030       0x5e f:/下载工具包/CH583EVT/EVT/EXAM/BLE/LIB\libCH58xBLE.a(l2cap_sdu.o)
 .text.l2capBuildCmdReject
                0x000000000000e08e       0x62 f:/下载工具包/CH583EVT/EVT/EXAM/BLE/LIB\libCH58xBLE.a(l2cap_sdu.o)
                0x000000000000e08e                l2capBuildCmdReject
 .text.l2capBuildDisconnectRsp
                0x000000000000e0f0       0x28 f:/下载工具包/CH583EVT/EVT/EXAM/BLE/LIB\libCH58xBLE.a(l2cap_sdu.o)
                0x000000000000e0f0                l2capBuildDisconnectRsp
 .text.l2capSendConnectRsp
                0x000000000000e118       0xa6 f:/下载工具包/CH583EVT/EVT/EXAM/BLE/LIB\libCH58xBLE.a(l2cap_sdu.o)
                0x000000000000e118                l2capSendConnectRsp
 .text.L2CAP_CmdReject
                0x000000000000e1be       0x12 f:/下载工具包/CH583EVT/EVT/EXAM/BLE/LIB\libCH58xBLE.a(l2cap_sdu.o)
                0x000000000000e1be                L2CAP_CmdReject
 .text.L2CAP_DisconnectReq
                0x000000000000e1d0       0x2a f:/下载工具包/CH583EVT/EVT/EXAM/BLE/LIB\libCH58xBLE.a(l2cap_sdu.o)
                0x000000000000e1d0                L2CAP_DisconnectReq
 .text.L2CAP_ConnParamUpdateReq
                0x000000000000e1fa       0x16 f:/下载工具包/CH583EVT/EVT/EXAM/BLE/LIB\libCH58xBLE.a(l2cap_sdu.o)
                0x000000000000e1fa                L2CAP_ConnParamUpdateReq
 .text.L2CAP_ConnParamUpdateRsp
                0x000000000000e210       0x12 f:/下载工具包/CH583EVT/EVT/EXAM/BLE/LIB\libCH58xBLE.a(l2cap_sdu.o)
                0x000000000000e210                L2CAP_ConnParamUpdateRsp
 .text.reportStatusChange
                0x000000000000e222       0x3e f:/下载工具包/CH583EVT/EVT/EXAM/BLE/LIB\libCH58xBLE.a(linkdb.o)
 .text.linkDB_Init
                0x000000000000e260       0xa0 f:/下载工具包/CH583EVT/EVT/EXAM/BLE/LIB\libCH58xBLE.a(linkdb.o)
                0x000000000000e260                linkDB_Init
 .text.linkDB_Find
                0x000000000000e300       0x30 f:/下载工具包/CH583EVT/EVT/EXAM/BLE/LIB\libCH58xBLE.a(linkdb.o)
                0x000000000000e300                linkDB_Find
 .text.linkDB_Authen
                0x000000000000e330       0x5c f:/下载工具包/CH583EVT/EVT/EXAM/BLE/LIB\libCH58xBLE.a(linkdb.o)
                0x000000000000e330                linkDB_Authen
 .text.linkDB_FindByAddr
                0x000000000000e38c       0x7e f:/下载工具包/CH583EVT/EVT/EXAM/BLE/LIB\libCH58xBLE.a(linkdb.o)
                0x000000000000e38c                linkDB_FindByAddr
 .text.linkDB_FindFirst
                0x000000000000e40a       0x3c f:/下载工具包/CH583EVT/EVT/EXAM/BLE/LIB\libCH58xBLE.a(linkdb.o)
                0x000000000000e40a                linkDB_FindFirst
 .text.linkDB_MTU
                0x000000000000e446       0x18 f:/下载工具包/CH583EVT/EVT/EXAM/BLE/LIB\libCH58xBLE.a(linkdb.o)
                0x000000000000e446                linkDB_MTU
 .text.linkDB_NumActive
                0x000000000000e45e       0x32 f:/下载工具包/CH583EVT/EVT/EXAM/BLE/LIB\libCH58xBLE.a(linkdb.o)
                0x000000000000e45e                linkDB_NumActive
 .text.linkDB_NumConns
                0x000000000000e490        0xa f:/下载工具包/CH583EVT/EVT/EXAM/BLE/LIB\libCH58xBLE.a(linkdb.o)
                0x000000000000e490                linkDB_NumConns
 .text.linkDB_Register
                0x000000000000e49a       0x28 f:/下载工具包/CH583EVT/EVT/EXAM/BLE/LIB\libCH58xBLE.a(linkdb.o)
                0x000000000000e49a                linkDB_Register
 .text.linkDB_Remove
                0x000000000000e4c2       0x4c f:/下载工具包/CH583EVT/EVT/EXAM/BLE/LIB\libCH58xBLE.a(linkdb.o)
                0x000000000000e4c2                linkDB_Remove
 .text.linkDB_Role
                0x000000000000e50e       0x18 f:/下载工具包/CH583EVT/EVT/EXAM/BLE/LIB\libCH58xBLE.a(linkdb.o)
                0x000000000000e50e                linkDB_Role
 .text.linkDB_State
                0x000000000000e526       0x30 f:/下载工具包/CH583EVT/EVT/EXAM/BLE/LIB\libCH58xBLE.a(linkdb.o)
                0x000000000000e526                linkDB_State
 .text.linkDB_UpdateMTU
                0x000000000000e556       0x28 f:/下载工具包/CH583EVT/EVT/EXAM/BLE/LIB\libCH58xBLE.a(linkdb.o)
                0x000000000000e556                linkDB_UpdateMTU
 .text.linkDB_PerformFunc
                0x000000000000e57e       0x56 f:/下载工具包/CH583EVT/EVT/EXAM/BLE/LIB\libCH58xBLE.a(linkdb.o)
                0x000000000000e57e                linkDB_PerformFunc
 .text.linkDB_PeripheralLinkNum
                0x000000000000e5d4       0x42 f:/下载工具包/CH583EVT/EVT/EXAM/BLE/LIB\libCH58xBLE.a(linkdb.o)
                0x000000000000e5d4                linkDB_PeripheralLinkNum
 .text.linkDB_GetSMEvtID
                0x000000000000e616       0x5c f:/下载工具包/CH583EVT/EVT/EXAM/BLE/LIB\libCH58xBLE.a(linkdb.o)
                0x000000000000e616                linkDB_GetSMEvtID
 .text.linkDB_Add
                0x000000000000e672       0xb2 f:/下载工具包/CH583EVT/EVT/EXAM/BLE/LIB\libCH58xBLE.a(linkdb.o)
                0x000000000000e672                linkDB_Add
 .text.linkDB_GetHandleFromSMEvtID
                0x000000000000e724       0x36 f:/下载工具包/CH583EVT/EVT/EXAM/BLE/LIB\libCH58xBLE.a(linkdb.o)
                0x000000000000e724                linkDB_GetHandleFromSMEvtID
 .text.linkDB_GetPairingParam
                0x000000000000e75a       0x72 f:/下载工具包/CH583EVT/EVT/EXAM/BLE/LIB\libCH58xBLE.a(linkdb.o)
                0x000000000000e75a                linkDB_GetPairingParam
 .text.linkDB_NeedSendKey
                0x000000000000e7cc       0x48 f:/下载工具包/CH583EVT/EVT/EXAM/BLE/LIB\libCH58xBLE.a(linkdb.o)
                0x000000000000e7cc                linkDB_NeedSendKey
 .text.smStartRspTimer
                0x000000000000e814       0x3a f:/下载工具包/CH583EVT/EVT/EXAM/BLE/LIB\libCH58xBLE.a(sm.o)
 .text.smStartEncryption
                0x000000000000e84e       0xa0 f:/下载工具包/CH583EVT/EVT/EXAM/BLE/LIB\libCH58xBLE.a(sm.o)
 .text.smFreePairingParams
                0x000000000000e8ee       0x7e f:/下载工具包/CH583EVT/EVT/EXAM/BLE/LIB\libCH58xBLE.a(sm.o)
                0x000000000000e8ee                smFreePairingParams
 .text.smEndPairing
                0x000000000000e96c       0x60 f:/下载工具包/CH583EVT/EVT/EXAM/BLE/LIB\libCH58xBLE.a(sm.o)
                0x000000000000e96c                smEndPairing
 .text.smLinkCheck
                0x000000000000e9cc       0x34 f:/下载工具包/CH583EVT/EVT/EXAM/BLE/LIB\libCH58xBLE.a(sm.o)
                0x000000000000e9cc                smLinkCheck
 .text.smNextPairingState
                0x000000000000ea00       0x58 f:/下载工具包/CH583EVT/EVT/EXAM/BLE/LIB\libCH58xBLE.a(sm.o)
                0x000000000000ea00                smNextPairingState
 .text.smProcessEncryptChange
                0x000000000000ea58       0xf0 f:/下载工具包/CH583EVT/EVT/EXAM/BLE/LIB\libCH58xBLE.a(sm.o)
                0x000000000000ea58                smProcessEncryptChange
 .text.smSendSMMsg
                0x000000000000eb48       0x5c f:/下载工具包/CH583EVT/EVT/EXAM/BLE/LIB\libCH58xBLE.a(sm.o)
                0x000000000000eb48                smSendSMMsg
 .text.smSendFailAndEnd
                0x000000000000eba4       0x38 f:/下载工具包/CH583EVT/EVT/EXAM/BLE/LIB\libCH58xBLE.a(sm.o)
                0x000000000000eba4                smSendFailAndEnd
 .text.smProcessPairingReq
                0x000000000000ebdc       0x3c f:/下载工具包/CH583EVT/EVT/EXAM/BLE/LIB\libCH58xBLE.a(sm.o)
                0x000000000000ebdc                smProcessPairingReq
 .text.smSetPairingReqRsp
                0x000000000000ec18       0x3c f:/下载工具包/CH583EVT/EVT/EXAM/BLE/LIB\libCH58xBLE.a(sm.o)
                0x000000000000ec18                smSetPairingReqRsp
 .text.SM_StartEncryption
                0x000000000000ec54       0x16 f:/下载工具包/CH583EVT/EVT/EXAM/BLE/LIB\libCH58xBLE.a(sm.o)
                0x000000000000ec54                SM_StartEncryption
 .text.sm_dhkey
                0x000000000000ec6a       0x3a f:/下载工具包/CH583EVT/EVT/EXAM/BLE/LIB\libCH58xBLE.a(sm.o)
                0x000000000000ec6a                sm_dhkey
 .text.sm_c1    0x000000000000eca4       0xb4 f:/下载工具包/CH583EVT/EVT/EXAM/BLE/LIB\libCH58xBLE.a(sm.o)
                0x000000000000eca4                sm_c1
 .text.smDetermineKeySize
                0x000000000000ed58       0x20 f:/下载工具包/CH583EVT/EVT/EXAM/BLE/LIB\libCH58xBLE.a(sm.o)
                0x000000000000ed58                smDetermineKeySize
 .text.smpParsePairingReq
                0x000000000000ed78      0x118 f:/下载工具包/CH583EVT/EVT/EXAM/BLE/LIB\libCH58xBLE.a(sm.o)
                0x000000000000ed78                smpParsePairingReq
 .text.smpParseEncInfo
                0x000000000000ee90       0x2a f:/下载工具包/CH583EVT/EVT/EXAM/BLE/LIB\libCH58xBLE.a(sm.o)
                0x000000000000ee90                smpParseEncInfo
 .text.smpParseIdentityAddrInfo
                0x000000000000eeba       0x34 f:/下载工具包/CH583EVT/EVT/EXAM/BLE/LIB\libCH58xBLE.a(sm.o)
                0x000000000000eeba                smpParseIdentityAddrInfo
 .text.smpParseIdentityInfo
                0x000000000000eeee       0x2a f:/下载工具包/CH583EVT/EVT/EXAM/BLE/LIB\libCH58xBLE.a(sm.o)
                0x000000000000eeee                smpParseIdentityInfo
 .text.smpParseMasterID
                0x000000000000ef18       0x3c f:/下载工具包/CH583EVT/EVT/EXAM/BLE/LIB\libCH58xBLE.a(sm.o)
                0x000000000000ef18                smpParseMasterID
 .text.smpParsePairingConfirm
                0x000000000000ef54       0x2a f:/下载工具包/CH583EVT/EVT/EXAM/BLE/LIB\libCH58xBLE.a(sm.o)
                0x000000000000ef54                smpParsePairingConfirm
 .text.smpParsePairingFailed
                0x000000000000ef7e       0x1c f:/下载工具包/CH583EVT/EVT/EXAM/BLE/LIB\libCH58xBLE.a(sm.o)
                0x000000000000ef7e                smpParsePairingFailed
 .text.smpParsePairingRandom
                0x000000000000ef9a       0x2a f:/下载工具包/CH583EVT/EVT/EXAM/BLE/LIB\libCH58xBLE.a(sm.o)
                0x000000000000ef9a                smpParsePairingRandom
 .text.smpParseSigningInfo
                0x000000000000efc4       0x2a f:/下载工具包/CH583EVT/EVT/EXAM/BLE/LIB\libCH58xBLE.a(sm.o)
                0x000000000000efc4                smpParseSigningInfo
 .text.smpParsePairingPublicKey
                0x000000000000efee       0x2c f:/下载工具包/CH583EVT/EVT/EXAM/BLE/LIB\libCH58xBLE.a(sm.o)
                0x000000000000efee                smpParsePairingPublicKey
 .text.smpParsePairingDHKeyCheck
                0x000000000000f01a       0x2a f:/下载工具包/CH583EVT/EVT/EXAM/BLE/LIB\libCH58xBLE.a(sm.o)
                0x000000000000f01a                smpParsePairingDHKeyCheck
 .text.smProcessDataMsg
                0x000000000000f044       0xfc f:/下载工具包/CH583EVT/EVT/EXAM/BLE/LIB\libCH58xBLE.a(sm.o)
                0x000000000000f044                smProcessDataMsg
 .text.smProcessTMOSMsg
                0x000000000000f140      0x164 f:/下载工具包/CH583EVT/EVT/EXAM/BLE/LIB\libCH58xBLE.a(sm.o)
                0x000000000000f140                smProcessTMOSMsg
 .text.SM_CalcRandomAddr
                0x000000000000f2a4       0x54 f:/下载工具包/CH583EVT/EVT/EXAM/BLE/LIB\libCH58xBLE.a(sm.o)
                0x000000000000f2a4                SM_CalcRandomAddr
 .text.SM_GenerateAuthenSig
                0x000000000000f2f8       0xe6 f:/下载工具包/CH583EVT/EVT/EXAM/BLE/LIB\libCH58xBLE.a(sm.o)
                0x000000000000f2f8                SM_GenerateAuthenSig
 .text.SM_PasskeyUpdate
                0x000000000000f3de       0xe8 f:/下载工具包/CH583EVT/EVT/EXAM/BLE/LIB\libCH58xBLE.a(sm.o)
                0x000000000000f3de                SM_PasskeyUpdate
 .text.SM_ResolveRandomAddrs
                0x000000000000f4c6       0x5e f:/下载工具包/CH583EVT/EVT/EXAM/BLE/LIB\libCH58xBLE.a(sm.o)
                0x000000000000f4c6                SM_ResolveRandomAddrs
 .text.SM_StartPairing
                0x000000000000f524       0xc2 f:/下载工具包/CH583EVT/EVT/EXAM/BLE/LIB\libCH58xBLE.a(sm.o)
                0x000000000000f524                SM_StartPairing
 .text.SM_VerifyAuthenSig
                0x000000000000f5e6      0x150 f:/下载工具包/CH583EVT/EVT/EXAM/BLE/LIB\libCH58xBLE.a(sm.o)
                0x000000000000f5e6                SM_VerifyAuthenSig
 .text.SM_ProcessEvent
                0x000000000000f736       0xb4 f:/下载工具包/CH583EVT/EVT/EXAM/BLE/LIB\libCH58xBLE.a(sm.o)
                0x000000000000f736                SM_ProcessEvent
 .text.SM_ParamInit
                0x000000000000f7ea       0x5a f:/下载工具包/CH583EVT/EVT/EXAM/BLE/LIB\libCH58xBLE.a(sm.o)
                0x000000000000f7ea                SM_ParamInit
 .text.SM_InitiatorInit
                0x000000000000f844       0x1e f:/下载工具包/CH583EVT/EVT/EXAM/BLE/LIB\libCH58xBLE.a(sm.o)
                0x000000000000f844                SM_InitiatorInit
 .text.SM_ResponderInit
                0x000000000000f862       0x1e f:/下载工具包/CH583EVT/EVT/EXAM/BLE/LIB\libCH58xBLE.a(sm.o)
                0x000000000000f862                SM_ResponderInit
 .text.SM_Init  0x000000000000f880       0x2a f:/下载工具包/CH583EVT/EVT/EXAM/BLE/LIB\libCH58xBLE.a(sm.o)
                0x000000000000f880                SM_Init
 .text.smpInitiatorProcessPairingRsp
                0x000000000000f8aa      0x278 f:/下载工具包/CH583EVT/EVT/EXAM/BLE/LIB\libCH58xBLE.a(sm_initiator.o)
                0x000000000000f8aa                smpInitiatorProcessPairingRsp
 .text.smInitiatorSendNextKeyInfo
                0x000000000000fb22      0x26a f:/下载工具包/CH583EVT/EVT/EXAM/BLE/LIB\libCH58xBLE.a(sm_initiator.o)
                0x000000000000fb22                smInitiatorSendNextKeyInfo
 .text.setupInitiatorKeys
                0x000000000000fd8c       0x88 f:/下载工具包/CH583EVT/EVT/EXAM/BLE/LIB\libCH58xBLE.a(sm_initiator.o)
 .text.smpInitiatorProcessIncoming
                0x000000000000fe14      0x410 f:/下载工具包/CH583EVT/EVT/EXAM/BLE/LIB\libCH58xBLE.a(sm_initiator.o)
                0x000000000000fe14                smpInitiatorProcessIncoming
 .text.smpBuildPairingReqRsp
                0x0000000000010224       0xc6 f:/下载工具包/CH583EVT/EVT/EXAM/BLE/LIB\libCH58xBLE.a(sm_pdu.o)
 .text.smpBuildPairingReq
                0x00000000000102ea        0xa f:/下载工具包/CH583EVT/EVT/EXAM/BLE/LIB\libCH58xBLE.a(sm_pdu.o)
                0x00000000000102ea                smpBuildPairingReq
 .text.smpBuildPairingRsp
                0x00000000000102f4        0xa f:/下载工具包/CH583EVT/EVT/EXAM/BLE/LIB\libCH58xBLE.a(sm_pdu.o)
                0x00000000000102f4                smpBuildPairingRsp
 .text.smpBuildPairingConfirm
                0x00000000000102fe       0x30 f:/下载工具包/CH583EVT/EVT/EXAM/BLE/LIB\libCH58xBLE.a(sm_pdu.o)
                0x00000000000102fe                smpBuildPairingConfirm
 .text.smpBuildPairingRandom
                0x000000000001032e       0x30 f:/下载工具包/CH583EVT/EVT/EXAM/BLE/LIB\libCH58xBLE.a(sm_pdu.o)
                0x000000000001032e                smpBuildPairingRandom
 .text.smpBuildEncInfo
                0x000000000001035e       0x30 f:/下载工具包/CH583EVT/EVT/EXAM/BLE/LIB\libCH58xBLE.a(sm_pdu.o)
                0x000000000001035e                smpBuildEncInfo
 .text.smpBuildMasterID
                0x000000000001038e       0x44 f:/下载工具包/CH583EVT/EVT/EXAM/BLE/LIB\libCH58xBLE.a(sm_pdu.o)
                0x000000000001038e                smpBuildMasterID
 .text.smpBuildIdentityInfo
                0x00000000000103d2       0x30 f:/下载工具包/CH583EVT/EVT/EXAM/BLE/LIB\libCH58xBLE.a(sm_pdu.o)
                0x00000000000103d2                smpBuildIdentityInfo
 .text.smpBuildIdentityAddrInfo
                0x0000000000010402       0x3a f:/下载工具包/CH583EVT/EVT/EXAM/BLE/LIB\libCH58xBLE.a(sm_pdu.o)
                0x0000000000010402                smpBuildIdentityAddrInfo
 .text.smpBuildSigningInfo
                0x000000000001043c       0x30 f:/下载工具包/CH583EVT/EVT/EXAM/BLE/LIB\libCH58xBLE.a(sm_pdu.o)
                0x000000000001043c                smpBuildSigningInfo
 .text.smpBuildPublicKey
                0x000000000001046c       0x32 f:/下载工具包/CH583EVT/EVT/EXAM/BLE/LIB\libCH58xBLE.a(sm_pdu.o)
                0x000000000001046c                smpBuildPublicKey
 .text.smpBuildDHKey
                0x000000000001049e       0x30 f:/下载工具包/CH583EVT/EVT/EXAM/BLE/LIB\libCH58xBLE.a(sm_pdu.o)
                0x000000000001049e                smpBuildDHKey
 .text.smpBuildPairingFailed
                0x00000000000104ce       0x1a f:/下载工具包/CH583EVT/EVT/EXAM/BLE/LIB\libCH58xBLE.a(sm_pdu.o)
                0x00000000000104ce                smpBuildPairingFailed
 .text.smpBuildSecurityReq
                0x00000000000104e8       0x1a f:/下载工具包/CH583EVT/EVT/EXAM/BLE/LIB\libCH58xBLE.a(sm_pdu.o)
                0x00000000000104e8                smpBuildSecurityReq
 .text.smGeneratePairingReq
                0x0000000000010502       0x30 f:/下载工具包/CH583EVT/EVT/EXAM/BLE/LIB\libCH58xBLE.a(sm_pdu.o)
                0x0000000000010502                smGeneratePairingReq
 .text.smGeneratePairingRsp
                0x0000000000010532       0x30 f:/下载工具包/CH583EVT/EVT/EXAM/BLE/LIB\libCH58xBLE.a(sm_pdu.o)
                0x0000000000010532                smGeneratePairingRsp
 .text.smGenerateConfirm
                0x0000000000010562       0x34 f:/下载工具包/CH583EVT/EVT/EXAM/BLE/LIB\libCH58xBLE.a(sm_pdu.o)
                0x0000000000010562                smGenerateConfirm
 .text.smGenerateRandMsg
                0x0000000000010596       0x34 f:/下载工具包/CH583EVT/EVT/EXAM/BLE/LIB\libCH58xBLE.a(sm_pdu.o)
                0x0000000000010596                smGenerateRandMsg
 .text.smGeneratePairingPublicKey
                0x00000000000105ca       0x60 f:/下载工具包/CH583EVT/EVT/EXAM/BLE/LIB\libCH58xBLE.a(sm_pdu.o)
                0x00000000000105ca                smGeneratePairingPublicKey
 .text.smGeneratePairingDHKeyCheck
                0x000000000001062a      0x24c f:/下载工具包/CH583EVT/EVT/EXAM/BLE/LIB\libCH58xBLE.a(sm_pdu.o)
                0x000000000001062a                smGeneratePairingDHKeyCheck
 .text.smPairingSendEncInfo
                0x0000000000010876       0x10 f:/下载工具包/CH583EVT/EVT/EXAM/BLE/LIB\libCH58xBLE.a(sm_pdu.o)
                0x0000000000010876                smPairingSendEncInfo
 .text.smPairingSendIdentityAddrInfo
                0x0000000000010886       0x38 f:/下载工具包/CH583EVT/EVT/EXAM/BLE/LIB\libCH58xBLE.a(sm_pdu.o)
                0x0000000000010886                smPairingSendIdentityAddrInfo
 .text.smPairingSendIdentityInfo
                0x00000000000108be       0x10 f:/下载工具包/CH583EVT/EVT/EXAM/BLE/LIB\libCH58xBLE.a(sm_pdu.o)
                0x00000000000108be                smPairingSendIdentityInfo
 .text.smPairingSendMasterID
                0x00000000000108ce       0x38 f:/下载工具包/CH583EVT/EVT/EXAM/BLE/LIB\libCH58xBLE.a(sm_pdu.o)
                0x00000000000108ce                smPairingSendMasterID
 .text.smPairingSendSingingInfo
                0x0000000000010906       0x10 f:/下载工具包/CH583EVT/EVT/EXAM/BLE/LIB\libCH58xBLE.a(sm_pdu.o)
                0x0000000000010906                smPairingSendSingingInfo
 .text.smResponderSendNextKeyInfo
                0x0000000000010916      0x2de f:/下载工具包/CH583EVT/EVT/EXAM/BLE/LIB\libCH58xBLE.a(sm_responding.o)
                0x0000000000010916                smResponderSendNextKeyInfo
 .text.smResponderProcessLTKReq
                0x0000000000010bf4      0x1a6 f:/下载工具包/CH583EVT/EVT/EXAM/BLE/LIB\libCH58xBLE.a(sm_responding.o)
                0x0000000000010bf4                smResponderProcessLTKReq
 .text.smpResponderProcessIncoming
                0x0000000000010d9a      0x6f6 f:/下载工具包/CH583EVT/EVT/EXAM/BLE/LIB\libCH58xBLE.a(sm_responding.o)